#-----------------------------------------------------------
# Vivado v2015.4 (64-bit)
# SW Build 1412921 on Wed Nov 18 09:43:45 MST 2015
# IP Build 1412160 on Tue Nov 17 13:47:24 MST 2015
# Start of session at: Tue Oct 18 12:58:33 2016
# Process ID: 34664
# Current directory: C:/TEMP/inf3995-02/tp/tp2
# Command line: vivado.exe -gui_launcher_event rodinguilauncherevent35608 C:\temp\inf3995-02\tp\tp2\adv7511_zed.xpr
# Log file: C:/TEMP/inf3995-02/tp/tp2/vivado.log
# Journal file: C:/TEMP/inf3995-02/tp/tp2\vivado.jou
#-----------------------------------------------------------
start_gui
open_project C:/temp/inf3995-02/tp/tp2/adv7511_zed.xpr
launch_runs impl_1 -to_step write_bitstream -jobs 4
wait_on_run impl_1
file copy -force C:/temp/inf3995-02/tp/tp2/adv7511_zed.runs/impl_1/system_top.sysdef C:/temp/inf3995-02/tp/tp2/adv7511_zed.sdk/system_top.hdf

launch_sdk -workspace C:/temp/inf3995-02/tp/tp2/adv7511_zed.sdk -hwspec C:/temp/inf3995-02/tp/tp2/adv7511_zed.sdk/system_top.hdf
launch_sdk -workspace C:/temp/inf3995-02/tp/tp2/adv7511_zed.sdk -hwspec C:/temp/inf3995-02/tp/tp2/adv7511_zed.sdk/system_top.hdf
file mkdir C:/temp/inf3995-02/tp/tp2/adv7511_zed.sdk
file copy -force C:/temp/inf3995-02/tp/tp2/adv7511_zed.runs/impl_1/system_top.sysdef C:/temp/inf3995-02/tp/tp2/adv7511_zed.sdk/system_top.hdf

launch_sdk -workspace C:/temp/inf3995-02/tp/tp2/adv7511_zed.sdk -hwspec C:/temp/inf3995-02/tp/tp2/adv7511_zed.sdk/system_top.hdf
