13:26:06 **** Clean-only build of configuration Debug for project tp2 ****
make clean 
rm -rf  ./src/bitmap.o ./src/cf_hdmi.o ./src/main.o ./src/transmitter.o  ./src/bitmap.d ./src/cf_hdmi.d ./src/main.d ./src/transmitter.d  tp2.elf.size  tp2.elf
 
13:26:06 **** Clean-only build of project tp2_bsp ****
make -k clean 
rm -f ps7_cortexa9_0/lib/libxil.a
13:26:06 **** Build of project tp2_bsp ****
make -k all 
"Running Make include in ps7_cortexa9_0/libsrc/axivdma_v6_0/src"
C:/Logiciels/Xilinx/SDK/2015.4/gnuwin/bin/make -C ps7_cortexa9_0/libsrc/axivdma_v6_0/src -s include  "SHELL=CMD" "COMPILER=arm-xilinx-eabi-gcc" "ARCHIVER=arm-xilinx-eabi-ar" "COMPILER_FLAGS=  -O2 -c" "EXTRA_COMPILER_FLAGS=-g"
"Running Make include in ps7_cortexa9_0/libsrc/coresightps_dcc_v1_2/src"
C:/Logiciels/Xilinx/SDK/2015.4/gnuwin/bin/make -C ps7_cortexa9_0/libsrc/coresightps_dcc_v1_2/src -s include  "SHELL=CMD" "COMPILER=arm-xilinx-eabi-gcc" "ARCHIVER=arm-xilinx-eabi-ar" "COMPILER_FLAGS=  -O2 -c" "EXTRA_COMPILER_FLAGS=-g"
"Running Make include in ps7_cortexa9_0/libsrc/cpu_cortexa9_v2_1/src"
C:/Logiciels/Xilinx/SDK/2015.4/gnuwin/bin/make -C ps7_cortexa9_0/libsrc/cpu_cortexa9_v2_1/src -s include  "SHELL=CMD" "COMPILER=arm-xilinx-eabi-gcc" "ARCHIVER=arm-xilinx-eabi-ar" "COMPILER_FLAGS=  -O2 -c" "EXTRA_COMPILER_FLAGS=-g"
"Running Make include in ps7_cortexa9_0/libsrc/ddrps_v1_0/src"
C:/Logiciels/Xilinx/SDK/2015.4/gnuwin/bin/make -C ps7_cortexa9_0/libsrc/ddrps_v1_0/src -s include  "SHELL=CMD" "COMPILER=arm-xilinx-eabi-gcc" "ARCHIVER=arm-xilinx-eabi-ar" "COMPILER_FLAGS=  -O2 -c" "EXTRA_COMPILER_FLAGS=-g"
"Running Make include in ps7_cortexa9_0/libsrc/devcfg_v3_3/src"
C:/Logiciels/Xilinx/SDK/2015.4/gnuwin/bin/make -C ps7_cortexa9_0/libsrc/devcfg_v3_3/src -s include  "SHELL=CMD" "COMPILER=arm-xilinx-eabi-gcc" "ARCHIVER=arm-xilinx-eabi-ar" "COMPILER_FLAGS=  -O2 -c" "EXTRA_COMPILER_FLAGS=-g"
"Running Make include in ps7_cortexa9_0/libsrc/dmaps_v2_1/src"
C:/Logiciels/Xilinx/SDK/2015.4/gnuwin/bin/make -C ps7_cortexa9_0/libsrc/dmaps_v2_1/src -s include  "SHELL=CMD" "COMPILER=arm-xilinx-eabi-gcc" "ARCHIVER=arm-xilinx-eabi-ar" "COMPILER_FLAGS=  -O2 -c" "EXTRA_COMPILER_FLAGS=-g"
"Running Make include in ps7_cortexa9_0/libsrc/emacps_v3_1/src"
C:/Logiciels/Xilinx/SDK/2015.4/gnuwin/bin/make -C ps7_cortexa9_0/libsrc/emacps_v3_1/src -s include  "SHELL=CMD" "COMPILER=arm-xilinx-eabi-gcc" "ARCHIVER=arm-xilinx-eabi-ar" "COMPILER_FLAGS=  -O2 -c" "EXTRA_COMPILER_FLAGS=-g"
"Running Make include in ps7_cortexa9_0/libsrc/gpiops_v3_1/src"
C:/Logiciels/Xilinx/SDK/2015.4/gnuwin/bin/make -C ps7_cortexa9_0/libsrc/gpiops_v3_1/src -s include  "SHELL=CMD" "COMPILER=arm-xilinx-eabi-gcc" "ARCHIVER=arm-xilinx-eabi-ar" "COMPILER_FLAGS=  -O2 -c" "EXTRA_COMPILER_FLAGS=-g"
"Running Make include in ps7_cortexa9_0/libsrc/iic_v3_1/src"
C:/Logiciels/Xilinx/SDK/2015.4/gnuwin/bin/make -C ps7_cortexa9_0/libsrc/iic_v3_1/src -s include  "SHELL=CMD" "COMPILER=arm-xilinx-eabi-gcc" "ARCHIVER=arm-xilinx-eabi-ar" "COMPILER_FLAGS=  -O2 -c" "EXTRA_COMPILER_FLAGS=-g"
"Running Make include in ps7_cortexa9_0/libsrc/lwip141_v1_3/src"
C:/Logiciels/Xilinx/SDK/2015.4/gnuwin/bin/make -C ps7_cortexa9_0/libsrc/lwip141_v1_3/src -s include  "SHELL=CMD" "COMPILER=arm-xilinx-eabi-gcc" "ARCHIVER=arm-xilinx-eabi-ar" "COMPILER_FLAGS=  -O2 -c" "EXTRA_COMPILER_FLAGS=-g"
"Running Make include in ps7_cortexa9_0/libsrc/qspips_v3_2/src"
C:/Logiciels/Xilinx/SDK/2015.4/gnuwin/bin/make -C ps7_cortexa9_0/libsrc/qspips_v3_2/src -s include  "SHELL=CMD" "COMPILER=arm-xilinx-eabi-gcc" "ARCHIVER=arm-xilinx-eabi-ar" "COMPILER_FLAGS=  -O2 -c" "EXTRA_COMPILER_FLAGS=-g"
"Running Make include in ps7_cortexa9_0/libsrc/scugic_v3_1/src"
C:/Logiciels/Xilinx/SDK/2015.4/gnuwin/bin/make -C ps7_cortexa9_0/libsrc/scugic_v3_1/src -s include  "SHELL=CMD" "COMPILER=arm-xilinx-eabi-gcc" "ARCHIVER=arm-xilinx-eabi-ar" "COMPILER_FLAGS=  -O2 -c" "EXTRA_COMPILER_FLAGS=-g"
"Running Make include in ps7_cortexa9_0/libsrc/scutimer_v2_1/src"
C:/Logiciels/Xilinx/SDK/2015.4/gnuwin/bin/make -C ps7_cortexa9_0/libsrc/scutimer_v2_1/src -s include  "SHELL=CMD" "COMPILER=arm-xilinx-eabi-gcc" "ARCHIVER=arm-xilinx-eabi-ar" "COMPILER_FLAGS=  -O2 -c" "EXTRA_COMPILER_FLAGS=-g"
"Running Make include in ps7_cortexa9_0/libsrc/scuwdt_v2_1/src"
C:/Logiciels/Xilinx/SDK/2015.4/gnuwin/bin/make -C ps7_cortexa9_0/libsrc/scuwdt_v2_1/src -s include  "SHELL=CMD" "COMPILER=arm-xilinx-eabi-gcc" "ARCHIVER=arm-xilinx-eabi-ar" "COMPILER_FLAGS=  -O2 -c" "EXTRA_COMPILER_FLAGS=-g"
"Running Make include in ps7_cortexa9_0/libsrc/sdps_v2_6/src"
C:/Logiciels/Xilinx/SDK/2015.4/gnuwin/bin/make -C ps7_cortexa9_0/libsrc/sdps_v2_6/src -s include  "SHELL=CMD" "COMPILER=arm-xilinx-eabi-gcc" "ARCHIVER=arm-xilinx-eabi-ar" "COMPILER_FLAGS=  -O2 -c" "EXTRA_COMPILER_FLAGS=-g"
"Running Make include in ps7_cortexa9_0/libsrc/standalone_v5_3/src"
C:/Logiciels/Xilinx/SDK/2015.4/gnuwin/bin/make -C ps7_cortexa9_0/libsrc/standalone_v5_3/src -s include  "SHELL=CMD" "COMPILER=arm-xilinx-eabi-gcc" "ARCHIVER=arm-xilinx-eabi-ar" "COMPILER_FLAGS=  -O2 -c" "EXTRA_COMPILER_FLAGS=-g"
"Running Make include in ps7_cortexa9_0/libsrc/uartps_v3_1/src"
C:/Logiciels/Xilinx/SDK/2015.4/gnuwin/bin/make -C ps7_cortexa9_0/libsrc/uartps_v3_1/src -s include  "SHELL=CMD" "COMPILER=arm-xilinx-eabi-gcc" "ARCHIVER=arm-xilinx-eabi-ar" "COMPILER_FLAGS=  -O2 -c" "EXTRA_COMPILER_FLAGS=-g"
"Running Make include in ps7_cortexa9_0/libsrc/usbps_v2_2/src"
C:/Logiciels/Xilinx/SDK/2015.4/gnuwin/bin/make -C ps7_cortexa9_0/libsrc/usbps_v2_2/src -s include  "SHELL=CMD" "COMPILER=arm-xilinx-eabi-gcc" "ARCHIVER=arm-xilinx-eabi-ar" "COMPILER_FLAGS=  -O2 -c" "EXTRA_COMPILER_FLAGS=-g"
"Running Make include in ps7_cortexa9_0/libsrc/xadcps_v2_2/src"
C:/Logiciels/Xilinx/SDK/2015.4/gnuwin/bin/make -C ps7_cortexa9_0/libsrc/xadcps_v2_2/src -s include  "SHELL=CMD" "COMPILER=arm-xilinx-eabi-gcc" "ARCHIVER=arm-xilinx-eabi-ar" "COMPILER_FLAGS=  -O2 -c" "EXTRA_COMPILER_FLAGS=-g"
"Running Make include in ps7_cortexa9_0/libsrc/xilffs_v3_1/src"
C:/Logiciels/Xilinx/SDK/2015.4/gnuwin/bin/make -C ps7_cortexa9_0/libsrc/xilffs_v3_1/src -s include  "SHELL=CMD" "COMPILER=arm-xilinx-eabi-gcc" "ARCHIVER=arm-xilinx-eabi-ar" "COMPILER_FLAGS=  -O2 -c" "EXTRA_COMPILER_FLAGS=-g"
"Running Make libs in ps7_cortexa9_0/libsrc/axivdma_v6_0/src"
C:/Logiciels/Xilinx/SDK/2015.4/gnuwin/bin/make -C ps7_cortexa9_0/libsrc/axivdma_v6_0/src -s libs  "SHELL=CMD" "COMPILER=arm-xilinx-eabi-gcc" "ARCHIVER=arm-xilinx-eabi-ar" "COMPILER_FLAGS=  -O2 -c" "EXTRA_COMPILER_FLAGS=-g"
"Compiling axivdma"
arm-xilinx-eabi-ar: creating ../../../lib/libxil.a
"Running Make libs in ps7_cortexa9_0/libsrc/coresightps_dcc_v1_2/src"
C:/Logiciels/Xilinx/SDK/2015.4/gnuwin/bin/make -C ps7_cortexa9_0/libsrc/coresightps_dcc_v1_2/src -s libs  "SHELL=CMD" "COMPILER=arm-xilinx-eabi-gcc" "ARCHIVER=arm-xilinx-eabi-ar" "COMPILER_FLAGS=  -O2 -c" "EXTRA_COMPILER_FLAGS=-g"
"Compiling coresightps_dcc"
"Running Make libs in ps7_cortexa9_0/libsrc/cpu_cortexa9_v2_1/src"
C:/Logiciels/Xilinx/SDK/2015.4/gnuwin/bin/make -C ps7_cortexa9_0/libsrc/cpu_cortexa9_v2_1/src -s libs  "SHELL=CMD" "COMPILER=arm-xilinx-eabi-gcc" "ARCHIVER=arm-xilinx-eabi-ar" "COMPILER_FLAGS=  -O2 -c" "EXTRA_COMPILER_FLAGS=-g"
"Compiling cpu_cortexa9"
"Running Make libs in ps7_cortexa9_0/libsrc/ddrps_v1_0/src"
C:/Logiciels/Xilinx/SDK/2015.4/gnuwin/bin/make -C ps7_cortexa9_0/libsrc/ddrps_v1_0/src -s libs  "SHELL=CMD" "COMPILER=arm-xilinx-eabi-gcc" "ARCHIVER=arm-xilinx-eabi-ar" "COMPILER_FLAGS=  -O2 -c" "EXTRA_COMPILER_FLAGS=-g"
"Compiling ddrps"
"Running Make libs in ps7_cortexa9_0/libsrc/devcfg_v3_3/src"
C:/Logiciels/Xilinx/SDK/2015.4/gnuwin/bin/make -C ps7_cortexa9_0/libsrc/devcfg_v3_3/src -s libs  "SHELL=CMD" "COMPILER=arm-xilinx-eabi-gcc" "ARCHIVER=arm-xilinx-eabi-ar" "COMPILER_FLAGS=  -O2 -c" "EXTRA_COMPILER_FLAGS=-g"
"Compiling devcfg"
"Running Make libs in ps7_cortexa9_0/libsrc/dmaps_v2_1/src"
C:/Logiciels/Xilinx/SDK/2015.4/gnuwin/bin/make -C ps7_cortexa9_0/libsrc/dmaps_v2_1/src -s libs  "SHELL=CMD" "COMPILER=arm-xilinx-eabi-gcc" "ARCHIVER=arm-xilinx-eabi-ar" "COMPILER_FLAGS=  -O2 -c" "EXTRA_COMPILER_FLAGS=-g"
"Compiling dmaps"
"Running Make libs in ps7_cortexa9_0/libsrc/emacps_v3_1/src"
C:/Logiciels/Xilinx/SDK/2015.4/gnuwin/bin/make -C ps7_cortexa9_0/libsrc/emacps_v3_1/src -s libs  "SHELL=CMD" "COMPILER=arm-xilinx-eabi-gcc" "ARCHIVER=arm-xilinx-eabi-ar" "COMPILER_FLAGS=  -O2 -c" "EXTRA_COMPILER_FLAGS=-g"
"Compiling emacps"
"Running Make libs in ps7_cortexa9_0/libsrc/gpiops_v3_1/src"
C:/Logiciels/Xilinx/SDK/2015.4/gnuwin/bin/make -C ps7_cortexa9_0/libsrc/gpiops_v3_1/src -s libs  "SHELL=CMD" "COMPILER=arm-xilinx-eabi-gcc" "ARCHIVER=arm-xilinx-eabi-ar" "COMPILER_FLAGS=  -O2 -c" "EXTRA_COMPILER_FLAGS=-g"
"Compiling gpiops"
"Running Make libs in ps7_cortexa9_0/libsrc/iic_v3_1/src"
C:/Logiciels/Xilinx/SDK/2015.4/gnuwin/bin/make -C ps7_cortexa9_0/libsrc/iic_v3_1/src -s libs  "SHELL=CMD" "COMPILER=arm-xilinx-eabi-gcc" "ARCHIVER=arm-xilinx-eabi-ar" "COMPILER_FLAGS=  -O2 -c" "EXTRA_COMPILER_FLAGS=-g"
"Compiling iic"
"Running Make libs in ps7_cortexa9_0/libsrc/lwip141_v1_3/src"
C:/Logiciels/Xilinx/SDK/2015.4/gnuwin/bin/make -C ps7_cortexa9_0/libsrc/lwip141_v1_3/src -s libs  "SHELL=CMD" "COMPILER=arm-xilinx-eabi-gcc" "ARCHIVER=arm-xilinx-eabi-ar" "COMPILER_FLAGS=  -O2 -c" "EXTRA_COMPILER_FLAGS=-g"
"Compiling lwip src and adapter files"
"Running Make libs in ps7_cortexa9_0/libsrc/qspips_v3_2/src"
C:/Logiciels/Xilinx/SDK/2015.4/gnuwin/bin/make -C ps7_cortexa9_0/libsrc/qspips_v3_2/src -s libs  "SHELL=CMD" "COMPILER=arm-xilinx-eabi-gcc" "ARCHIVER=arm-xilinx-eabi-ar" "COMPILER_FLAGS=  -O2 -c" "EXTRA_COMPILER_FLAGS=-g"
"Compiling qspips"
"Running Make libs in ps7_cortexa9_0/libsrc/scugic_v3_1/src"
C:/Logiciels/Xilinx/SDK/2015.4/gnuwin/bin/make -C ps7_cortexa9_0/libsrc/scugic_v3_1/src -s libs  "SHELL=CMD" "COMPILER=arm-xilinx-eabi-gcc" "ARCHIVER=arm-xilinx-eabi-ar" "COMPILER_FLAGS=  -O2 -c" "EXTRA_COMPILER_FLAGS=-g"
"Compiling scugic"
"Running Make libs in ps7_cortexa9_0/libsrc/scutimer_v2_1/src"
C:/Logiciels/Xilinx/SDK/2015.4/gnuwin/bin/make -C ps7_cortexa9_0/libsrc/scutimer_v2_1/src -s libs  "SHELL=CMD" "COMPILER=arm-xilinx-eabi-gcc" "ARCHIVER=arm-xilinx-eabi-ar" "COMPILER_FLAGS=  -O2 -c" "EXTRA_COMPILER_FLAGS=-g"
"Compiling scutimer"
"Running Make libs in ps7_cortexa9_0/libsrc/scuwdt_v2_1/src"
C:/Logiciels/Xilinx/SDK/2015.4/gnuwin/bin/make -C ps7_cortexa9_0/libsrc/scuwdt_v2_1/src -s libs  "SHELL=CMD" "COMPILER=arm-xilinx-eabi-gcc" "ARCHIVER=arm-xilinx-eabi-ar" "COMPILER_FLAGS=  -O2 -c" "EXTRA_COMPILER_FLAGS=-g"
"Compiling scuwdt"
"Running Make libs in ps7_cortexa9_0/libsrc/sdps_v2_6/src"
C:/Logiciels/Xilinx/SDK/2015.4/gnuwin/bin/make -C ps7_cortexa9_0/libsrc/sdps_v2_6/src -s libs  "SHELL=CMD" "COMPILER=arm-xilinx-eabi-gcc" "ARCHIVER=arm-xilinx-eabi-ar" "COMPILER_FLAGS=  -O2 -c" "EXTRA_COMPILER_FLAGS=-g"
"Compiling sdps"
"Running Make libs in ps7_cortexa9_0/libsrc/standalone_v5_3/src"
C:/Logiciels/Xilinx/SDK/2015.4/gnuwin/bin/make -C ps7_cortexa9_0/libsrc/standalone_v5_3/src -s libs  "SHELL=CMD" "COMPILER=arm-xilinx-eabi-gcc" "ARCHIVER=arm-xilinx-eabi-ar" "COMPILER_FLAGS=  -O2 -c" "EXTRA_COMPILER_FLAGS=-g"
"Compiling standalone"
"Running Make libs in ps7_cortexa9_0/libsrc/uartps_v3_1/src"
C:/Logiciels/Xilinx/SDK/2015.4/gnuwin/bin/make -C ps7_cortexa9_0/libsrc/uartps_v3_1/src -s libs  "SHELL=CMD" "COMPILER=arm-xilinx-eabi-gcc" "ARCHIVER=arm-xilinx-eabi-ar" "COMPILER_FLAGS=  -O2 -c" "EXTRA_COMPILER_FLAGS=-g"
"Compiling uartps"
"Running Make libs in ps7_cortexa9_0/libsrc/usbps_v2_2/src"
C:/Logiciels/Xilinx/SDK/2015.4/gnuwin/bin/make -C ps7_cortexa9_0/libsrc/usbps_v2_2/src -s libs  "SHELL=CMD" "COMPILER=arm-xilinx-eabi-gcc" "ARCHIVER=arm-xilinx-eabi-ar" "COMPILER_FLAGS=  -O2 -c" "EXTRA_COMPILER_FLAGS=-g"
"Compiling usbps"
"Running Make libs in ps7_cortexa9_0/libsrc/xadcps_v2_2/src"
C:/Logiciels/Xilinx/SDK/2015.4/gnuwin/bin/make -C ps7_cortexa9_0/libsrc/xadcps_v2_2/src -s libs  "SHELL=CMD" "COMPILER=arm-xilinx-eabi-gcc" "ARCHIVER=arm-xilinx-eabi-ar" "COMPILER_FLAGS=  -O2 -c" "EXTRA_COMPILER_FLAGS=-g"
"Compiling xadcps"
"Running Make libs in ps7_cortexa9_0/libsrc/xilffs_v3_1/src"
C:/Logiciels/Xilinx/SDK/2015.4/gnuwin/bin/make -C ps7_cortexa9_0/libsrc/xilffs_v3_1/src -s libs  "SHELL=CMD" "COMPILER=arm-xilinx-eabi-gcc" "ARCHIVER=arm-xilinx-eabi-ar" "COMPILER_FLAGS=  -O2 -c" "EXTRA_COMPILER_FLAGS=-g"
"Compiling XilFFs Library"
'Finished building libraries'
13:26:26 **** Build of configuration Debug for project tp2 ****
make all 
Building file: ../src/bitmap.c
Invoking: ARM gcc compiler
arm-xilinx-eabi-gcc -Wall -O0 -g3 -I"C:\TEMP\inf3995-02\tp\tp2\adv7511_zed.sdk\tp2\inc" -I"C:\TEMP\inf3995-02\tp\tp2\adv7511_zed.sdk\tp2\lib" -c -fmessage-length=0 -MT"src/bitmap.o" -I../../tp2_bsp/ps7_cortexa9_0/include -MMD -MP -MF"src/bitmap.d" -MT"src/bitmap.d" -o "src/bitmap.o" "../src/bitmap.c"
../src/bitmap.c: In function 'ReadBitmapFile':
../src/bitmap.c:143:10: warning: 'return' with a value, in function returning void
  if (fr) return (int)fr;
          ^
Finished building: ../src/bitmap.c
 
Building file: ../src/cf_hdmi.c
Invoking: ARM gcc compiler
arm-xilinx-eabi-gcc -Wall -O0 -g3 -I"C:\TEMP\inf3995-02\tp\tp2\adv7511_zed.sdk\tp2\inc" -I"C:\TEMP\inf3995-02\tp\tp2\adv7511_zed.sdk\tp2\lib" -c -fmessage-length=0 -MT"src/cf_hdmi.o" -I../../tp2_bsp/ps7_cortexa9_0/include -MMD -MP -MF"src/cf_hdmi.d" -MT"src/cf_hdmi.d" -o "src/cf_hdmi.o" "../src/cf_hdmi.c"
Finished building: ../src/cf_hdmi.c
 
Building file: ../src/main.c
Invoking: ARM gcc compiler
arm-xilinx-eabi-gcc -Wall -O0 -g3 -I"C:\TEMP\inf3995-02\tp\tp2\adv7511_zed.sdk\tp2\inc" -I"C:\TEMP\inf3995-02\tp\tp2\adv7511_zed.sdk\tp2\lib" -c -fmessage-length=0 -MT"src/main.o" -I../../tp2_bsp/ps7_cortexa9_0/include -MMD -MP -MF"src/main.d" -MT"src/main.d" -o "src/main.o" "../src/main.c"
In file included from ../src/main.c:46:0:
../../tp2_bsp/ps7_cortexa9_0/include/xbasic_types.h:115:2: warning: #warning The xbasics_type.h file is deprecated and users should use xil_types.h and xil_assert. [-Wcpp]
 #warning  The xbasics_type.h file is deprecated and users should use xil_types.h and xil_assert.
  ^
../../tp2_bsp/ps7_cortexa9_0/include/xbasic_types.h:116:2: warning: #warning Please refer the Standalone BSP UG647 for further details [-Wcpp]
 #warning  Please refer the Standalone BSP UG647 for further details
  ^
Finished building: ../src/main.c
 
Building file: ../src/transmitter.c
Invoking: ARM gcc compiler
arm-xilinx-eabi-gcc -Wall -O0 -g3 -I"C:\TEMP\inf3995-02\tp\tp2\adv7511_zed.sdk\tp2\inc" -I"C:\TEMP\inf3995-02\tp\tp2\adv7511_zed.sdk\tp2\lib" -c -fmessage-length=0 -MT"src/transmitter.o" -I../../tp2_bsp/ps7_cortexa9_0/include -MMD -MP -MF"src/transmitter.d" -MT"src/transmitter.d" -o "src/transmitter.o" "../src/transmitter.c"
Finished building: ../src/transmitter.c
 
Building target: tp2.elf
Invoking: ARM gcc linker
arm-xilinx-eabi-gcc -L"C:\TEMP\inf3995-02\tp\tp2\adv7511_zed.sdk\tp2\lib" -Wl,-T -Wl,../src/lscript.ld -L../../tp2_bsp/ps7_cortexa9_0/lib -o "tp2.elf"  ./src/bitmap.o ./src/cf_hdmi.o ./src/main.o ./src/transmitter.o   -lHDMI_ZedboardLib -Wl,--start-group,-lxil,-lgcc,-lc,--end-group -Wl,--start-group,-lxilffs,-lxil,-lgcc,-lc,--end-group -Wl,--start-group,-lxil,-llwip4,-lgcc,-lc,--end-group
Finished building target: tp2.elf
 
Invoking: ARM Print Size
arm-xilinx-eabi-size tp2.elf  |tee "tp2.elf.size"
   text	   data	    bss	    dec	    hex	filename
 126088	   1972	16525344	16653404	 fe1c5c	tp2.elf
Finished building: tp2.elf.size
 
13:27:56 **** Auto Build of configuration Debug for project tp2 ****
make all 
Building file: ../src/bitmap.c
Invoking: ARM gcc compiler
arm-xilinx-eabi-gcc -Wall -O0 -g3 -I"C:\TEMP\inf3995-02\tp\tp2\adv7511_zed.sdk\tp2\inc" -I"C:\TEMP\inf3995-02\tp\tp2\adv7511_zed.sdk\tp2\lib" -c -fmessage-length=0 -MT"src/bitmap.o" -I../../tp2_bsp/ps7_cortexa9_0/include -MMD -MP -MF"src/bitmap.d" -MT"src/bitmap.d" -o "src/bitmap.o" "../src/bitmap.c"
../src/bitmap.c: In function 'ReadBitmapFile':
../src/bitmap.c:143:10: warning: 'return' with a value, in function returning void
  if (fr) return (int)fr;
          ^
Finished building: ../src/bitmap.c
 
Building target: tp2.elf
Invoking: ARM gcc linker
arm-xilinx-eabi-gcc -L"C:\TEMP\inf3995-02\tp\tp2\adv7511_zed.sdk\tp2\lib" -Wl,-T -Wl,../src/lscript.ld -L../../tp2_bsp/ps7_cortexa9_0/lib -o "tp2.elf"  ./src/bitmap.o ./src/cf_hdmi.o ./src/main.o ./src/transmitter.o   -lHDMI_ZedboardLib -Wl,--start-group,-lxil,-lgcc,-lc,--end-group -Wl,--start-group,-lxilffs,-lxil,-lgcc,-lc,--end-group -Wl,--start-group,-lxil,-llwip4,-lgcc,-lc,--end-group
Finished building target: tp2.elf
 
Invoking: ARM Print Size
arm-xilinx-eabi-size tp2.elf  |tee "tp2.elf.size"
   text	   data	    bss	    dec	    hex	filename
 126088	   1972	16525344	16653404	 fe1c5c	tp2.elf
Finished building: tp2.elf.size
 
13:28:24 **** Auto Build of configuration Debug for project tp2 ****
make all 
Building file: ../src/bitmap.c
Invoking: ARM gcc compiler
arm-xilinx-eabi-gcc -Wall -O0 -g3 -I"C:\TEMP\inf3995-02\tp\tp2\adv7511_zed.sdk\tp2\inc" -I"C:\TEMP\inf3995-02\tp\tp2\adv7511_zed.sdk\tp2\lib" -c -fmessage-length=0 -MT"src/bitmap.o" -I../../tp2_bsp/ps7_cortexa9_0/include -MMD -MP -MF"src/bitmap.d" -MT"src/bitmap.d" -o "src/bitmap.o" "../src/bitmap.c"
../src/bitmap.c: In function 'ReadBitmapFile':
../src/bitmap.c:135:10: warning: 'return' with a value, in function returning void
  if (fr) return (int)fr;
          ^
Finished building: ../src/bitmap.c
 
Building target: tp2.elf
Invoking: ARM gcc linker
arm-xilinx-eabi-gcc -L"C:\TEMP\inf3995-02\tp\tp2\adv7511_zed.sdk\tp2\lib" -Wl,-T -Wl,../src/lscript.ld -L../../tp2_bsp/ps7_cortexa9_0/lib -o "tp2.elf"  ./src/bitmap.o ./src/cf_hdmi.o ./src/main.o ./src/transmitter.o   -lHDMI_ZedboardLib -Wl,--start-group,-lxil,-lgcc,-lc,--end-group -Wl,--start-group,-lxilffs,-lxil,-lgcc,-lc,--end-group -Wl,--start-group,-lxil,-llwip4,-lgcc,-lc,--end-group
Finished building target: tp2.elf
 
Invoking: ARM Print Size
arm-xilinx-eabi-size tp2.elf  |tee "tp2.elf.size"
   text	   data	    bss	    dec	    hex	filename
 126088	   1972	16525344	16653404	 fe1c5c	tp2.elf
Finished building: tp2.elf.size
 
13:30:06 **** Auto Build of configuration Debug for project tp2 ****
make all 
Building file: ../src/bitmap.c
Invoking: ARM gcc compiler
arm-xilinx-eabi-gcc -Wall -O0 -g3 -I"C:\TEMP\inf3995-02\tp\tp2\adv7511_zed.sdk\tp2\inc" -I"C:\TEMP\inf3995-02\tp\tp2\adv7511_zed.sdk\tp2\lib" -c -fmessage-length=0 -MT"src/bitmap.o" -I../../tp2_bsp/ps7_cortexa9_0/include -MMD -MP -MF"src/bitmap.d" -MT"src/bitmap.d" -o "src/bitmap.o" "../src/bitmap.c"
../src/bitmap.c: In function 'BitmapToRGB':
../src/bitmap.c:99:2: error: 'for' loop initial declarations are only allowed in C99 or C11 mode
  for (int i = 0; i < bmp->Height)
  ^
../src/bitmap.c:99:2: note: use option -std=c99, -std=gnu99, -std=c11 or -std=gnu11 to compile your code
../src/bitmap.c:99:33: error: expected ';' before ')' token
  for (int i = 0; i < bmp->Height)
                                 ^
../src/bitmap.c: In function 'ReadBitmapFile':
../src/bitmap.c:136:10: warning: 'return' with a value, in function returning void
  if (fr) return (int)fr;
          ^
make: *** [src/bitmap.o] Erreur 1
13:30:32 **** Auto Build of configuration Debug for project tp2 ****
make all 
Building file: ../src/bitmap.c
Invoking: ARM gcc compiler
arm-xilinx-eabi-gcc -Wall -O0 -g3 -I"C:\TEMP\inf3995-02\tp\tp2\adv7511_zed.sdk\tp2\inc" -I"C:\TEMP\inf3995-02\tp\tp2\adv7511_zed.sdk\tp2\lib" -c -fmessage-length=0 -MT"src/bitmap.o" -I../../tp2_bsp/ps7_cortexa9_0/include -MMD -MP -MF"src/bitmap.d" -MT"src/bitmap.d" -o "src/bitmap.o" "../src/bitmap.c"
../src/bitmap.c: In function 'BitmapToRGB':
../src/bitmap.c:99:2: error: 'for' loop initial declarations are only allowed in C99 or C11 mode
  for (int i = 0; i < bmp->Height; i++)
  ^
../src/bitmap.c:99:2: note: use option -std=c99, -std=gnu99, -std=c11 or -std=gnu11 to compile your code
../src/bitmap.c:101:3: error: 'for' loop initial declarations are only allowed in C99 or C11 mode
   for (int j = 0; j < bmp->Width; j++)
   ^
../src/bitmap.c: In function 'ReadBitmapFile':
../src/bitmap.c:142:10: warning: 'return' with a value, in function returning void
  if (fr) return (int)fr;
          ^
make: *** [src/bitmap.o] Erreur 1
13:30:37 **** Auto Build of configuration Debug for project tp2 ****
make all 
Building file: ../src/bitmap.c
Invoking: ARM gcc compiler
arm-xilinx-eabi-gcc -Wall -O0 -g3 -I"C:\TEMP\inf3995-02\tp\tp2\adv7511_zed.sdk\tp2\inc" -I"C:\TEMP\inf3995-02\tp\tp2\adv7511_zed.sdk\tp2\lib" -c -fmessage-length=0 -MT"src/bitmap.o" -I../../tp2_bsp/ps7_cortexa9_0/include -MMD -MP -MF"src/bitmap.d" -MT"src/bitmap.d" -o "src/bitmap.o" "../src/bitmap.c"
../src/bitmap.c: In function 'BitmapToRGB':
../src/bitmap.c:99:11: error: redefinition of 'i'
  for (int i = 0; i < bmp->Height; i++)
           ^
../src/bitmap.c:98:6: note: previous definition of 'i' was here
  int i = 0;
      ^
../src/bitmap.c:99:2: error: 'for' loop initial declarations are only allowed in C99 or C11 mode
  for (int i = 0; i < bmp->Height; i++)
  ^
../src/bitmap.c:99:2: note: use option -std=c99, -std=gnu99, -std=c11 or -std=gnu11 to compile your code
../src/bitmap.c:101:3: error: 'for' loop initial declarations are only allowed in C99 or C11 mode
   for (int j = 0; j < bmp->Width; j++)
   ^
../src/bitmap.c: In function 'ReadBitmapFile':
../src/bitmap.c:142:10: warning: 'return' with a value, in function returning void
  if (fr) return (int)fr;
          ^
make: *** [src/bitmap.o] Erreur 1
13:30:40 **** Auto Build of configuration Debug for project tp2 ****
make all 
Building file: ../src/bitmap.c
Invoking: ARM gcc compiler
arm-xilinx-eabi-gcc -Wall -O0 -g3 -I"C:\TEMP\inf3995-02\tp\tp2\adv7511_zed.sdk\tp2\inc" -I"C:\TEMP\inf3995-02\tp\tp2\adv7511_zed.sdk\tp2\lib" -c -fmessage-length=0 -MT"src/bitmap.o" -I../../tp2_bsp/ps7_cortexa9_0/include -MMD -MP -MF"src/bitmap.d" -MT"src/bitmap.d" -o "src/bitmap.o" "../src/bitmap.c"
../src/bitmap.c: In function 'BitmapToRGB':
../src/bitmap.c:101:3: error: 'for' loop initial declarations are only allowed in C99 or C11 mode
   for (int j = 0; j < bmp->Width; j++)
   ^
../src/bitmap.c:101:3: note: use option -std=c99, -std=gnu99, -std=c11 or -std=gnu11 to compile your code
../src/bitmap.c: In function 'ReadBitmapFile':
../src/bitmap.c:142:10: warning: 'return' with a value, in function returning void
  if (fr) return (int)fr;
          ^
make: *** [src/bitmap.o] Erreur 1
13:30:48 **** Auto Build of configuration Debug for project tp2 ****
make all 
Building file: ../src/bitmap.c
Invoking: ARM gcc compiler
arm-xilinx-eabi-gcc -Wall -O0 -g3 -I"C:\TEMP\inf3995-02\tp\tp2\adv7511_zed.sdk\tp2\inc" -I"C:\TEMP\inf3995-02\tp\tp2\adv7511_zed.sdk\tp2\lib" -c -fmessage-length=0 -MT"src/bitmap.o" -I../../tp2_bsp/ps7_cortexa9_0/include -MMD -MP -MF"src/bitmap.d" -MT"src/bitmap.d" -o "src/bitmap.o" "../src/bitmap.c"
../src/bitmap.c: In function 'BitmapToRGB':
../src/bitmap.c:100:2: error: expected ',' or ';' before 'for'
  for (i = 0; i < bmp->Height; i++)
  ^
../src/bitmap.c:100:14: warning: statement with no effect [-Wunused-value]
  for (i = 0; i < bmp->Height; i++)
              ^
../src/bitmap.c:100:34: error: expected ';' before ')' token
  for (i = 0; i < bmp->Height; i++)
                                  ^
../src/bitmap.c:100:34: error: expected statement before ')' token
../src/bitmap.c:102:3: error: 'for' loop initial declarations are only allowed in C99 or C11 mode
   for (int j = 0; j < bmp->Width; j++)
   ^
../src/bitmap.c:102:3: note: use option -std=c99, -std=gnu99, -std=c11 or -std=gnu11 to compile your code
../src/bitmap.c:99:6: warning: unused variable 'j' [-Wunused-variable]
  int j = 0
      ^
../src/bitmap.c: In function 'ReadBitmapFile':
../src/bitmap.c:143:10: warning: 'return' with a value, in function returning void
  if (fr) return (int)fr;
          ^
make: *** [src/bitmap.o] Erreur 1
13:30:50 **** Auto Build of configuration Debug for project tp2 ****
make all 
Building file: ../src/bitmap.c
Invoking: ARM gcc compiler
arm-xilinx-eabi-gcc -Wall -O0 -g3 -I"C:\TEMP\inf3995-02\tp\tp2\adv7511_zed.sdk\tp2\inc" -I"C:\TEMP\inf3995-02\tp\tp2\adv7511_zed.sdk\tp2\lib" -c -fmessage-length=0 -MT"src/bitmap.o" -I../../tp2_bsp/ps7_cortexa9_0/include -MMD -MP -MF"src/bitmap.d" -MT"src/bitmap.d" -o "src/bitmap.o" "../src/bitmap.c"
../src/bitmap.c: In function 'BitmapToRGB':
../src/bitmap.c:100:2: error: expected ',' or ';' before 'for'
  for (i = 0; i < bmp->Height; i++)
  ^
../src/bitmap.c:100:14: warning: statement with no effect [-Wunused-value]
  for (i = 0; i < bmp->Height; i++)
              ^
../src/bitmap.c:100:34: error: expected ';' before ')' token
  for (i = 0; i < bmp->Height; i++)
                                  ^
../src/bitmap.c:100:34: error: expected statement before ')' token
../src/bitmap.c:102:3: error: 'for' loop initial declarations are only allowed in C99 or C11 mode
   for (int j = 0; j < bmp->Width; j++)
   ^
../src/bitmap.c:102:3: note: use option -std=c99, -std=gnu99, -std=c11 or -std=gnu11 to compile your code
../src/bitmap.c:99:6: warning: unused variable 'j' [-Wunused-variable]
  int j = 0
      ^
../src/bitmap.c: In function 'ReadBitmapFile':
../src/bitmap.c:143:10: warning: 'return' with a value, in function returning void
  if (fr) return (int)fr;
          ^
make: *** [src/bitmap.o] Erreur 1
13:30:53 **** Auto Build of configuration Debug for project tp2 ****
make all 
Building file: ../src/bitmap.c
Invoking: ARM gcc compiler
arm-xilinx-eabi-gcc -Wall -O0 -g3 -I"C:\TEMP\inf3995-02\tp\tp2\adv7511_zed.sdk\tp2\inc" -I"C:\TEMP\inf3995-02\tp\tp2\adv7511_zed.sdk\tp2\lib" -c -fmessage-length=0 -MT"src/bitmap.o" -I../../tp2_bsp/ps7_cortexa9_0/include -MMD -MP -MF"src/bitmap.d" -MT"src/bitmap.d" -o "src/bitmap.o" "../src/bitmap.c"
../src/bitmap.c: In function 'BitmapToRGB':
../src/bitmap.c:100:2: error: expected ',' or ';' before 'for'
  for (i = 0; i < bmp->Height; i++)
  ^
../src/bitmap.c:100:14: warning: statement with no effect [-Wunused-value]
  for (i = 0; i < bmp->Height; i++)
              ^
../src/bitmap.c:100:34: error: expected ';' before ')' token
  for (i = 0; i < bmp->Height; i++)
                                  ^
../src/bitmap.c:100:34: error: expected statement before ')' token
../src/bitmap.c: In function 'ReadBitmapFile':
../src/bitmap.c:143:10: warning: 'return' with a value, in function returning void
  if (fr) return (int)fr;
          ^
make: *** [src/bitmap.o] Erreur 1
13:30:59 **** Auto Build of configuration Debug for project tp2 ****
make all 
Building file: ../src/bitmap.c
Invoking: ARM gcc compiler
arm-xilinx-eabi-gcc -Wall -O0 -g3 -I"C:\TEMP\inf3995-02\tp\tp2\adv7511_zed.sdk\tp2\inc" -I"C:\TEMP\inf3995-02\tp\tp2\adv7511_zed.sdk\tp2\lib" -c -fmessage-length=0 -MT"src/bitmap.o" -I../../tp2_bsp/ps7_cortexa9_0/include -MMD -MP -MF"src/bitmap.d" -MT"src/bitmap.d" -o "src/bitmap.o" "../src/bitmap.c"
../src/bitmap.c: In function 'ReadBitmapFile':
../src/bitmap.c:143:10: warning: 'return' with a value, in function returning void
  if (fr) return (int)fr;
          ^
Finished building: ../src/bitmap.c
 
Building target: tp2.elf
Invoking: ARM gcc linker
arm-xilinx-eabi-gcc -L"C:\TEMP\inf3995-02\tp\tp2\adv7511_zed.sdk\tp2\lib" -Wl,-T -Wl,../src/lscript.ld -L../../tp2_bsp/ps7_cortexa9_0/lib -o "tp2.elf"  ./src/bitmap.o ./src/cf_hdmi.o ./src/main.o ./src/transmitter.o   -lHDMI_ZedboardLib -Wl,--start-group,-lxil,-lgcc,-lc,--end-group -Wl,--start-group,-lxilffs,-lxil,-lgcc,-lc,--end-group -Wl,--start-group,-lxil,-llwip4,-lgcc,-lc,--end-group
Finished building target: tp2.elf
 
Invoking: ARM Print Size
arm-xilinx-eabi-size tp2.elf  |tee "tp2.elf.size"
   text	   data	    bss	    dec	    hex	filename
 126152	   1972	16525344	16653468	 fe1c9c	tp2.elf
Finished building: tp2.elf.size
 
13:31:20 **** Auto Build of configuration Debug for project tp2 ****
make all 
Building file: ../src/bitmap.c
Invoking: ARM gcc compiler
arm-xilinx-eabi-gcc -Wall -O0 -g3 -I"C:\TEMP\inf3995-02\tp\tp2\adv7511_zed.sdk\tp2\inc" -I"C:\TEMP\inf3995-02\tp\tp2\adv7511_zed.sdk\tp2\lib" -c -fmessage-length=0 -MT"src/bitmap.o" -I../../tp2_bsp/ps7_cortexa9_0/include -MMD -MP -MF"src/bitmap.d" -MT"src/bitmap.d" -o "src/bitmap.o" "../src/bitmap.c"
../src/bitmap.c: In function 'BitmapToRGB':
../src/bitmap.c:104:8: warning: variable 'rgb' set but not used [-Wunused-but-set-variable]
    RGB rgb;
        ^
../src/bitmap.c:114:38: error: 'rgb' undeclared (first use in this function)
    rawHDMIData[rgbIndex] = RGBToNRGB(rgb);
                                      ^
../src/bitmap.c:114:38: note: each undeclared identifier is reported only once for each function it appears in
../src/bitmap.c: In function 'ReadBitmapFile':
../src/bitmap.c:143:10: warning: 'return' with a value, in function returning void
  if (fr) return (int)fr;
          ^
make: *** [src/bitmap.o] Erreur 1
13:31:27 **** Auto Build of configuration Debug for project tp2 ****
make all 
Building file: ../src/bitmap.c
Invoking: ARM gcc compiler
arm-xilinx-eabi-gcc -Wall -O0 -g3 -I"C:\TEMP\inf3995-02\tp\tp2\adv7511_zed.sdk\tp2\inc" -I"C:\TEMP\inf3995-02\tp\tp2\adv7511_zed.sdk\tp2\lib" -c -fmessage-length=0 -MT"src/bitmap.o" -I../../tp2_bsp/ps7_cortexa9_0/include -MMD -MP -MF"src/bitmap.d" -MT"src/bitmap.d" -o "src/bitmap.o" "../src/bitmap.c"
../src/bitmap.c: In function 'ReadBitmapFile':
../src/bitmap.c:144:10: warning: 'return' with a value, in function returning void
  if (fr) return (int)fr;
          ^
Finished building: ../src/bitmap.c
 
Building target: tp2.elf
Invoking: ARM gcc linker
arm-xilinx-eabi-gcc -L"C:\TEMP\inf3995-02\tp\tp2\adv7511_zed.sdk\tp2\lib" -Wl,-T -Wl,../src/lscript.ld -L../../tp2_bsp/ps7_cortexa9_0/lib -o "tp2.elf"  ./src/bitmap.o ./src/cf_hdmi.o ./src/main.o ./src/transmitter.o   -lHDMI_ZedboardLib -Wl,--start-group,-lxil,-lgcc,-lc,--end-group -Wl,--start-group,-lxilffs,-lxil,-lgcc,-lc,--end-group -Wl,--start-group,-lxil,-llwip4,-lgcc,-lc,--end-group
Finished building target: tp2.elf
 
Invoking: ARM Print Size
arm-xilinx-eabi-size tp2.elf  |tee "tp2.elf.size"
   text	   data	    bss	    dec	    hex	filename
 126152	   1972	16525344	16653468	 fe1c9c	tp2.elf
Finished building: tp2.elf.size
 
13:31:31 **** Auto Build of configuration Debug for project tp2 ****
make all 
Building file: ../src/bitmap.c
Invoking: ARM gcc compiler
arm-xilinx-eabi-gcc -Wall -O0 -g3 -I"C:\TEMP\inf3995-02\tp\tp2\adv7511_zed.sdk\tp2\inc" -I"C:\TEMP\inf3995-02\tp\tp2\adv7511_zed.sdk\tp2\lib" -c -fmessage-length=0 -MT"src/bitmap.o" -I../../tp2_bsp/ps7_cortexa9_0/include -MMD -MP -MF"src/bitmap.d" -MT"src/bitmap.d" -o "src/bitmap.o" "../src/bitmap.c"
../src/bitmap.c: In function 'ReadBitmapFile':
../src/bitmap.c:145:10: warning: 'return' with a value, in function returning void
  if (fr) return (int)fr;
          ^
Finished building: ../src/bitmap.c
 
Building target: tp2.elf
Invoking: ARM gcc linker
arm-xilinx-eabi-gcc -L"C:\TEMP\inf3995-02\tp\tp2\adv7511_zed.sdk\tp2\lib" -Wl,-T -Wl,../src/lscript.ld -L../../tp2_bsp/ps7_cortexa9_0/lib -o "tp2.elf"  ./src/bitmap.o ./src/cf_hdmi.o ./src/main.o ./src/transmitter.o   -lHDMI_ZedboardLib -Wl,--start-group,-lxil,-lgcc,-lc,--end-group -Wl,--start-group,-lxilffs,-lxil,-lgcc,-lc,--end-group -Wl,--start-group,-lxil,-llwip4,-lgcc,-lc,--end-group
Finished building target: tp2.elf
 
Invoking: ARM Print Size
arm-xilinx-eabi-size tp2.elf  |tee "tp2.elf.size"
   text	   data	    bss	    dec	    hex	filename
 126152	   1972	16525344	16653468	 fe1c9c	tp2.elf
Finished building: tp2.elf.size
 
13:31:40 **** Auto Build of configuration Debug for project tp2 ****
make all 
Building file: ../src/bitmap.c
Invoking: ARM gcc compiler
arm-xilinx-eabi-gcc -Wall -O0 -g3 -I"C:\TEMP\inf3995-02\tp\tp2\adv7511_zed.sdk\tp2\inc" -I"C:\TEMP\inf3995-02\tp\tp2\adv7511_zed.sdk\tp2\lib" -c -fmessage-length=0 -MT"src/bitmap.o" -I../../tp2_bsp/ps7_cortexa9_0/include -MMD -MP -MF"src/bitmap.d" -MT"src/bitmap.d" -o "src/bitmap.o" "../src/bitmap.c"
../src/bitmap.c: In function 'ReadBitmapFile':
../src/bitmap.c:136:10: warning: 'return' with a value, in function returning void
  if (fr) return (int)fr;
          ^
Finished building: ../src/bitmap.c
 
Building target: tp2.elf
Invoking: ARM gcc linker
arm-xilinx-eabi-gcc -L"C:\TEMP\inf3995-02\tp\tp2\adv7511_zed.sdk\tp2\lib" -Wl,-T -Wl,../src/lscript.ld -L../../tp2_bsp/ps7_cortexa9_0/lib -o "tp2.elf"  ./src/bitmap.o ./src/cf_hdmi.o ./src/main.o ./src/transmitter.o   -lHDMI_ZedboardLib -Wl,--start-group,-lxil,-lgcc,-lc,--end-group -Wl,--start-group,-lxilffs,-lxil,-lgcc,-lc,--end-group -Wl,--start-group,-lxil,-llwip4,-lgcc,-lc,--end-group
Finished building target: tp2.elf
 
Invoking: ARM Print Size
arm-xilinx-eabi-size tp2.elf  |tee "tp2.elf.size"
   text	   data	    bss	    dec	    hex	filename
 126152	   1972	16525344	16653468	 fe1c9c	tp2.elf
Finished building: tp2.elf.size
 
13:35:04 **** Auto Build of configuration Debug for project tp2 ****
make all 
Building file: ../src/bitmap.c
Invoking: ARM gcc compiler
arm-xilinx-eabi-gcc -Wall -O0 -g3 -I"C:\TEMP\inf3995-02\tp\tp2\adv7511_zed.sdk\tp2\inc" -I"C:\TEMP\inf3995-02\tp\tp2\adv7511_zed.sdk\tp2\lib" -c -fmessage-length=0 -MT"src/bitmap.o" -I../../tp2_bsp/ps7_cortexa9_0/include -MMD -MP -MF"src/bitmap.d" -MT"src/bitmap.d" -o "src/bitmap.o" "../src/bitmap.c"
../src/bitmap.c: In function 'ReadBitmapFile':
../src/bitmap.c:137:10: warning: 'return' with a value, in function returning void
  if (fr) return (int)fr;
          ^
Finished building: ../src/bitmap.c
 
Building target: tp2.elf
Invoking: ARM gcc linker
arm-xilinx-eabi-gcc -L"C:\TEMP\inf3995-02\tp\tp2\adv7511_zed.sdk\tp2\lib" -Wl,-T -Wl,../src/lscript.ld -L../../tp2_bsp/ps7_cortexa9_0/lib -o "tp2.elf"  ./src/bitmap.o ./src/cf_hdmi.o ./src/main.o ./src/transmitter.o   -lHDMI_ZedboardLib -Wl,--start-group,-lxil,-lgcc,-lc,--end-group -Wl,--start-group,-lxilffs,-lxil,-lgcc,-lc,--end-group -Wl,--start-group,-lxil,-llwip4,-lgcc,-lc,--end-group
Finished building target: tp2.elf
 
Invoking: ARM Print Size
arm-xilinx-eabi-size tp2.elf  |tee "tp2.elf.size"
   text	   data	    bss	    dec	    hex	filename
 126152	   1972	16525344	16653468	 fe1c9c	tp2.elf
Finished building: tp2.elf.size
 
13:42:26 **** Auto Build of configuration Debug for project tp2 ****
make all 
Building file: ../src/bitmap.c
Invoking: ARM gcc compiler
arm-xilinx-eabi-gcc -Wall -O0 -g3 -I"C:\TEMP\inf3995-02\tp\tp2\adv7511_zed.sdk\tp2\inc" -I"C:\TEMP\inf3995-02\tp\tp2\adv7511_zed.sdk\tp2\lib" -c -fmessage-length=0 -MT"src/bitmap.o" -I../../tp2_bsp/ps7_cortexa9_0/include -MMD -MP -MF"src/bitmap.d" -MT"src/bitmap.d" -o "src/bitmap.o" "../src/bitmap.c"
../src/bitmap.c: In function 'BitmapToRGB':
../src/bitmap.c:100:6: warning: unused variable 'widthSkipCounter' [-Wunused-variable]
  int widthSkipCounter = 0;
      ^
../src/bitmap.c: In function 'ReadBitmapFile':
../src/bitmap.c:138:10: warning: 'return' with a value, in function returning void
  if (fr) return (int)fr;
          ^
Finished building: ../src/bitmap.c
 
Building target: tp2.elf
Invoking: ARM gcc linker
arm-xilinx-eabi-gcc -L"C:\TEMP\inf3995-02\tp\tp2\adv7511_zed.sdk\tp2\lib" -Wl,-T -Wl,../src/lscript.ld -L../../tp2_bsp/ps7_cortexa9_0/lib -o "tp2.elf"  ./src/bitmap.o ./src/cf_hdmi.o ./src/main.o ./src/transmitter.o   -lHDMI_ZedboardLib -Wl,--start-group,-lxil,-lgcc,-lc,--end-group -Wl,--start-group,-lxilffs,-lxil,-lgcc,-lc,--end-group -Wl,--start-group,-lxil,-llwip4,-lgcc,-lc,--end-group
Finished building target: tp2.elf
 
Invoking: ARM Print Size
arm-xilinx-eabi-size tp2.elf  |tee "tp2.elf.size"
   text	   data	    bss	    dec	    hex	filename
 126152	   1972	16525344	16653468	 fe1c9c	tp2.elf
Finished building: tp2.elf.size
 
13:42:33 **** Auto Build of configuration Debug for project tp2 ****
make all 
Building file: ../src/bitmap.c
Invoking: ARM gcc compiler
arm-xilinx-eabi-gcc -Wall -O0 -g3 -I"C:\TEMP\inf3995-02\tp\tp2\adv7511_zed.sdk\tp2\inc" -I"C:\TEMP\inf3995-02\tp\tp2\adv7511_zed.sdk\tp2\lib" -c -fmessage-length=0 -MT"src/bitmap.o" -I../../tp2_bsp/ps7_cortexa9_0/include -MMD -MP -MF"src/bitmap.d" -MT"src/bitmap.d" -o "src/bitmap.o" "../src/bitmap.c"
../src/bitmap.c: In function 'BitmapToRGB':
../src/bitmap.c:101:6: warning: unused variable 'heightSkipCounter' [-Wunused-variable]
  int heightSkipCounter = 0;
      ^
../src/bitmap.c:100:6: warning: unused variable 'widthSkipCounter' [-Wunused-variable]
  int widthSkipCounter = 0;
      ^
../src/bitmap.c: In function 'ReadBitmapFile':
../src/bitmap.c:139:10: warning: 'return' with a value, in function returning void
  if (fr) return (int)fr;
          ^
Finished building: ../src/bitmap.c
 
Building target: tp2.elf
Invoking: ARM gcc linker
arm-xilinx-eabi-gcc -L"C:\TEMP\inf3995-02\tp\tp2\adv7511_zed.sdk\tp2\lib" -Wl,-T -Wl,../src/lscript.ld -L../../tp2_bsp/ps7_cortexa9_0/lib -o "tp2.elf"  ./src/bitmap.o ./src/cf_hdmi.o ./src/main.o ./src/transmitter.o   -lHDMI_ZedboardLib -Wl,--start-group,-lxil,-lgcc,-lc,--end-group -Wl,--start-group,-lxilffs,-lxil,-lgcc,-lc,--end-group -Wl,--start-group,-lxil,-llwip4,-lgcc,-lc,--end-group
Finished building target: tp2.elf
 
Invoking: ARM Print Size
arm-xilinx-eabi-size tp2.elf  |tee "tp2.elf.size"
   text	   data	    bss	    dec	    hex	filename
 126152	   1972	16525344	16653468	 fe1c9c	tp2.elf
Finished building: tp2.elf.size
 
13:43:10 **** Auto Build of configuration Debug for project tp2 ****
make all 
Building file: ../src/bitmap.c
Invoking: ARM gcc compiler
arm-xilinx-eabi-gcc -Wall -O0 -g3 -I"C:\TEMP\inf3995-02\tp\tp2\adv7511_zed.sdk\tp2\inc" -I"C:\TEMP\inf3995-02\tp\tp2\adv7511_zed.sdk\tp2\lib" -c -fmessage-length=0 -MT"src/bitmap.o" -I../../tp2_bsp/ps7_cortexa9_0/include -MMD -MP -MF"src/bitmap.d" -MT"src/bitmap.d" -o "src/bitmap.o" "../src/bitmap.c"
../src/bitmap.c: In function 'BitmapToRGB':
../src/bitmap.c:100:6: warning: unused variable 'widthSkipCounter' [-Wunused-variable]
  int widthSkipCounter = 0;
      ^
../src/bitmap.c: In function 'ReadBitmapFile':
../src/bitmap.c:143:10: warning: 'return' with a value, in function returning void
  if (fr) return (int)fr;
          ^
Finished building: ../src/bitmap.c
 
Building target: tp2.elf
Invoking: ARM gcc linker
arm-xilinx-eabi-gcc -L"C:\TEMP\inf3995-02\tp\tp2\adv7511_zed.sdk\tp2\lib" -Wl,-T -Wl,../src/lscript.ld -L../../tp2_bsp/ps7_cortexa9_0/lib -o "tp2.elf"  ./src/bitmap.o ./src/cf_hdmi.o ./src/main.o ./src/transmitter.o   -lHDMI_ZedboardLib -Wl,--start-group,-lxil,-lgcc,-lc,--end-group -Wl,--start-group,-lxilffs,-lxil,-lgcc,-lc,--end-group -Wl,--start-group,-lxil,-llwip4,-lgcc,-lc,--end-group
Finished building target: tp2.elf
 
Invoking: ARM Print Size
arm-xilinx-eabi-size tp2.elf  |tee "tp2.elf.size"
   text	   data	    bss	    dec	    hex	filename
 126152	   1972	16525344	16653468	 fe1c9c	tp2.elf
Finished building: tp2.elf.size
 
13:43:19 **** Auto Build of configuration Debug for project tp2 ****
make all 
Building file: ../src/bitmap.c
Invoking: ARM gcc compiler
arm-xilinx-eabi-gcc -Wall -O0 -g3 -I"C:\TEMP\inf3995-02\tp\tp2\adv7511_zed.sdk\tp2\inc" -I"C:\TEMP\inf3995-02\tp\tp2\adv7511_zed.sdk\tp2\lib" -c -fmessage-length=0 -MT"src/bitmap.o" -I../../tp2_bsp/ps7_cortexa9_0/include -MMD -MP -MF"src/bitmap.d" -MT"src/bitmap.d" -o "src/bitmap.o" "../src/bitmap.c"
../src/bitmap.c: In function 'BitmapToRGB':
../src/bitmap.c:100:6: warning: unused variable 'widthSkipCounter' [-Wunused-variable]
  int widthSkipCounter = 0;
      ^
../src/bitmap.c: In function 'ReadBitmapFile':
../src/bitmap.c:143:10: warning: 'return' with a value, in function returning void
  if (fr) return (int)fr;
          ^
Finished building: ../src/bitmap.c
 
Building target: tp2.elf
Invoking: ARM gcc linker
arm-xilinx-eabi-gcc -L"C:\TEMP\inf3995-02\tp\tp2\adv7511_zed.sdk\tp2\lib" -Wl,-T -Wl,../src/lscript.ld -L../../tp2_bsp/ps7_cortexa9_0/lib -o "tp2.elf"  ./src/bitmap.o ./src/cf_hdmi.o ./src/main.o ./src/transmitter.o   -lHDMI_ZedboardLib -Wl,--start-group,-lxil,-lgcc,-lc,--end-group -Wl,--start-group,-lxilffs,-lxil,-lgcc,-lc,--end-group -Wl,--start-group,-lxil,-llwip4,-lgcc,-lc,--end-group
Finished building target: tp2.elf
 
Invoking: ARM Print Size
arm-xilinx-eabi-size tp2.elf  |tee "tp2.elf.size"
   text	   data	    bss	    dec	    hex	filename
 126216	   1972	16525344	16653532	 fe1cdc	tp2.elf
Finished building: tp2.elf.size
 
13:43:36 **** Auto Build of configuration Debug for project tp2 ****
make all 
Building file: ../src/bitmap.c
Invoking: ARM gcc compiler
arm-xilinx-eabi-gcc -Wall -O0 -g3 -I"C:\TEMP\inf3995-02\tp\tp2\adv7511_zed.sdk\tp2\inc" -I"C:\TEMP\inf3995-02\tp\tp2\adv7511_zed.sdk\tp2\lib" -c -fmessage-length=0 -MT"src/bitmap.o" -I../../tp2_bsp/ps7_cortexa9_0/include -MMD -MP -MF"src/bitmap.d" -MT"src/bitmap.d" -o "src/bitmap.o" "../src/bitmap.c"
../src/bitmap.c: In function 'BitmapToRGB':
../src/bitmap.c:100:6: warning: unused variable 'widthSkipCounter' [-Wunused-variable]
  int widthSkipCounter = 0;
      ^
../src/bitmap.c: In function 'ReadBitmapFile':
../src/bitmap.c:144:10: warning: 'return' with a value, in function returning void
  if (fr) return (int)fr;
          ^
Finished building: ../src/bitmap.c
 
Building target: tp2.elf
Invoking: ARM gcc linker
arm-xilinx-eabi-gcc -L"C:\TEMP\inf3995-02\tp\tp2\adv7511_zed.sdk\tp2\lib" -Wl,-T -Wl,../src/lscript.ld -L../../tp2_bsp/ps7_cortexa9_0/lib -o "tp2.elf"  ./src/bitmap.o ./src/cf_hdmi.o ./src/main.o ./src/transmitter.o   -lHDMI_ZedboardLib -Wl,--start-group,-lxil,-lgcc,-lc,--end-group -Wl,--start-group,-lxilffs,-lxil,-lgcc,-lc,--end-group -Wl,--start-group,-lxil,-llwip4,-lgcc,-lc,--end-group
Finished building target: tp2.elf
 
Invoking: ARM Print Size
arm-xilinx-eabi-size tp2.elf  |tee "tp2.elf.size"
   text	   data	    bss	    dec	    hex	filename
 126216	   1972	16525344	16653532	 fe1cdc	tp2.elf
Finished building: tp2.elf.size
 
13:44:05 **** Auto Build of configuration Debug for project tp2 ****
make all 
Building file: ../src/bitmap.c
Invoking: ARM gcc compiler
arm-xilinx-eabi-gcc -Wall -O0 -g3 -I"C:\TEMP\inf3995-02\tp\tp2\adv7511_zed.sdk\tp2\inc" -I"C:\TEMP\inf3995-02\tp\tp2\adv7511_zed.sdk\tp2\lib" -c -fmessage-length=0 -MT"src/bitmap.o" -I../../tp2_bsp/ps7_cortexa9_0/include -MMD -MP -MF"src/bitmap.d" -MT"src/bitmap.d" -o "src/bitmap.o" "../src/bitmap.c"
../src/bitmap.c: In function 'ReadBitmapFile':
../src/bitmap.c:148:10: warning: 'return' with a value, in function returning void
  if (fr) return (int)fr;
          ^
Finished building: ../src/bitmap.c
 
Building target: tp2.elf
Invoking: ARM gcc linker
arm-xilinx-eabi-gcc -L"C:\TEMP\inf3995-02\tp\tp2\adv7511_zed.sdk\tp2\lib" -Wl,-T -Wl,../src/lscript.ld -L../../tp2_bsp/ps7_cortexa9_0/lib -o "tp2.elf"  ./src/bitmap.o ./src/cf_hdmi.o ./src/main.o ./src/transmitter.o   -lHDMI_ZedboardLib -Wl,--start-group,-lxil,-lgcc,-lc,--end-group -Wl,--start-group,-lxilffs,-lxil,-lgcc,-lc,--end-group -Wl,--start-group,-lxil,-llwip4,-lgcc,-lc,--end-group
Finished building target: tp2.elf
 
Invoking: ARM Print Size
arm-xilinx-eabi-size tp2.elf  |tee "tp2.elf.size"
   text	   data	    bss	    dec	    hex	filename
 126216	   1972	16525344	16653532	 fe1cdc	tp2.elf
Finished building: tp2.elf.size
 
13:44:34 **** Auto Build of configuration Debug for project tp2 ****
make all 
Building file: ../src/bitmap.c
Invoking: ARM gcc compiler
arm-xilinx-eabi-gcc -Wall -O0 -g3 -I"C:\TEMP\inf3995-02\tp\tp2\adv7511_zed.sdk\tp2\inc" -I"C:\TEMP\inf3995-02\tp\tp2\adv7511_zed.sdk\tp2\lib" -c -fmessage-length=0 -MT"src/bitmap.o" -I../../tp2_bsp/ps7_cortexa9_0/include -MMD -MP -MF"src/bitmap.d" -MT"src/bitmap.d" -o "src/bitmap.o" "../src/bitmap.c"
../src/bitmap.c: In function 'ReadBitmapFile':
../src/bitmap.c:148:10: warning: 'return' with a value, in function returning void
  if (fr) return (int)fr;
          ^
Finished building: ../src/bitmap.c
 
Building target: tp2.elf
Invoking: ARM gcc linker
arm-xilinx-eabi-gcc -L"C:\TEMP\inf3995-02\tp\tp2\adv7511_zed.sdk\tp2\lib" -Wl,-T -Wl,../src/lscript.ld -L../../tp2_bsp/ps7_cortexa9_0/lib -o "tp2.elf"  ./src/bitmap.o ./src/cf_hdmi.o ./src/main.o ./src/transmitter.o   -lHDMI_ZedboardLib -Wl,--start-group,-lxil,-lgcc,-lc,--end-group -Wl,--start-group,-lxilffs,-lxil,-lgcc,-lc,--end-group -Wl,--start-group,-lxil,-llwip4,-lgcc,-lc,--end-group
Finished building target: tp2.elf
 
Invoking: ARM Print Size
arm-xilinx-eabi-size tp2.elf  |tee "tp2.elf.size"
   text	   data	    bss	    dec	    hex	filename
 126216	   1972	16525344	16653532	 fe1cdc	tp2.elf
Finished building: tp2.elf.size
 
13:44:37 **** Auto Build of configuration Debug for project tp2 ****
make all 
Building file: ../src/bitmap.c
Invoking: ARM gcc compiler
arm-xilinx-eabi-gcc -Wall -O0 -g3 -I"C:\TEMP\inf3995-02\tp\tp2\adv7511_zed.sdk\tp2\inc" -I"C:\TEMP\inf3995-02\tp\tp2\adv7511_zed.sdk\tp2\lib" -c -fmessage-length=0 -MT"src/bitmap.o" -I../../tp2_bsp/ps7_cortexa9_0/include -MMD -MP -MF"src/bitmap.d" -MT"src/bitmap.d" -o "src/bitmap.o" "../src/bitmap.c"
../src/bitmap.c: In function 'ReadBitmapFile':
../src/bitmap.c:148:10: warning: 'return' with a value, in function returning void
  if (fr) return (int)fr;
          ^
Finished building: ../src/bitmap.c
 
Building target: tp2.elf
Invoking: ARM gcc linker
arm-xilinx-eabi-gcc -L"C:\TEMP\inf3995-02\tp\tp2\adv7511_zed.sdk\tp2\lib" -Wl,-T -Wl,../src/lscript.ld -L../../tp2_bsp/ps7_cortexa9_0/lib -o "tp2.elf"  ./src/bitmap.o ./src/cf_hdmi.o ./src/main.o ./src/transmitter.o   -lHDMI_ZedboardLib -Wl,--start-group,-lxil,-lgcc,-lc,--end-group -Wl,--start-group,-lxilffs,-lxil,-lgcc,-lc,--end-group -Wl,--start-group,-lxil,-llwip4,-lgcc,-lc,--end-group
Finished building target: tp2.elf
 
Invoking: ARM Print Size
arm-xilinx-eabi-size tp2.elf  |tee "tp2.elf.size"
   text	   data	    bss	    dec	    hex	filename
 126216	   1972	16525344	16653532	 fe1cdc	tp2.elf
Finished building: tp2.elf.size
 
13:44:45 **** Auto Build of configuration Debug for project tp2 ****
make all 
Building file: ../src/bitmap.c
Invoking: ARM gcc compiler
arm-xilinx-eabi-gcc -Wall -O0 -g3 -I"C:\TEMP\inf3995-02\tp\tp2\adv7511_zed.sdk\tp2\inc" -I"C:\TEMP\inf3995-02\tp\tp2\adv7511_zed.sdk\tp2\lib" -c -fmessage-length=0 -MT"src/bitmap.o" -I../../tp2_bsp/ps7_cortexa9_0/include -MMD -MP -MF"src/bitmap.d" -MT"src/bitmap.d" -o "src/bitmap.o" "../src/bitmap.c"
../src/bitmap.c: In function 'ReadBitmapFile':
../src/bitmap.c:148:10: warning: 'return' with a value, in function returning void
  if (fr) return (int)fr;
          ^
Finished building: ../src/bitmap.c
 
Building target: tp2.elf
Invoking: ARM gcc linker
arm-xilinx-eabi-gcc -L"C:\TEMP\inf3995-02\tp\tp2\adv7511_zed.sdk\tp2\lib" -Wl,-T -Wl,../src/lscript.ld -L../../tp2_bsp/ps7_cortexa9_0/lib -o "tp2.elf"  ./src/bitmap.o ./src/cf_hdmi.o ./src/main.o ./src/transmitter.o   -lHDMI_ZedboardLib -Wl,--start-group,-lxil,-lgcc,-lc,--end-group -Wl,--start-group,-lxilffs,-lxil,-lgcc,-lc,--end-group -Wl,--start-group,-lxil,-llwip4,-lgcc,-lc,--end-group
Finished building target: tp2.elf
 
Invoking: ARM Print Size
arm-xilinx-eabi-size tp2.elf  |tee "tp2.elf.size"
   text	   data	    bss	    dec	    hex	filename
 126216	   1972	16525344	16653532	 fe1cdc	tp2.elf
Finished building: tp2.elf.size
 
13:45:07 **** Auto Build of configuration Debug for project tp2 ****
make all 
Building file: ../src/bitmap.c
Invoking: ARM gcc compiler
arm-xilinx-eabi-gcc -Wall -O0 -g3 -I"C:\TEMP\inf3995-02\tp\tp2\adv7511_zed.sdk\tp2\inc" -I"C:\TEMP\inf3995-02\tp\tp2\adv7511_zed.sdk\tp2\lib" -c -fmessage-length=0 -MT"src/bitmap.o" -I../../tp2_bsp/ps7_cortexa9_0/include -MMD -MP -MF"src/bitmap.d" -MT"src/bitmap.d" -o "src/bitmap.o" "../src/bitmap.c"
../src/bitmap.c: In function 'ReadBitmapFile':
../src/bitmap.c:148:10: warning: 'return' with a value, in function returning void
  if (fr) return (int)fr;
          ^
Finished building: ../src/bitmap.c
 
Building target: tp2.elf
Invoking: ARM gcc linker
arm-xilinx-eabi-gcc -L"C:\TEMP\inf3995-02\tp\tp2\adv7511_zed.sdk\tp2\lib" -Wl,-T -Wl,../src/lscript.ld -L../../tp2_bsp/ps7_cortexa9_0/lib -o "tp2.elf"  ./src/bitmap.o ./src/cf_hdmi.o ./src/main.o ./src/transmitter.o   -lHDMI_ZedboardLib -Wl,--start-group,-lxil,-lgcc,-lc,--end-group -Wl,--start-group,-lxilffs,-lxil,-lgcc,-lc,--end-group -Wl,--start-group,-lxil,-llwip4,-lgcc,-lc,--end-group
Finished building target: tp2.elf
 
Invoking: ARM Print Size
arm-xilinx-eabi-size tp2.elf  |tee "tp2.elf.size"
   text	   data	    bss	    dec	    hex	filename
 126216	   1972	16525344	16653532	 fe1cdc	tp2.elf
Finished building: tp2.elf.size
 
13:45:11 **** Auto Build of configuration Debug for project tp2 ****
make all 
Building file: ../src/bitmap.c
Invoking: ARM gcc compiler
arm-xilinx-eabi-gcc -Wall -O0 -g3 -I"C:\TEMP\inf3995-02\tp\tp2\adv7511_zed.sdk\tp2\inc" -I"C:\TEMP\inf3995-02\tp\tp2\adv7511_zed.sdk\tp2\lib" -c -fmessage-length=0 -MT"src/bitmap.o" -I../../tp2_bsp/ps7_cortexa9_0/include -MMD -MP -MF"src/bitmap.d" -MT"src/bitmap.d" -o "src/bitmap.o" "../src/bitmap.c"
../src/bitmap.c: In function 'ReadBitmapFile':
../src/bitmap.c:149:10: warning: 'return' with a value, in function returning void
  if (fr) return (int)fr;
          ^
Finished building: ../src/bitmap.c
 
Building target: tp2.elf
Invoking: ARM gcc linker
arm-xilinx-eabi-gcc -L"C:\TEMP\inf3995-02\tp\tp2\adv7511_zed.sdk\tp2\lib" -Wl,-T -Wl,../src/lscript.ld -L../../tp2_bsp/ps7_cortexa9_0/lib -o "tp2.elf"  ./src/bitmap.o ./src/cf_hdmi.o ./src/main.o ./src/transmitter.o   -lHDMI_ZedboardLib -Wl,--start-group,-lxil,-lgcc,-lc,--end-group -Wl,--start-group,-lxilffs,-lxil,-lgcc,-lc,--end-group -Wl,--start-group,-lxil,-llwip4,-lgcc,-lc,--end-group
Finished building target: tp2.elf
 
Invoking: ARM Print Size
arm-xilinx-eabi-size tp2.elf  |tee "tp2.elf.size"
   text	   data	    bss	    dec	    hex	filename
 126280	   1972	16525344	16653596	 fe1d1c	tp2.elf
Finished building: tp2.elf.size
 
13:46:01 **** Auto Build of configuration Debug for project tp2 ****
make all 
Building file: ../src/bitmap.c
Invoking: ARM gcc compiler
arm-xilinx-eabi-gcc -Wall -O0 -g3 -I"C:\TEMP\inf3995-02\tp\tp2\adv7511_zed.sdk\tp2\inc" -I"C:\TEMP\inf3995-02\tp\tp2\adv7511_zed.sdk\tp2\lib" -c -fmessage-length=0 -MT"src/bitmap.o" -I../../tp2_bsp/ps7_cortexa9_0/include -MMD -MP -MF"src/bitmap.d" -MT"src/bitmap.d" -o "src/bitmap.o" "../src/bitmap.c"
../src/bitmap.c: In function 'ReadBitmapFile':
../src/bitmap.c:152:10: warning: 'return' with a value, in function returning void
  if (fr) return (int)fr;
          ^
Finished building: ../src/bitmap.c
 
Building target: tp2.elf
Invoking: ARM gcc linker
arm-xilinx-eabi-gcc -L"C:\TEMP\inf3995-02\tp\tp2\adv7511_zed.sdk\tp2\lib" -Wl,-T -Wl,../src/lscript.ld -L../../tp2_bsp/ps7_cortexa9_0/lib -o "tp2.elf"  ./src/bitmap.o ./src/cf_hdmi.o ./src/main.o ./src/transmitter.o   -lHDMI_ZedboardLib -Wl,--start-group,-lxil,-lgcc,-lc,--end-group -Wl,--start-group,-lxilffs,-lxil,-lgcc,-lc,--end-group -Wl,--start-group,-lxil,-llwip4,-lgcc,-lc,--end-group
Finished building target: tp2.elf
 
Invoking: ARM Print Size
arm-xilinx-eabi-size tp2.elf  |tee "tp2.elf.size"
   text	   data	    bss	    dec	    hex	filename
 126216	   1972	16525344	16653532	 fe1cdc	tp2.elf
Finished building: tp2.elf.size
 
13:46:05 **** Auto Build of configuration Debug for project tp2 ****
make all 
Building file: ../src/bitmap.c
Invoking: ARM gcc compiler
arm-xilinx-eabi-gcc -Wall -O0 -g3 -I"C:\TEMP\inf3995-02\tp\tp2\adv7511_zed.sdk\tp2\inc" -I"C:\TEMP\inf3995-02\tp\tp2\adv7511_zed.sdk\tp2\lib" -c -fmessage-length=0 -MT"src/bitmap.o" -I../../tp2_bsp/ps7_cortexa9_0/include -MMD -MP -MF"src/bitmap.d" -MT"src/bitmap.d" -o "src/bitmap.o" "../src/bitmap.c"
../src/bitmap.c: In function 'ReadBitmapFile':
../src/bitmap.c:152:10: warning: 'return' with a value, in function returning void
  if (fr) return (int)fr;
          ^
Finished building: ../src/bitmap.c
 
Building target: tp2.elf
Invoking: ARM gcc linker
arm-xilinx-eabi-gcc -L"C:\TEMP\inf3995-02\tp\tp2\adv7511_zed.sdk\tp2\lib" -Wl,-T -Wl,../src/lscript.ld -L../../tp2_bsp/ps7_cortexa9_0/lib -o "tp2.elf"  ./src/bitmap.o ./src/cf_hdmi.o ./src/main.o ./src/transmitter.o   -lHDMI_ZedboardLib -Wl,--start-group,-lxil,-lgcc,-lc,--end-group -Wl,--start-group,-lxilffs,-lxil,-lgcc,-lc,--end-group -Wl,--start-group,-lxil,-llwip4,-lgcc,-lc,--end-group
Finished building target: tp2.elf
 
Invoking: ARM Print Size
arm-xilinx-eabi-size tp2.elf  |tee "tp2.elf.size"
   text	   data	    bss	    dec	    hex	filename
 126216	   1972	16525344	16653532	 fe1cdc	tp2.elf
Finished building: tp2.elf.size
 
13:46:47 **** Auto Build of configuration Debug for project tp2 ****
make all 
Building file: ../src/bitmap.c
Invoking: ARM gcc compiler
arm-xilinx-eabi-gcc -Wall -O0 -g3 -I"C:\TEMP\inf3995-02\tp\tp2\adv7511_zed.sdk\tp2\inc" -I"C:\TEMP\inf3995-02\tp\tp2\adv7511_zed.sdk\tp2\lib" -c -fmessage-length=0 -MT"src/bitmap.o" -I../../tp2_bsp/ps7_cortexa9_0/include -MMD -MP -MF"src/bitmap.d" -MT"src/bitmap.d" -o "src/bitmap.o" "../src/bitmap.c"
../src/bitmap.c: In function 'ReadBitmapFile':
../src/bitmap.c:152:10: warning: 'return' with a value, in function returning void
  if (fr) return (int)fr;
          ^
Finished building: ../src/bitmap.c
 
Building target: tp2.elf
Invoking: ARM gcc linker
arm-xilinx-eabi-gcc -L"C:\TEMP\inf3995-02\tp\tp2\adv7511_zed.sdk\tp2\lib" -Wl,-T -Wl,../src/lscript.ld -L../../tp2_bsp/ps7_cortexa9_0/lib -o "tp2.elf"  ./src/bitmap.o ./src/cf_hdmi.o ./src/main.o ./src/transmitter.o   -lHDMI_ZedboardLib -Wl,--start-group,-lxil,-lgcc,-lc,--end-group -Wl,--start-group,-lxilffs,-lxil,-lgcc,-lc,--end-group -Wl,--start-group,-lxil,-llwip4,-lgcc,-lc,--end-group
Finished building target: tp2.elf
 
Invoking: ARM Print Size
arm-xilinx-eabi-size tp2.elf  |tee "tp2.elf.size"
   text	   data	    bss	    dec	    hex	filename
 126216	   1972	16525344	16653532	 fe1cdc	tp2.elf
Finished building: tp2.elf.size
 
13:47:31 **** Auto Build of configuration Debug for project tp2 ****
make all 
Building file: ../src/bitmap.c
Invoking: ARM gcc compiler
arm-xilinx-eabi-gcc -Wall -O0 -g3 -I"C:\TEMP\inf3995-02\tp\tp2\adv7511_zed.sdk\tp2\inc" -I"C:\TEMP\inf3995-02\tp\tp2\adv7511_zed.sdk\tp2\lib" -c -fmessage-length=0 -MT"src/bitmap.o" -I../../tp2_bsp/ps7_cortexa9_0/include -MMD -MP -MF"src/bitmap.d" -MT"src/bitmap.d" -o "src/bitmap.o" "../src/bitmap.c"
../src/bitmap.c: In function 'ReadBitmapFile':
../src/bitmap.c:152:10: warning: 'return' with a value, in function returning void
  if (fr) return (int)fr;
          ^
Finished building: ../src/bitmap.c
 
Building target: tp2.elf
Invoking: ARM gcc linker
arm-xilinx-eabi-gcc -L"C:\TEMP\inf3995-02\tp\tp2\adv7511_zed.sdk\tp2\lib" -Wl,-T -Wl,../src/lscript.ld -L../../tp2_bsp/ps7_cortexa9_0/lib -o "tp2.elf"  ./src/bitmap.o ./src/cf_hdmi.o ./src/main.o ./src/transmitter.o   -lHDMI_ZedboardLib -Wl,--start-group,-lxil,-lgcc,-lc,--end-group -Wl,--start-group,-lxilffs,-lxil,-lgcc,-lc,--end-group -Wl,--start-group,-lxil,-llwip4,-lgcc,-lc,--end-group
Finished building target: tp2.elf
 
Invoking: ARM Print Size
arm-xilinx-eabi-size tp2.elf  |tee "tp2.elf.size"
   text	   data	    bss	    dec	    hex	filename
 126216	   1972	16525344	16653532	 fe1cdc	tp2.elf
Finished building: tp2.elf.size
 
13:47:51 **** Auto Build of configuration Debug for project tp2 ****
make all 
Building file: ../src/bitmap.c
Invoking: ARM gcc compiler
arm-xilinx-eabi-gcc -Wall -O0 -g3 -I"C:\TEMP\inf3995-02\tp\tp2\adv7511_zed.sdk\tp2\inc" -I"C:\TEMP\inf3995-02\tp\tp2\adv7511_zed.sdk\tp2\lib" -c -fmessage-length=0 -MT"src/bitmap.o" -I../../tp2_bsp/ps7_cortexa9_0/include -MMD -MP -MF"src/bitmap.d" -MT"src/bitmap.d" -o "src/bitmap.o" "../src/bitmap.c"
../src/bitmap.c: In function 'ReadBitmapFile':
../src/bitmap.c:152:10: warning: 'return' with a value, in function returning void
  if (fr) return (int)fr;
          ^
Finished building: ../src/bitmap.c
 
Building target: tp2.elf
Invoking: ARM gcc linker
arm-xilinx-eabi-gcc -L"C:\TEMP\inf3995-02\tp\tp2\adv7511_zed.sdk\tp2\lib" -Wl,-T -Wl,../src/lscript.ld -L../../tp2_bsp/ps7_cortexa9_0/lib -o "tp2.elf"  ./src/bitmap.o ./src/cf_hdmi.o ./src/main.o ./src/transmitter.o   -lHDMI_ZedboardLib -Wl,--start-group,-lxil,-lgcc,-lc,--end-group -Wl,--start-group,-lxilffs,-lxil,-lgcc,-lc,--end-group -Wl,--start-group,-lxil,-llwip4,-lgcc,-lc,--end-group
Finished building target: tp2.elf
 
Invoking: ARM Print Size
arm-xilinx-eabi-size tp2.elf  |tee "tp2.elf.size"
   text	   data	    bss	    dec	    hex	filename
 126216	   1972	16525344	16653532	 fe1cdc	tp2.elf
Finished building: tp2.elf.size
 
13:48:23 **** Auto Build of configuration Debug for project tp2 ****
make all 
Building file: ../src/bitmap.c
Invoking: ARM gcc compiler
arm-xilinx-eabi-gcc -Wall -O0 -g3 -I"C:\TEMP\inf3995-02\tp\tp2\adv7511_zed.sdk\tp2\inc" -I"C:\TEMP\inf3995-02\tp\tp2\adv7511_zed.sdk\tp2\lib" -c -fmessage-length=0 -MT"src/bitmap.o" -I../../tp2_bsp/ps7_cortexa9_0/include -MMD -MP -MF"src/bitmap.d" -MT"src/bitmap.d" -o "src/bitmap.o" "../src/bitmap.c"
../src/bitmap.c: In function 'ReadBitmapFile':
../src/bitmap.c:152:10: warning: 'return' with a value, in function returning void
  if (fr) return (int)fr;
          ^
Finished building: ../src/bitmap.c
 
Building target: tp2.elf
Invoking: ARM gcc linker
arm-xilinx-eabi-gcc -L"C:\TEMP\inf3995-02\tp\tp2\adv7511_zed.sdk\tp2\lib" -Wl,-T -Wl,../src/lscript.ld -L../../tp2_bsp/ps7_cortexa9_0/lib -o "tp2.elf"  ./src/bitmap.o ./src/cf_hdmi.o ./src/main.o ./src/transmitter.o   -lHDMI_ZedboardLib -Wl,--start-group,-lxil,-lgcc,-lc,--end-group -Wl,--start-group,-lxilffs,-lxil,-lgcc,-lc,--end-group -Wl,--start-group,-lxil,-llwip4,-lgcc,-lc,--end-group
Finished building target: tp2.elf
 
Invoking: ARM Print Size
arm-xilinx-eabi-size tp2.elf  |tee "tp2.elf.size"
   text	   data	    bss	    dec	    hex	filename
 126280	   1972	16525344	16653596	 fe1d1c	tp2.elf
Finished building: tp2.elf.size
 
13:48:30 **** Auto Build of configuration Debug for project tp2 ****
make all 
Building file: ../src/bitmap.c
Invoking: ARM gcc compiler
arm-xilinx-eabi-gcc -Wall -O0 -g3 -I"C:\TEMP\inf3995-02\tp\tp2\adv7511_zed.sdk\tp2\inc" -I"C:\TEMP\inf3995-02\tp\tp2\adv7511_zed.sdk\tp2\lib" -c -fmessage-length=0 -MT"src/bitmap.o" -I../../tp2_bsp/ps7_cortexa9_0/include -MMD -MP -MF"src/bitmap.d" -MT"src/bitmap.d" -o "src/bitmap.o" "../src/bitmap.c"
../src/bitmap.c: In function 'ReadBitmapFile':
../src/bitmap.c:151:10: warning: 'return' with a value, in function returning void
  if (fr) return (int)fr;
          ^
Finished building: ../src/bitmap.c
 
Building target: tp2.elf
Invoking: ARM gcc linker
arm-xilinx-eabi-gcc -L"C:\TEMP\inf3995-02\tp\tp2\adv7511_zed.sdk\tp2\lib" -Wl,-T -Wl,../src/lscript.ld -L../../tp2_bsp/ps7_cortexa9_0/lib -o "tp2.elf"  ./src/bitmap.o ./src/cf_hdmi.o ./src/main.o ./src/transmitter.o   -lHDMI_ZedboardLib -Wl,--start-group,-lxil,-lgcc,-lc,--end-group -Wl,--start-group,-lxilffs,-lxil,-lgcc,-lc,--end-group -Wl,--start-group,-lxil,-llwip4,-lgcc,-lc,--end-group
Finished building target: tp2.elf
 
Invoking: ARM Print Size
arm-xilinx-eabi-size tp2.elf  |tee "tp2.elf.size"
   text	   data	    bss	    dec	    hex	filename
 126280	   1972	16525344	16653596	 fe1d1c	tp2.elf
Finished building: tp2.elf.size
 
13:48:36 **** Auto Build of configuration Debug for project tp2 ****
make all 
Building file: ../src/bitmap.c
Invoking: ARM gcc compiler
arm-xilinx-eabi-gcc -Wall -O0 -g3 -I"C:\TEMP\inf3995-02\tp\tp2\adv7511_zed.sdk\tp2\inc" -I"C:\TEMP\inf3995-02\tp\tp2\adv7511_zed.sdk\tp2\lib" -c -fmessage-length=0 -MT"src/bitmap.o" -I../../tp2_bsp/ps7_cortexa9_0/include -MMD -MP -MF"src/bitmap.d" -MT"src/bitmap.d" -o "src/bitmap.o" "../src/bitmap.c"
../src/bitmap.c: In function 'ReadBitmapFile':
../src/bitmap.c:151:10: warning: 'return' with a value, in function returning void
  if (fr) return (int)fr;
          ^
Finished building: ../src/bitmap.c
 
Building target: tp2.elf
Invoking: ARM gcc linker
arm-xilinx-eabi-gcc -L"C:\TEMP\inf3995-02\tp\tp2\adv7511_zed.sdk\tp2\lib" -Wl,-T -Wl,../src/lscript.ld -L../../tp2_bsp/ps7_cortexa9_0/lib -o "tp2.elf"  ./src/bitmap.o ./src/cf_hdmi.o ./src/main.o ./src/transmitter.o   -lHDMI_ZedboardLib -Wl,--start-group,-lxil,-lgcc,-lc,--end-group -Wl,--start-group,-lxilffs,-lxil,-lgcc,-lc,--end-group -Wl,--start-group,-lxil,-llwip4,-lgcc,-lc,--end-group
Finished building target: tp2.elf
 
Invoking: ARM Print Size
arm-xilinx-eabi-size tp2.elf  |tee "tp2.elf.size"
   text	   data	    bss	    dec	    hex	filename
 126280	   1972	16525344	16653596	 fe1d1c	tp2.elf
Finished building: tp2.elf.size
 
13:49:37 **** Auto Build of configuration Debug for project tp2 ****
make all 
Building file: ../src/cf_hdmi.c
Invoking: ARM gcc compiler
arm-xilinx-eabi-gcc -Wall -O0 -g3 -I"C:\TEMP\inf3995-02\tp\tp2\adv7511_zed.sdk\tp2\inc" -I"C:\TEMP\inf3995-02\tp\tp2\adv7511_zed.sdk\tp2\lib" -c -fmessage-length=0 -MT"src/cf_hdmi.o" -I../../tp2_bsp/ps7_cortexa9_0/include -MMD -MP -MF"src/cf_hdmi.d" -MT"src/cf_hdmi.d" -o "src/cf_hdmi.o" "../src/cf_hdmi.c"
Finished building: ../src/cf_hdmi.c
 
Building target: tp2.elf
Invoking: ARM gcc linker
arm-xilinx-eabi-gcc -L"C:\TEMP\inf3995-02\tp\tp2\adv7511_zed.sdk\tp2\lib" -Wl,-T -Wl,../src/lscript.ld -L../../tp2_bsp/ps7_cortexa9_0/lib -o "tp2.elf"  ./src/bitmap.o ./src/cf_hdmi.o ./src/main.o ./src/transmitter.o   -lHDMI_ZedboardLib -Wl,--start-group,-lxil,-lgcc,-lc,--end-group -Wl,--start-group,-lxilffs,-lxil,-lgcc,-lc,--end-group -Wl,--start-group,-lxil,-llwip4,-lgcc,-lc,--end-group
Finished building target: tp2.elf
 
Invoking: ARM Print Size
arm-xilinx-eabi-size tp2.elf  |tee "tp2.elf.size"
   text	   data	    bss	    dec	    hex	filename
 126280	   1972	16525344	16653596	 fe1d1c	tp2.elf
Finished building: tp2.elf.size
 
13:49:40 **** Auto Build of configuration Debug for project tp2 ****
make all 
Building file: ../src/cf_hdmi.c
Invoking: ARM gcc compiler
arm-xilinx-eabi-gcc -Wall -O0 -g3 -I"C:\TEMP\inf3995-02\tp\tp2\adv7511_zed.sdk\tp2\inc" -I"C:\TEMP\inf3995-02\tp\tp2\adv7511_zed.sdk\tp2\lib" -c -fmessage-length=0 -MT"src/cf_hdmi.o" -I../../tp2_bsp/ps7_cortexa9_0/include -MMD -MP -MF"src/cf_hdmi.d" -MT"src/cf_hdmi.d" -o "src/cf_hdmi.o" "../src/cf_hdmi.c"
Finished building: ../src/cf_hdmi.c
 
Building target: tp2.elf
Invoking: ARM gcc linker
arm-xilinx-eabi-gcc -L"C:\TEMP\inf3995-02\tp\tp2\adv7511_zed.sdk\tp2\lib" -Wl,-T -Wl,../src/lscript.ld -L../../tp2_bsp/ps7_cortexa9_0/lib -o "tp2.elf"  ./src/bitmap.o ./src/cf_hdmi.o ./src/main.o ./src/transmitter.o   -lHDMI_ZedboardLib -Wl,--start-group,-lxil,-lgcc,-lc,--end-group -Wl,--start-group,-lxilffs,-lxil,-lgcc,-lc,--end-group -Wl,--start-group,-lxil,-llwip4,-lgcc,-lc,--end-group
Finished building target: tp2.elf
 
Invoking: ARM Print Size
arm-xilinx-eabi-size tp2.elf  |tee "tp2.elf.size"
   text	   data	    bss	    dec	    hex	filename
 126216	   1972	16525344	16653532	 fe1cdc	tp2.elf
Finished building: tp2.elf.size
 
13:49:55 **** Auto Build of configuration Debug for project tp2 ****
make all 
Building file: ../src/cf_hdmi.c
Invoking: ARM gcc compiler
arm-xilinx-eabi-gcc -Wall -O0 -g3 -I"C:\TEMP\inf3995-02\tp\tp2\adv7511_zed.sdk\tp2\inc" -I"C:\TEMP\inf3995-02\tp\tp2\adv7511_zed.sdk\tp2\lib" -c -fmessage-length=0 -MT"src/cf_hdmi.o" -I../../tp2_bsp/ps7_cortexa9_0/include -MMD -MP -MF"src/cf_hdmi.d" -MT"src/cf_hdmi.d" -o "src/cf_hdmi.o" "../src/cf_hdmi.c"
Finished building: ../src/cf_hdmi.c
 
Building target: tp2.elf
Invoking: ARM gcc linker
arm-xilinx-eabi-gcc -L"C:\TEMP\inf3995-02\tp\tp2\adv7511_zed.sdk\tp2\lib" -Wl,-T -Wl,../src/lscript.ld -L../../tp2_bsp/ps7_cortexa9_0/lib -o "tp2.elf"  ./src/bitmap.o ./src/cf_hdmi.o ./src/main.o ./src/transmitter.o   -lHDMI_ZedboardLib -Wl,--start-group,-lxil,-lgcc,-lc,--end-group -Wl,--start-group,-lxilffs,-lxil,-lgcc,-lc,--end-group -Wl,--start-group,-lxil,-llwip4,-lgcc,-lc,--end-group
Finished building target: tp2.elf
 
Invoking: ARM Print Size
arm-xilinx-eabi-size tp2.elf  |tee "tp2.elf.size"
   text	   data	    bss	    dec	    hex	filename
 126216	   1972	16525344	16653532	 fe1cdc	tp2.elf
Finished building: tp2.elf.size
 
13:50:06 **** Auto Build of configuration Debug for project tp2 ****
make all 
Building file: ../src/cf_hdmi.c
Invoking: ARM gcc compiler
arm-xilinx-eabi-gcc -Wall -O0 -g3 -I"C:\TEMP\inf3995-02\tp\tp2\adv7511_zed.sdk\tp2\inc" -I"C:\TEMP\inf3995-02\tp\tp2\adv7511_zed.sdk\tp2\lib" -c -fmessage-length=0 -MT"src/cf_hdmi.o" -I../../tp2_bsp/ps7_cortexa9_0/include -MMD -MP -MF"src/cf_hdmi.d" -MT"src/cf_hdmi.d" -o "src/cf_hdmi.o" "../src/cf_hdmi.c"
Finished building: ../src/cf_hdmi.c
 
Building target: tp2.elf
Invoking: ARM gcc linker
arm-xilinx-eabi-gcc -L"C:\TEMP\inf3995-02\tp\tp2\adv7511_zed.sdk\tp2\lib" -Wl,-T -Wl,../src/lscript.ld -L../../tp2_bsp/ps7_cortexa9_0/lib -o "tp2.elf"  ./src/bitmap.o ./src/cf_hdmi.o ./src/main.o ./src/transmitter.o   -lHDMI_ZedboardLib -Wl,--start-group,-lxil,-lgcc,-lc,--end-group -Wl,--start-group,-lxilffs,-lxil,-lgcc,-lc,--end-group -Wl,--start-group,-lxil,-llwip4,-lgcc,-lc,--end-group
Finished building target: tp2.elf
 
Invoking: ARM Print Size
arm-xilinx-eabi-size tp2.elf  |tee "tp2.elf.size"
   text	   data	    bss	    dec	    hex	filename
 126280	   1972	16525344	16653596	 fe1d1c	tp2.elf
Finished building: tp2.elf.size
 
13:51:18 **** Auto Build of configuration Debug for project tp2 ****
make all 
Building target: tp2.elf
Invoking: ARM gcc linker
arm-xilinx-eabi-gcc -L"C:\TEMP\inf3995-02\tp\tp2\adv7511_zed.sdk\tp2\lib" -Wl,-T -Wl,../src/lscript.ld -L../../tp2_bsp/ps7_cortexa9_0/lib -o "tp2.elf"  ./src/bitmap.o ./src/cf_hdmi.o ./src/main.o ./src/transmitter.o   -lHDMI_ZedboardLib -Wl,--start-group,-lxil,-lgcc,-lc,--end-group -Wl,--start-group,-lxilffs,-lxil,-lgcc,-lc,--end-group -Wl,--start-group,-lxil,-llwip4,-lgcc,-lc,--end-group
Finished building target: tp2.elf
 
Invoking: ARM Print Size
arm-xilinx-eabi-size tp2.elf  |tee "tp2.elf.size"
   text	   data	    bss	    dec	    hex	filename
 126280	   1972	34334752	34463004	20ddd1c	tp2.elf
Finished building: tp2.elf.size
 
13:51:59 **** Incremental Build of configuration Debug for project tp2 ****
make all 
make: Rien à faire pour « all ».
13:54:06 **** Auto Build of configuration Debug for project tp2 ****
make all 
Building file: ../src/bitmap.c
Invoking: ARM gcc compiler
arm-xilinx-eabi-gcc -Wall -O0 -g3 -I"C:\TEMP\inf3995-02\tp\tp2\adv7511_zed.sdk\tp2\inc" -I"C:\TEMP\inf3995-02\tp\tp2\adv7511_zed.sdk\tp2\lib" -c -fmessage-length=0 -MT"src/bitmap.o" -I../../tp2_bsp/ps7_cortexa9_0/include -MMD -MP -MF"src/bitmap.d" -MT"src/bitmap.d" -o "src/bitmap.o" "../src/bitmap.c"
../src/bitmap.c: In function 'ReadBitmapFile':
../src/bitmap.c:151:10: warning: 'return' with a value, in function returning void
  if (fr) return (int)fr;
          ^
Finished building: ../src/bitmap.c
 
Building file: ../src/cf_hdmi.c
Invoking: ARM gcc compiler
arm-xilinx-eabi-gcc -Wall -O0 -g3 -I"C:\TEMP\inf3995-02\tp\tp2\adv7511_zed.sdk\tp2\inc" -I"C:\TEMP\inf3995-02\tp\tp2\adv7511_zed.sdk\tp2\lib" -c -fmessage-length=0 -MT"src/cf_hdmi.o" -I../../tp2_bsp/ps7_cortexa9_0/include -MMD -MP -MF"src/cf_hdmi.d" -MT"src/cf_hdmi.d" -o "src/cf_hdmi.o" "../src/cf_hdmi.c"
Finished building: ../src/cf_hdmi.c
 
Building file: ../src/main.c
Invoking: ARM gcc compiler
arm-xilinx-eabi-gcc -Wall -O0 -g3 -I"C:\TEMP\inf3995-02\tp\tp2\adv7511_zed.sdk\tp2\inc" -I"C:\TEMP\inf3995-02\tp\tp2\adv7511_zed.sdk\tp2\lib" -c -fmessage-length=0 -MT"src/main.o" -I../../tp2_bsp/ps7_cortexa9_0/include -MMD -MP -MF"src/main.d" -MT"src/main.d" -o "src/main.o" "../src/main.c"
In file included from ../src/main.c:46:0:
../../tp2_bsp/ps7_cortexa9_0/include/xbasic_types.h:115:2: warning: #warning The xbasics_type.h file is deprecated and users should use xil_types.h and xil_assert. [-Wcpp]
 #warning  The xbasics_type.h file is deprecated and users should use xil_types.h and xil_assert.
  ^
../../tp2_bsp/ps7_cortexa9_0/include/xbasic_types.h:116:2: warning: #warning Please refer the Standalone BSP UG647 for further details [-Wcpp]
 #warning  Please refer the Standalone BSP UG647 for further details
  ^
Finished building: ../src/main.c
 
Building target: tp2.elf
Invoking: ARM gcc linker
arm-xilinx-eabi-gcc -L"C:\TEMP\inf3995-02\tp\tp2\adv7511_zed.sdk\tp2\lib" -Wl,-T -Wl,../src/lscript.ld -L../../tp2_bsp/ps7_cortexa9_0/lib -o "tp2.elf"  ./src/bitmap.o ./src/cf_hdmi.o ./src/main.o ./src/transmitter.o   -lHDMI_ZedboardLib -Wl,--start-group,-lxil,-lgcc,-lc,--end-group -Wl,--start-group,-lxilffs,-lxil,-lgcc,-lc,--end-group -Wl,--start-group,-lxil,-llwip4,-lgcc,-lc,--end-group
Finished building target: tp2.elf
 
Invoking: ARM Print Size
arm-xilinx-eabi-size tp2.elf  |tee "tp2.elf.size"
   text	   data	    bss	    dec	    hex	filename
 126280	   1972	36834752	36963004	23402bc	tp2.elf
Finished building: tp2.elf.size
 
13:54:17 **** Auto Build of configuration Debug for project tp2 ****
make all 
Building file: ../src/bitmap.c
Invoking: ARM gcc compiler
arm-xilinx-eabi-gcc -Wall -O0 -g3 -I"C:\TEMP\inf3995-02\tp\tp2\adv7511_zed.sdk\tp2\inc" -I"C:\TEMP\inf3995-02\tp\tp2\adv7511_zed.sdk\tp2\lib" -c -fmessage-length=0 -MT"src/bitmap.o" -I../../tp2_bsp/ps7_cortexa9_0/include -MMD -MP -MF"src/bitmap.d" -MT"src/bitmap.d" -o "src/bitmap.o" "../src/bitmap.c"
../src/bitmap.c: In function 'ReadBitmapFile':
../src/bitmap.c:151:10: warning: 'return' with a value, in function returning void
  if (fr) return (int)fr;
          ^
Finished building: ../src/bitmap.c
 
Building file: ../src/cf_hdmi.c
Invoking: ARM gcc compiler
arm-xilinx-eabi-gcc -Wall -O0 -g3 -I"C:\TEMP\inf3995-02\tp\tp2\adv7511_zed.sdk\tp2\inc" -I"C:\TEMP\inf3995-02\tp\tp2\adv7511_zed.sdk\tp2\lib" -c -fmessage-length=0 -MT"src/cf_hdmi.o" -I../../tp2_bsp/ps7_cortexa9_0/include -MMD -MP -MF"src/cf_hdmi.d" -MT"src/cf_hdmi.d" -o "src/cf_hdmi.o" "../src/cf_hdmi.c"
Finished building: ../src/cf_hdmi.c
 
Building file: ../src/main.c
Invoking: ARM gcc compiler
arm-xilinx-eabi-gcc -Wall -O0 -g3 -I"C:\TEMP\inf3995-02\tp\tp2\adv7511_zed.sdk\tp2\inc" -I"C:\TEMP\inf3995-02\tp\tp2\adv7511_zed.sdk\tp2\lib" -c -fmessage-length=0 -MT"src/main.o" -I../../tp2_bsp/ps7_cortexa9_0/include -MMD -MP -MF"src/main.d" -MT"src/main.d" -o "src/main.o" "../src/main.c"
In file included from ../src/main.c:46:0:
../../tp2_bsp/ps7_cortexa9_0/include/xbasic_types.h:115:2: warning: #warning The xbasics_type.h file is deprecated and users should use xil_types.h and xil_assert. [-Wcpp]
 #warning  The xbasics_type.h file is deprecated and users should use xil_types.h and xil_assert.
  ^
../../tp2_bsp/ps7_cortexa9_0/include/xbasic_types.h:116:2: warning: #warning Please refer the Standalone BSP UG647 for further details [-Wcpp]
 #warning  Please refer the Standalone BSP UG647 for further details
  ^
Finished building: ../src/main.c
 
Building target: tp2.elf
Invoking: ARM gcc linker
arm-xilinx-eabi-gcc -L"C:\TEMP\inf3995-02\tp\tp2\adv7511_zed.sdk\tp2\lib" -Wl,-T -Wl,../src/lscript.ld -L../../tp2_bsp/ps7_cortexa9_0/lib -o "tp2.elf"  ./src/bitmap.o ./src/cf_hdmi.o ./src/main.o ./src/transmitter.o   -lHDMI_ZedboardLib -Wl,--start-group,-lxil,-lgcc,-lc,--end-group -Wl,--start-group,-lxilffs,-lxil,-lgcc,-lc,--end-group -Wl,--start-group,-lxil,-llwip4,-lgcc,-lc,--end-group
Finished building target: tp2.elf
 
Invoking: ARM Print Size
arm-xilinx-eabi-size tp2.elf  |tee "tp2.elf.size"
   text	   data	    bss	    dec	    hex	filename
 126280	   1972	62834752	62963004	3c0bd3c	tp2.elf
Finished building: tp2.elf.size
 
13:54:20 **** Incremental Build of configuration Debug for project tp2 ****
make all 
make: Rien à faire pour « all ».
13:54:42 **** Auto Build of configuration Debug for project tp2 ****
make all 
Building file: ../src/bitmap.c
Invoking: ARM gcc compiler
arm-xilinx-eabi-gcc -Wall -O0 -g3 -I"C:\TEMP\inf3995-02\tp\tp2\adv7511_zed.sdk\tp2\inc" -I"C:\TEMP\inf3995-02\tp\tp2\adv7511_zed.sdk\tp2\lib" -c -fmessage-length=0 -MT"src/bitmap.o" -I../../tp2_bsp/ps7_cortexa9_0/include -MMD -MP -MF"src/bitmap.d" -MT"src/bitmap.d" -o "src/bitmap.o" "../src/bitmap.c"
../src/bitmap.c: In function 'ReadBitmapFile':
../src/bitmap.c:151:10: warning: 'return' with a value, in function returning void
  if (fr) return (int)fr;
          ^
Finished building: ../src/bitmap.c
 
Building file: ../src/cf_hdmi.c
Invoking: ARM gcc compiler
arm-xilinx-eabi-gcc -Wall -O0 -g3 -I"C:\TEMP\inf3995-02\tp\tp2\adv7511_zed.sdk\tp2\inc" -I"C:\TEMP\inf3995-02\tp\tp2\adv7511_zed.sdk\tp2\lib" -c -fmessage-length=0 -MT"src/cf_hdmi.o" -I../../tp2_bsp/ps7_cortexa9_0/include -MMD -MP -MF"src/cf_hdmi.d" -MT"src/cf_hdmi.d" -o "src/cf_hdmi.o" "../src/cf_hdmi.c"
Finished building: ../src/cf_hdmi.c
 
Building file: ../src/main.c
Invoking: ARM gcc compiler
arm-xilinx-eabi-gcc -Wall -O0 -g3 -I"C:\TEMP\inf3995-02\tp\tp2\adv7511_zed.sdk\tp2\inc" -I"C:\TEMP\inf3995-02\tp\tp2\adv7511_zed.sdk\tp2\lib" -c -fmessage-length=0 -MT"src/main.o" -I../../tp2_bsp/ps7_cortexa9_0/include -MMD -MP -MF"src/main.d" -MT"src/main.d" -o "src/main.o" "../src/main.c"
In file included from ../src/main.c:46:0:
../../tp2_bsp/ps7_cortexa9_0/include/xbasic_types.h:115:2: warning: #warning The xbasics_type.h file is deprecated and users should use xil_types.h and xil_assert. [-Wcpp]
 #warning  The xbasics_type.h file is deprecated and users should use xil_types.h and xil_assert.
  ^
../../tp2_bsp/ps7_cortexa9_0/include/xbasic_types.h:116:2: warning: #warning Please refer the Standalone BSP UG647 for further details [-Wcpp]
 #warning  Please refer the Standalone BSP UG647 for further details
  ^
Finished building: ../src/main.c
 
Building target: tp2.elf
Invoking: ARM gcc linker
arm-xilinx-eabi-gcc -L"C:\TEMP\inf3995-02\tp\tp2\adv7511_zed.sdk\tp2\lib" -Wl,-T -Wl,../src/lscript.ld -L../../tp2_bsp/ps7_cortexa9_0/lib -o "tp2.elf"  ./src/bitmap.o ./src/cf_hdmi.o ./src/main.o ./src/transmitter.o   -lHDMI_ZedboardLib -Wl,--start-group,-lxil,-lgcc,-lc,--end-group -Wl,--start-group,-lxilffs,-lxil,-lgcc,-lc,--end-group -Wl,--start-group,-lxil,-llwip4,-lgcc,-lc,--end-group
Finished building target: tp2.elf
 
Invoking: ARM Print Size
arm-xilinx-eabi-size tp2.elf  |tee "tp2.elf.size"
   text	   data	    bss	    dec	    hex	filename
 126280	   1972	34334752	34463004	20ddd1c	tp2.elf
Finished building: tp2.elf.size
 
13:54:45 **** Incremental Build of configuration Debug for project tp2 ****
make all 
make: Rien à faire pour « all ».
13:55:03 **** Auto Build of configuration Debug for project tp2 ****
make all 
Building file: ../src/bitmap.c
Invoking: ARM gcc compiler
arm-xilinx-eabi-gcc -Wall -O0 -g3 -I"C:\TEMP\inf3995-02\tp\tp2\adv7511_zed.sdk\tp2\inc" -I"C:\TEMP\inf3995-02\tp\tp2\adv7511_zed.sdk\tp2\lib" -c -fmessage-length=0 -MT"src/bitmap.o" -I../../tp2_bsp/ps7_cortexa9_0/include -MMD -MP -MF"src/bitmap.d" -MT"src/bitmap.d" -o "src/bitmap.o" "../src/bitmap.c"
../src/bitmap.c: In function 'ReadBitmapFile':
../src/bitmap.c:151:10: warning: 'return' with a value, in function returning void
  if (fr) return (int)fr;
          ^
Finished building: ../src/bitmap.c
 
Building file: ../src/cf_hdmi.c
Invoking: ARM gcc compiler
arm-xilinx-eabi-gcc -Wall -O0 -g3 -I"C:\TEMP\inf3995-02\tp\tp2\adv7511_zed.sdk\tp2\inc" -I"C:\TEMP\inf3995-02\tp\tp2\adv7511_zed.sdk\tp2\lib" -c -fmessage-length=0 -MT"src/cf_hdmi.o" -I../../tp2_bsp/ps7_cortexa9_0/include -MMD -MP -MF"src/cf_hdmi.d" -MT"src/cf_hdmi.d" -o "src/cf_hdmi.o" "../src/cf_hdmi.c"
Finished building: ../src/cf_hdmi.c
 
Building file: ../src/main.c
Invoking: ARM gcc compiler
arm-xilinx-eabi-gcc -Wall -O0 -g3 -I"C:\TEMP\inf3995-02\tp\tp2\adv7511_zed.sdk\tp2\inc" -I"C:\TEMP\inf3995-02\tp\tp2\adv7511_zed.sdk\tp2\lib" -c -fmessage-length=0 -MT"src/main.o" -I../../tp2_bsp/ps7_cortexa9_0/include -MMD -MP -MF"src/main.d" -MT"src/main.d" -o "src/main.o" "../src/main.c"
In file included from ../src/main.c:46:0:
../../tp2_bsp/ps7_cortexa9_0/include/xbasic_types.h:115:2: warning: #warning The xbasics_type.h file is deprecated and users should use xil_types.h and xil_assert. [-Wcpp]
 #warning  The xbasics_type.h file is deprecated and users should use xil_types.h and xil_assert.
  ^
../../tp2_bsp/ps7_cortexa9_0/include/xbasic_types.h:116:2: warning: #warning Please refer the Standalone BSP UG647 for further details [-Wcpp]
 #warning  Please refer the Standalone BSP UG647 for further details
  ^
Finished building: ../src/main.c
 
Building target: tp2.elf
Invoking: ARM gcc linker
arm-xilinx-eabi-gcc -L"C:\TEMP\inf3995-02\tp\tp2\adv7511_zed.sdk\tp2\lib" -Wl,-T -Wl,../src/lscript.ld -L../../tp2_bsp/ps7_cortexa9_0/lib -o "tp2.elf"  ./src/bitmap.o ./src/cf_hdmi.o ./src/main.o ./src/transmitter.o   -lHDMI_ZedboardLib -Wl,--start-group,-lxil,-lgcc,-lc,--end-group -Wl,--start-group,-lxilffs,-lxil,-lgcc,-lc,--end-group -Wl,--start-group,-lxil,-llwip4,-lgcc,-lc,--end-group
Finished building target: tp2.elf
 
Invoking: ARM Print Size
arm-xilinx-eabi-size tp2.elf  |tee "tp2.elf.size"
   text	   data	    bss	    dec	    hex	filename
 126280	   1972	42334752	42463004	287ef1c	tp2.elf
Finished building: tp2.elf.size
 
13:55:08 **** Auto Build of configuration Debug for project tp2 ****
make all 
Building file: ../src/bitmap.c
Invoking: ARM gcc compiler
arm-xilinx-eabi-gcc -Wall -O0 -g3 -I"C:\TEMP\inf3995-02\tp\tp2\adv7511_zed.sdk\tp2\inc" -I"C:\TEMP\inf3995-02\tp\tp2\adv7511_zed.sdk\tp2\lib" -c -fmessage-length=0 -MT"src/bitmap.o" -I../../tp2_bsp/ps7_cortexa9_0/include -MMD -MP -MF"src/bitmap.d" -MT"src/bitmap.d" -o "src/bitmap.o" "../src/bitmap.c"
../src/bitmap.c: In function 'ReadBitmapFile':
../src/bitmap.c:151:10: warning: 'return' with a value, in function returning void
  if (fr) return (int)fr;
          ^
Finished building: ../src/bitmap.c
 
Building file: ../src/cf_hdmi.c
Invoking: ARM gcc compiler
arm-xilinx-eabi-gcc -Wall -O0 -g3 -I"C:\TEMP\inf3995-02\tp\tp2\adv7511_zed.sdk\tp2\inc" -I"C:\TEMP\inf3995-02\tp\tp2\adv7511_zed.sdk\tp2\lib" -c -fmessage-length=0 -MT"src/cf_hdmi.o" -I../../tp2_bsp/ps7_cortexa9_0/include -MMD -MP -MF"src/cf_hdmi.d" -MT"src/cf_hdmi.d" -o "src/cf_hdmi.o" "../src/cf_hdmi.c"
Finished building: ../src/cf_hdmi.c
 
Building file: ../src/main.c
Invoking: ARM gcc compiler
arm-xilinx-eabi-gcc -Wall -O0 -g3 -I"C:\TEMP\inf3995-02\tp\tp2\adv7511_zed.sdk\tp2\inc" -I"C:\TEMP\inf3995-02\tp\tp2\adv7511_zed.sdk\tp2\lib" -c -fmessage-length=0 -MT"src/main.o" -I../../tp2_bsp/ps7_cortexa9_0/include -MMD -MP -MF"src/main.d" -MT"src/main.d" -o "src/main.o" "../src/main.c"
In file included from ../src/main.c:46:0:
../../tp2_bsp/ps7_cortexa9_0/include/xbasic_types.h:115:2: warning: #warning The xbasics_type.h file is deprecated and users should use xil_types.h and xil_assert. [-Wcpp]
 #warning  The xbasics_type.h file is deprecated and users should use xil_types.h and xil_assert.
  ^
../../tp2_bsp/ps7_cortexa9_0/include/xbasic_types.h:116:2: warning: #warning Please refer the Standalone BSP UG647 for further details [-Wcpp]
 #warning  Please refer the Standalone BSP UG647 for further details
  ^
Finished building: ../src/main.c
 
Building target: tp2.elf
Invoking: ARM gcc linker
arm-xilinx-eabi-gcc -L"C:\TEMP\inf3995-02\tp\tp2\adv7511_zed.sdk\tp2\lib" -Wl,-T -Wl,../src/lscript.ld -L../../tp2_bsp/ps7_cortexa9_0/lib -o "tp2.elf"  ./src/bitmap.o ./src/cf_hdmi.o ./src/main.o ./src/transmitter.o   -lHDMI_ZedboardLib -Wl,--start-group,-lxil,-lgcc,-lc,--end-group -Wl,--start-group,-lxilffs,-lxil,-lgcc,-lc,--end-group -Wl,--start-group,-lxil,-llwip4,-lgcc,-lc,--end-group
Finished building target: tp2.elf
 
Invoking: ARM Print Size
arm-xilinx-eabi-size tp2.elf  |tee "tp2.elf.size"
   text	   data	    bss	    dec	    hex	filename
 126280	   1972	44334752	44463004	2a6739c	tp2.elf
Finished building: tp2.elf.size
 
13:55:10 **** Incremental Build of configuration Debug for project tp2 ****
make all 
make: Rien à faire pour « all ».
13:57:10 **** Incremental Build of configuration Debug for project tp2 ****
make all 
make: Rien à faire pour « all ».
13:57:13 **** Incremental Build of configuration Debug for project tp2 ****
make all 
make: Rien à faire pour « all ».
13:57:27 **** Incremental Build of configuration Debug for project tp2 ****
make all 
make: Rien à faire pour « all ».
[...]
../src/bitmap.c: In function 'ReadBitmapFile':
../src/bitmap.c:147:10: warning: 'return' with a value, in function returning void
  if (fr) return (int)fr;
          ^
Finished building: ../src/bitmap.c
 
Building target: tp2.elf
Invoking: ARM gcc linker
arm-xilinx-eabi-gcc -L"C:\TEMP\inf3995-02\tp\tp2\adv7511_zed.sdk\tp2\lib" -Wl,-T -Wl,../src/lscript.ld -L../../tp2_bsp/ps7_cortexa9_0/lib -o "tp2.elf"  ./src/bitmap.o ./src/cf_hdmi.o ./src/main.o ./src/transmitter.o   -lHDMI_ZedboardLib -Wl,--start-group,-lxil,-lgcc,-lc,--end-group -Wl,--start-group,-lxilffs,-lxil,-lgcc,-lc,--end-group -Wl,--start-group,-lxil,-llwip4,-lgcc,-lc,--end-group
Finished building target: tp2.elf
 
Invoking: ARM Print Size
arm-xilinx-eabi-size tp2.elf  |tee "tp2.elf.size"
   text	   data	    bss	    dec	    hex	filename
 126344	   1972	307721632	307849948	12596adc	tp2.elf
Finished building: tp2.elf.size
 
15:35:36 **** Incremental Build of configuration Debug for project tp2 ****
make all 
make: Rien à faire pour « all ».
15:41:39 **** Auto Build of configuration Debug for project tp2 ****
make all 
Building file: ../src/bitmap.c
Invoking: ARM gcc compiler
arm-xilinx-eabi-gcc -Wall -O0 -g3 -I"C:\TEMP\inf3995-02\tp\tp2\adv7511_zed.sdk\tp2\inc" -I"C:\TEMP\inf3995-02\tp\tp2\adv7511_zed.sdk\tp2\lib" -c -fmessage-length=0 -MT"src/bitmap.o" -I../../tp2_bsp/ps7_cortexa9_0/include -MMD -MP -MF"src/bitmap.d" -MT"src/bitmap.d" -o "src/bitmap.o" "../src/bitmap.c"
../src/bitmap.c: In function 'ReadBitmapFile':
../src/bitmap.c:147:10: warning: 'return' with a value, in function returning void
  if (fr) return (int)fr;
          ^
Finished building: ../src/bitmap.c
 
Building target: tp2.elf
Invoking: ARM gcc linker
arm-xilinx-eabi-gcc -L"C:\TEMP\inf3995-02\tp\tp2\adv7511_zed.sdk\tp2\lib" -Wl,-T -Wl,../src/lscript.ld -L../../tp2_bsp/ps7_cortexa9_0/lib -o "tp2.elf"  ./src/bitmap.o ./src/cf_hdmi.o ./src/main.o ./src/transmitter.o   -lHDMI_ZedboardLib -Wl,--start-group,-lxil,-lgcc,-lc,--end-group -Wl,--start-group,-lxilffs,-lxil,-lgcc,-lc,--end-group -Wl,--start-group,-lxil,-llwip4,-lgcc,-lc,--end-group
Finished building target: tp2.elf
 
Invoking: ARM Print Size
arm-xilinx-eabi-size tp2.elf  |tee "tp2.elf.size"
   text	   data	    bss	    dec	    hex	filename
 126344	   1972	307721632	307849948	12596adc	tp2.elf
Finished building: tp2.elf.size
 
15:41:51 **** Auto Build of configuration Debug for project tp2 ****
make all 
Building file: ../src/bitmap.c
Invoking: ARM gcc compiler
arm-xilinx-eabi-gcc -Wall -O0 -g3 -I"C:\TEMP\inf3995-02\tp\tp2\adv7511_zed.sdk\tp2\inc" -I"C:\TEMP\inf3995-02\tp\tp2\adv7511_zed.sdk\tp2\lib" -c -fmessage-length=0 -MT"src/bitmap.o" -I../../tp2_bsp/ps7_cortexa9_0/include -MMD -MP -MF"src/bitmap.d" -MT"src/bitmap.d" -o "src/bitmap.o" "../src/bitmap.c"
../src/bitmap.c: In function 'ReadBitmapFile':
../src/bitmap.c:148:10: warning: 'return' with a value, in function returning void
  if (fr) return (int)fr;
          ^
Finished building: ../src/bitmap.c
 
Building target: tp2.elf
Invoking: ARM gcc linker
arm-xilinx-eabi-gcc -L"C:\TEMP\inf3995-02\tp\tp2\adv7511_zed.sdk\tp2\lib" -Wl,-T -Wl,../src/lscript.ld -L../../tp2_bsp/ps7_cortexa9_0/lib -o "tp2.elf"  ./src/bitmap.o ./src/cf_hdmi.o ./src/main.o ./src/transmitter.o   -lHDMI_ZedboardLib -Wl,--start-group,-lxil,-lgcc,-lc,--end-group -Wl,--start-group,-lxilffs,-lxil,-lgcc,-lc,--end-group -Wl,--start-group,-lxil,-llwip4,-lgcc,-lc,--end-group
Finished building target: tp2.elf
 
Invoking: ARM Print Size
arm-xilinx-eabi-size tp2.elf  |tee "tp2.elf.size"
   text	   data	    bss	    dec	    hex	filename
 126344	   1972	307721632	307849948	12596adc	tp2.elf
Finished building: tp2.elf.size
 
15:41:56 **** Auto Build of configuration Debug for project tp2 ****
make all 
Building file: ../src/bitmap.c
Invoking: ARM gcc compiler
arm-xilinx-eabi-gcc -Wall -O0 -g3 -I"C:\TEMP\inf3995-02\tp\tp2\adv7511_zed.sdk\tp2\inc" -I"C:\TEMP\inf3995-02\tp\tp2\adv7511_zed.sdk\tp2\lib" -c -fmessage-length=0 -MT"src/bitmap.o" -I../../tp2_bsp/ps7_cortexa9_0/include -MMD -MP -MF"src/bitmap.d" -MT"src/bitmap.d" -o "src/bitmap.o" "../src/bitmap.c"
../src/bitmap.c: In function 'ReadBitmapFile':
../src/bitmap.c:149:10: warning: 'return' with a value, in function returning void
  if (fr) return (int)fr;
          ^
Finished building: ../src/bitmap.c
 
Building target: tp2.elf
Invoking: ARM gcc linker
arm-xilinx-eabi-gcc -L"C:\TEMP\inf3995-02\tp\tp2\adv7511_zed.sdk\tp2\lib" -Wl,-T -Wl,../src/lscript.ld -L../../tp2_bsp/ps7_cortexa9_0/lib -o "tp2.elf"  ./src/bitmap.o ./src/cf_hdmi.o ./src/main.o ./src/transmitter.o   -lHDMI_ZedboardLib -Wl,--start-group,-lxil,-lgcc,-lc,--end-group -Wl,--start-group,-lxilffs,-lxil,-lgcc,-lc,--end-group -Wl,--start-group,-lxil,-llwip4,-lgcc,-lc,--end-group
Finished building target: tp2.elf
 
Invoking: ARM Print Size
arm-xilinx-eabi-size tp2.elf  |tee "tp2.elf.size"
   text	   data	    bss	    dec	    hex	filename
 126344	   1972	307721632	307849948	12596adc	tp2.elf
Finished building: tp2.elf.size
 
15:42:12 **** Auto Build of configuration Debug for project tp2 ****
make all 
Building file: ../src/bitmap.c
Invoking: ARM gcc compiler
arm-xilinx-eabi-gcc -Wall -O0 -g3 -I"C:\TEMP\inf3995-02\tp\tp2\adv7511_zed.sdk\tp2\inc" -I"C:\TEMP\inf3995-02\tp\tp2\adv7511_zed.sdk\tp2\lib" -c -fmessage-length=0 -MT"src/bitmap.o" -I../../tp2_bsp/ps7_cortexa9_0/include -MMD -MP -MF"src/bitmap.d" -MT"src/bitmap.d" -o "src/bitmap.o" "../src/bitmap.c"
../src/bitmap.c: In function 'ReadBitmapFile':
../src/bitmap.c:147:10: warning: 'return' with a value, in function returning void
  if (fr) return (int)fr;
          ^
Finished building: ../src/bitmap.c
 
Building target: tp2.elf
Invoking: ARM gcc linker
arm-xilinx-eabi-gcc -L"C:\TEMP\inf3995-02\tp\tp2\adv7511_zed.sdk\tp2\lib" -Wl,-T -Wl,../src/lscript.ld -L../../tp2_bsp/ps7_cortexa9_0/lib -o "tp2.elf"  ./src/bitmap.o ./src/cf_hdmi.o ./src/main.o ./src/transmitter.o   -lHDMI_ZedboardLib -Wl,--start-group,-lxil,-lgcc,-lc,--end-group -Wl,--start-group,-lxilffs,-lxil,-lgcc,-lc,--end-group -Wl,--start-group,-lxil,-llwip4,-lgcc,-lc,--end-group
Finished building target: tp2.elf
 
Invoking: ARM Print Size
arm-xilinx-eabi-size tp2.elf  |tee "tp2.elf.size"
   text	   data	    bss	    dec	    hex	filename
 126344	   1972	307721632	307849948	12596adc	tp2.elf
Finished building: tp2.elf.size
 
15:42:28 **** Auto Build of configuration Debug for project tp2 ****
make all 
Building file: ../src/bitmap.c
Invoking: ARM gcc compiler
arm-xilinx-eabi-gcc -Wall -O0 -g3 -I"C:\TEMP\inf3995-02\tp\tp2\adv7511_zed.sdk\tp2\inc" -I"C:\TEMP\inf3995-02\tp\tp2\adv7511_zed.sdk\tp2\lib" -c -fmessage-length=0 -MT"src/bitmap.o" -I../../tp2_bsp/ps7_cortexa9_0/include -MMD -MP -MF"src/bitmap.d" -MT"src/bitmap.d" -o "src/bitmap.o" "../src/bitmap.c"
../src/bitmap.c: In function 'ReadBitmapFile':
../src/bitmap.c:147:10: warning: 'return' with a value, in function returning void
  if (fr) return (int)fr;
          ^
Finished building: ../src/bitmap.c
 
Building target: tp2.elf
Invoking: ARM gcc linker
arm-xilinx-eabi-gcc -L"C:\TEMP\inf3995-02\tp\tp2\adv7511_zed.sdk\tp2\lib" -Wl,-T -Wl,../src/lscript.ld -L../../tp2_bsp/ps7_cortexa9_0/lib -o "tp2.elf"  ./src/bitmap.o ./src/cf_hdmi.o ./src/main.o ./src/transmitter.o   -lHDMI_ZedboardLib -Wl,--start-group,-lxil,-lgcc,-lc,--end-group -Wl,--start-group,-lxilffs,-lxil,-lgcc,-lc,--end-group -Wl,--start-group,-lxil,-llwip4,-lgcc,-lc,--end-group
Finished building target: tp2.elf
 
Invoking: ARM Print Size
arm-xilinx-eabi-size tp2.elf  |tee "tp2.elf.size"
   text	   data	    bss	    dec	    hex	filename
 126344	   1972	307721632	307849948	12596adc	tp2.elf
Finished building: tp2.elf.size
 
15:42:35 **** Auto Build of configuration Debug for project tp2 ****
make all 
Building file: ../src/bitmap.c
Invoking: ARM gcc compiler
arm-xilinx-eabi-gcc -Wall -O0 -g3 -I"C:\TEMP\inf3995-02\tp\tp2\adv7511_zed.sdk\tp2\inc" -I"C:\TEMP\inf3995-02\tp\tp2\adv7511_zed.sdk\tp2\lib" -c -fmessage-length=0 -MT"src/bitmap.o" -I../../tp2_bsp/ps7_cortexa9_0/include -MMD -MP -MF"src/bitmap.d" -MT"src/bitmap.d" -o "src/bitmap.o" "../src/bitmap.c"
../src/bitmap.c: In function 'ReadBitmapFile':
../src/bitmap.c:147:10: warning: 'return' with a value, in function returning void
  if (fr) return (int)fr;
          ^
Finished building: ../src/bitmap.c
 
Building target: tp2.elf
Invoking: ARM gcc linker
arm-xilinx-eabi-gcc -L"C:\TEMP\inf3995-02\tp\tp2\adv7511_zed.sdk\tp2\lib" -Wl,-T -Wl,../src/lscript.ld -L../../tp2_bsp/ps7_cortexa9_0/lib -o "tp2.elf"  ./src/bitmap.o ./src/cf_hdmi.o ./src/main.o ./src/transmitter.o   -lHDMI_ZedboardLib -Wl,--start-group,-lxil,-lgcc,-lc,--end-group -Wl,--start-group,-lxilffs,-lxil,-lgcc,-lc,--end-group -Wl,--start-group,-lxil,-llwip4,-lgcc,-lc,--end-group
Finished building target: tp2.elf
 
Invoking: ARM Print Size
arm-xilinx-eabi-size tp2.elf  |tee "tp2.elf.size"
   text	   data	    bss	    dec	    hex	filename
 126344	   1972	307721632	307849948	12596adc	tp2.elf
Finished building: tp2.elf.size
 
15:42:39 **** Auto Build of configuration Debug for project tp2 ****
make all 
Building file: ../src/bitmap.c
Invoking: ARM gcc compiler
arm-xilinx-eabi-gcc -Wall -O0 -g3 -I"C:\TEMP\inf3995-02\tp\tp2\adv7511_zed.sdk\tp2\inc" -I"C:\TEMP\inf3995-02\tp\tp2\adv7511_zed.sdk\tp2\lib" -c -fmessage-length=0 -MT"src/bitmap.o" -I../../tp2_bsp/ps7_cortexa9_0/include -MMD -MP -MF"src/bitmap.d" -MT"src/bitmap.d" -o "src/bitmap.o" "../src/bitmap.c"
../src/bitmap.c: In function 'ReadBitmapFile':
../src/bitmap.c:147:10: warning: 'return' with a value, in function returning void
  if (fr) return (int)fr;
          ^
Finished building: ../src/bitmap.c
 
Building target: tp2.elf
Invoking: ARM gcc linker
arm-xilinx-eabi-gcc -L"C:\TEMP\inf3995-02\tp\tp2\adv7511_zed.sdk\tp2\lib" -Wl,-T -Wl,../src/lscript.ld -L../../tp2_bsp/ps7_cortexa9_0/lib -o "tp2.elf"  ./src/bitmap.o ./src/cf_hdmi.o ./src/main.o ./src/transmitter.o   -lHDMI_ZedboardLib -Wl,--start-group,-lxil,-lgcc,-lc,--end-group -Wl,--start-group,-lxilffs,-lxil,-lgcc,-lc,--end-group -Wl,--start-group,-lxil,-llwip4,-lgcc,-lc,--end-group
Finished building target: tp2.elf
 
Invoking: ARM Print Size
arm-xilinx-eabi-size tp2.elf  |tee "tp2.elf.size"
   text	   data	    bss	    dec	    hex	filename
 126408	   1972	307721632	307850012	12596b1c	tp2.elf
Finished building: tp2.elf.size
 
15:42:46 **** Auto Build of configuration Debug for project tp2 ****
make all 
Building file: ../src/bitmap.c
Invoking: ARM gcc compiler
arm-xilinx-eabi-gcc -Wall -O0 -g3 -I"C:\TEMP\inf3995-02\tp\tp2\adv7511_zed.sdk\tp2\inc" -I"C:\TEMP\inf3995-02\tp\tp2\adv7511_zed.sdk\tp2\lib" -c -fmessage-length=0 -MT"src/bitmap.o" -I../../tp2_bsp/ps7_cortexa9_0/include -MMD -MP -MF"src/bitmap.d" -MT"src/bitmap.d" -o "src/bitmap.o" "../src/bitmap.c"
../src/bitmap.c: In function 'BitmapToRGB':
../src/bitmap.c:118:5: error: expected expression before '=' token
     = dataBucket[(1920*1080)-((i*1920+j)*3)+2];
     ^
../src/bitmap.c: In function 'ReadBitmapFile':
../src/bitmap.c:147:10: warning: 'return' with a value, in function returning void
  if (fr) return (int)fr;
          ^
make: *** [src/bitmap.o] Erreur 1
15:42:55 **** Auto Build of configuration Debug for project tp2 ****
make all 
Building file: ../src/bitmap.c
Invoking: ARM gcc compiler
arm-xilinx-eabi-gcc -Wall -O0 -g3 -I"C:\TEMP\inf3995-02\tp\tp2\adv7511_zed.sdk\tp2\inc" -I"C:\TEMP\inf3995-02\tp\tp2\adv7511_zed.sdk\tp2\lib" -c -fmessage-length=0 -MT"src/bitmap.o" -I../../tp2_bsp/ps7_cortexa9_0/include -MMD -MP -MF"src/bitmap.d" -MT"src/bitmap.d" -o "src/bitmap.o" "../src/bitmap.c"
../src/bitmap.c: In function 'BitmapToRGB':
../src/bitmap.c:118:3: error: expected expression before '=' token
   = dataBucket[(1920*1080)-((i*1920+j)*3)+2];
   ^
../src/bitmap.c: In function 'ReadBitmapFile':
../src/bitmap.c:147:10: warning: 'return' with a value, in function returning void
  if (fr) return (int)fr;
          ^
make: *** [src/bitmap.o] Erreur 1
15:42:59 **** Auto Build of configuration Debug for project tp2 ****
make all 
Building file: ../src/bitmap.c
Invoking: ARM gcc compiler
arm-xilinx-eabi-gcc -Wall -O0 -g3 -I"C:\TEMP\inf3995-02\tp\tp2\adv7511_zed.sdk\tp2\inc" -I"C:\TEMP\inf3995-02\tp\tp2\adv7511_zed.sdk\tp2\lib" -c -fmessage-length=0 -MT"src/bitmap.o" -I../../tp2_bsp/ps7_cortexa9_0/include -MMD -MP -MF"src/bitmap.d" -MT"src/bitmap.d" -o "src/bitmap.o" "../src/bitmap.c"
../src/bitmap.c: In function 'ReadBitmapFile':
../src/bitmap.c:147:10: warning: 'return' with a value, in function returning void
  if (fr) return (int)fr;
          ^
Finished building: ../src/bitmap.c
 
Building target: tp2.elf
Invoking: ARM gcc linker
arm-xilinx-eabi-gcc -L"C:\TEMP\inf3995-02\tp\tp2\adv7511_zed.sdk\tp2\lib" -Wl,-T -Wl,../src/lscript.ld -L../../tp2_bsp/ps7_cortexa9_0/lib -o "tp2.elf"  ./src/bitmap.o ./src/cf_hdmi.o ./src/main.o ./src/transmitter.o   -lHDMI_ZedboardLib -Wl,--start-group,-lxil,-lgcc,-lc,--end-group -Wl,--start-group,-lxilffs,-lxil,-lgcc,-lc,--end-group -Wl,--start-group,-lxil,-llwip4,-lgcc,-lc,--end-group
Finished building target: tp2.elf
 
Invoking: ARM Print Size
arm-xilinx-eabi-size tp2.elf  |tee "tp2.elf.size"
   text	   data	    bss	    dec	    hex	filename
 126408	   1972	307721632	307850012	12596b1c	tp2.elf
Finished building: tp2.elf.size
 
15:43:09 **** Auto Build of configuration Debug for project tp2 ****
make all 
Building file: ../src/bitmap.c
Invoking: ARM gcc compiler
arm-xilinx-eabi-gcc -Wall -O0 -g3 -I"C:\TEMP\inf3995-02\tp\tp2\adv7511_zed.sdk\tp2\inc" -I"C:\TEMP\inf3995-02\tp\tp2\adv7511_zed.sdk\tp2\lib" -c -fmessage-length=0 -MT"src/bitmap.o" -I../../tp2_bsp/ps7_cortexa9_0/include -MMD -MP -MF"src/bitmap.d" -MT"src/bitmap.d" -o "src/bitmap.o" "../src/bitmap.c"
../src/bitmap.c: In function 'ReadBitmapFile':
../src/bitmap.c:147:10: warning: 'return' with a value, in function returning void
  if (fr) return (int)fr;
          ^
Finished building: ../src/bitmap.c
 
Building target: tp2.elf
Invoking: ARM gcc linker
arm-xilinx-eabi-gcc -L"C:\TEMP\inf3995-02\tp\tp2\adv7511_zed.sdk\tp2\lib" -Wl,-T -Wl,../src/lscript.ld -L../../tp2_bsp/ps7_cortexa9_0/lib -o "tp2.elf"  ./src/bitmap.o ./src/cf_hdmi.o ./src/main.o ./src/transmitter.o   -lHDMI_ZedboardLib -Wl,--start-group,-lxil,-lgcc,-lc,--end-group -Wl,--start-group,-lxilffs,-lxil,-lgcc,-lc,--end-group -Wl,--start-group,-lxil,-llwip4,-lgcc,-lc,--end-group
Finished building target: tp2.elf
 
Invoking: ARM Print Size
arm-xilinx-eabi-size tp2.elf  |tee "tp2.elf.size"
   text	   data	    bss	    dec	    hex	filename
 126408	   1972	307721632	307850012	12596b1c	tp2.elf
Finished building: tp2.elf.size
 
15:43:11 **** Incremental Build of configuration Debug for project tp2 ****
make all 
make: Rien à faire pour « all ».
15:43:29 **** Auto Build of configuration Debug for project tp2 ****
make all 
Building file: ../src/bitmap.c
Invoking: ARM gcc compiler
arm-xilinx-eabi-gcc -Wall -O0 -g3 -I"C:\TEMP\inf3995-02\tp\tp2\adv7511_zed.sdk\tp2\inc" -I"C:\TEMP\inf3995-02\tp\tp2\adv7511_zed.sdk\tp2\lib" -c -fmessage-length=0 -MT"src/bitmap.o" -I../../tp2_bsp/ps7_cortexa9_0/include -MMD -MP -MF"src/bitmap.d" -MT"src/bitmap.d" -o "src/bitmap.o" "../src/bitmap.c"
../src/bitmap.c: In function 'ReadBitmapFile':
../src/bitmap.c:147:10: warning: 'return' with a value, in function returning void
  if (fr) return (int)fr;
          ^
Finished building: ../src/bitmap.c
 
Building target: tp2.elf
Invoking: ARM gcc linker
arm-xilinx-eabi-gcc -L"C:\TEMP\inf3995-02\tp\tp2\adv7511_zed.sdk\tp2\lib" -Wl,-T -Wl,../src/lscript.ld -L../../tp2_bsp/ps7_cortexa9_0/lib -o "tp2.elf"  ./src/bitmap.o ./src/cf_hdmi.o ./src/main.o ./src/transmitter.o   -lHDMI_ZedboardLib -Wl,--start-group,-lxil,-lgcc,-lc,--end-group -Wl,--start-group,-lxilffs,-lxil,-lgcc,-lc,--end-group -Wl,--start-group,-lxil,-llwip4,-lgcc,-lc,--end-group
Finished building target: tp2.elf
 
Invoking: ARM Print Size
arm-xilinx-eabi-size tp2.elf  |tee "tp2.elf.size"
   text	   data	    bss	    dec	    hex	filename
 126408	   1972	307721632	307850012	12596b1c	tp2.elf
Finished building: tp2.elf.size
 
15:43:32 **** Incremental Build of configuration Debug for project tp2 ****
make all 
make: Rien à faire pour « all ».
15:44:09 **** Auto Build of configuration Debug for project tp2 ****
make all 
Building file: ../src/bitmap.c
Invoking: ARM gcc compiler
arm-xilinx-eabi-gcc -Wall -O0 -g3 -I"C:\TEMP\inf3995-02\tp\tp2\adv7511_zed.sdk\tp2\inc" -I"C:\TEMP\inf3995-02\tp\tp2\adv7511_zed.sdk\tp2\lib" -c -fmessage-length=0 -MT"src/bitmap.o" -I../../tp2_bsp/ps7_cortexa9_0/include -MMD -MP -MF"src/bitmap.d" -MT"src/bitmap.d" -o "src/bitmap.o" "../src/bitmap.c"
../src/bitmap.c: In function 'BitmapToRGB':
../src/bitmap.c:118:9: error: expected identifier before '=' token
    rgb. = dataBucket[(1920*1080*3)-((i*1920+j)*3)+2];
         ^
../src/bitmap.c: In function 'ReadBitmapFile':
../src/bitmap.c:147:10: warning: 'return' with a value, in function returning void
  if (fr) return (int)fr;
          ^
make: *** [src/bitmap.o] Erreur 1
15:44:13 **** Auto Build of configuration Debug for project tp2 ****
make all 
Building file: ../src/bitmap.c
Invoking: ARM gcc compiler
arm-xilinx-eabi-gcc -Wall -O0 -g3 -I"C:\TEMP\inf3995-02\tp\tp2\adv7511_zed.sdk\tp2\inc" -I"C:\TEMP\inf3995-02\tp\tp2\adv7511_zed.sdk\tp2\lib" -c -fmessage-length=0 -MT"src/bitmap.o" -I../../tp2_bsp/ps7_cortexa9_0/include -MMD -MP -MF"src/bitmap.d" -MT"src/bitmap.d" -o "src/bitmap.o" "../src/bitmap.c"
../src/bitmap.c: In function 'ReadBitmapFile':
../src/bitmap.c:147:10: warning: 'return' with a value, in function returning void
  if (fr) return (int)fr;
          ^
Finished building: ../src/bitmap.c
 
Building target: tp2.elf
Invoking: ARM gcc linker
arm-xilinx-eabi-gcc -L"C:\TEMP\inf3995-02\tp\tp2\adv7511_zed.sdk\tp2\lib" -Wl,-T -Wl,../src/lscript.ld -L../../tp2_bsp/ps7_cortexa9_0/lib -o "tp2.elf"  ./src/bitmap.o ./src/cf_hdmi.o ./src/main.o ./src/transmitter.o   -lHDMI_ZedboardLib -Wl,--start-group,-lxil,-lgcc,-lc,--end-group -Wl,--start-group,-lxilffs,-lxil,-lgcc,-lc,--end-group -Wl,--start-group,-lxil,-llwip4,-lgcc,-lc,--end-group
Finished building target: tp2.elf
 
Invoking: ARM Print Size
arm-xilinx-eabi-size tp2.elf  |tee "tp2.elf.size"
   text	   data	    bss	    dec	    hex	filename
 126408	   1972	307721632	307850012	12596b1c	tp2.elf
Finished building: tp2.elf.size
 
15:44:16 **** Incremental Build of configuration Debug for project tp2 ****
make all 
make: Rien à faire pour « all ».
15:46:58 **** Auto Build of configuration Debug for project tp2 ****
make all 
Building file: ../src/bitmap.c
Invoking: ARM gcc compiler
arm-xilinx-eabi-gcc -Wall -O0 -g3 -I"C:\TEMP\inf3995-02\tp\tp2\adv7511_zed.sdk\tp2\inc" -I"C:\TEMP\inf3995-02\tp\tp2\adv7511_zed.sdk\tp2\lib" -c -fmessage-length=0 -MT"src/bitmap.o" -I../../tp2_bsp/ps7_cortexa9_0/include -MMD -MP -MF"src/bitmap.d" -MT"src/bitmap.d" -o "src/bitmap.o" "../src/bitmap.c"
../src/bitmap.c: In function 'ReadBitmapFile':
../src/bitmap.c:147:10: warning: 'return' with a value, in function returning void
  if (fr) return (int)fr;
          ^
Finished building: ../src/bitmap.c
 
Building target: tp2.elf
Invoking: ARM gcc linker
arm-xilinx-eabi-gcc -L"C:\TEMP\inf3995-02\tp\tp2\adv7511_zed.sdk\tp2\lib" -Wl,-T -Wl,../src/lscript.ld -L../../tp2_bsp/ps7_cortexa9_0/lib -o "tp2.elf"  ./src/bitmap.o ./src/cf_hdmi.o ./src/main.o ./src/transmitter.o   -lHDMI_ZedboardLib -Wl,--start-group,-lxil,-lgcc,-lc,--end-group -Wl,--start-group,-lxilffs,-lxil,-lgcc,-lc,--end-group -Wl,--start-group,-lxil,-llwip4,-lgcc,-lc,--end-group
Finished building target: tp2.elf
 
Invoking: ARM Print Size
arm-xilinx-eabi-size tp2.elf  |tee "tp2.elf.size"
   text	   data	    bss	    dec	    hex	filename
 126408	   1972	307721632	307850012	12596b1c	tp2.elf
Finished building: tp2.elf.size
 
