14:57:55 **** Clean-only build of configuration Debug for project tp2 ****
make clean 
rm -rf  ./src/bitmap.o ./src/cf_hdmi.o ./src/main.o ./src/transmitter.o  ./src/bitmap.d ./src/cf_hdmi.d ./src/main.d ./src/transmitter.d  tp2.elf.size  tp2.elf
 
14:57:55 **** Clean-only build of project bsp ****
make -k clean 
rm -f ps7_cortexa9_0/lib/libxil.a
14:57:55 **** Build of project bsp ****
make -k all 
"Running Make include in ps7_cortexa9_0/libsrc/axivdma_v6_0/src"
C:/Logiciels/Xilinx/SDK/2015.4/gnuwin/bin/make -C ps7_cortexa9_0/libsrc/axivdma_v6_0/src -s include  "SHELL=CMD" "COMPILER=arm-xilinx-eabi-gcc" "ARCHIVER=arm-xilinx-eabi-ar" "COMPILER_FLAGS=  -O2 -c" "EXTRA_COMPILER_FLAGS=-g"
"Running Make include in ps7_cortexa9_0/libsrc/coresightps_dcc_v1_2/src"
C:/Logiciels/Xilinx/SDK/2015.4/gnuwin/bin/make -C ps7_cortexa9_0/libsrc/coresightps_dcc_v1_2/src -s include  "SHELL=CMD" "COMPILER=arm-xilinx-eabi-gcc" "ARCHIVER=arm-xilinx-eabi-ar" "COMPILER_FLAGS=  -O2 -c" "EXTRA_COMPILER_FLAGS=-g"
"Running Make include in ps7_cortexa9_0/libsrc/cpu_cortexa9_v2_1/src"
C:/Logiciels/Xilinx/SDK/2015.4/gnuwin/bin/make -C ps7_cortexa9_0/libsrc/cpu_cortexa9_v2_1/src -s include  "SHELL=CMD" "COMPILER=arm-xilinx-eabi-gcc" "ARCHIVER=arm-xilinx-eabi-ar" "COMPILER_FLAGS=  -O2 -c" "EXTRA_COMPILER_FLAGS=-g"
"Running Make include in ps7_cortexa9_0/libsrc/ddrps_v1_0/src"
C:/Logiciels/Xilinx/SDK/2015.4/gnuwin/bin/make -C ps7_cortexa9_0/libsrc/ddrps_v1_0/src -s include  "SHELL=CMD" "COMPILER=arm-xilinx-eabi-gcc" "ARCHIVER=arm-xilinx-eabi-ar" "COMPILER_FLAGS=  -O2 -c" "EXTRA_COMPILER_FLAGS=-g"
"Running Make include in ps7_cortexa9_0/libsrc/devcfg_v3_3/src"
C:/Logiciels/Xilinx/SDK/2015.4/gnuwin/bin/make -C ps7_cortexa9_0/libsrc/devcfg_v3_3/src -s include  "SHELL=CMD" "COMPILER=arm-xilinx-eabi-gcc" "ARCHIVER=arm-xilinx-eabi-ar" "COMPILER_FLAGS=  -O2 -c" "EXTRA_COMPILER_FLAGS=-g"
"Running Make include in ps7_cortexa9_0/libsrc/dmaps_v2_1/src"
C:/Logiciels/Xilinx/SDK/2015.4/gnuwin/bin/make -C ps7_cortexa9_0/libsrc/dmaps_v2_1/src -s include  "SHELL=CMD" "COMPILER=arm-xilinx-eabi-gcc" "ARCHIVER=arm-xilinx-eabi-ar" "COMPILER_FLAGS=  -O2 -c" "EXTRA_COMPILER_FLAGS=-g"
"Running Make include in ps7_cortexa9_0/libsrc/emacps_v3_1/src"
C:/Logiciels/Xilinx/SDK/2015.4/gnuwin/bin/make -C ps7_cortexa9_0/libsrc/emacps_v3_1/src -s include  "SHELL=CMD" "COMPILER=arm-xilinx-eabi-gcc" "ARCHIVER=arm-xilinx-eabi-ar" "COMPILER_FLAGS=  -O2 -c" "EXTRA_COMPILER_FLAGS=-g"
"Running Make include in ps7_cortexa9_0/libsrc/gpiops_v3_1/src"
C:/Logiciels/Xilinx/SDK/2015.4/gnuwin/bin/make -C ps7_cortexa9_0/libsrc/gpiops_v3_1/src -s include  "SHELL=CMD" "COMPILER=arm-xilinx-eabi-gcc" "ARCHIVER=arm-xilinx-eabi-ar" "COMPILER_FLAGS=  -O2 -c" "EXTRA_COMPILER_FLAGS=-g"
"Running Make include in ps7_cortexa9_0/libsrc/iic_v3_1/src"
C:/Logiciels/Xilinx/SDK/2015.4/gnuwin/bin/make -C ps7_cortexa9_0/libsrc/iic_v3_1/src -s include  "SHELL=CMD" "COMPILER=arm-xilinx-eabi-gcc" "ARCHIVER=arm-xilinx-eabi-ar" "COMPILER_FLAGS=  -O2 -c" "EXTRA_COMPILER_FLAGS=-g"
"Running Make include in ps7_cortexa9_0/libsrc/qspips_v3_2/src"
C:/Logiciels/Xilinx/SDK/2015.4/gnuwin/bin/make -C ps7_cortexa9_0/libsrc/qspips_v3_2/src -s include  "SHELL=CMD" "COMPILER=arm-xilinx-eabi-gcc" "ARCHIVER=arm-xilinx-eabi-ar" "COMPILER_FLAGS=  -O2 -c" "EXTRA_COMPILER_FLAGS=-g"
"Running Make include in ps7_cortexa9_0/libsrc/scugic_v3_1/src"
C:/Logiciels/Xilinx/SDK/2015.4/gnuwin/bin/make -C ps7_cortexa9_0/libsrc/scugic_v3_1/src -s include  "SHELL=CMD" "COMPILER=arm-xilinx-eabi-gcc" "ARCHIVER=arm-xilinx-eabi-ar" "COMPILER_FLAGS=  -O2 -c" "EXTRA_COMPILER_FLAGS=-g"
"Running Make include in ps7_cortexa9_0/libsrc/scutimer_v2_1/src"
C:/Logiciels/Xilinx/SDK/2015.4/gnuwin/bin/make -C ps7_cortexa9_0/libsrc/scutimer_v2_1/src -s include  "SHELL=CMD" "COMPILER=arm-xilinx-eabi-gcc" "ARCHIVER=arm-xilinx-eabi-ar" "COMPILER_FLAGS=  -O2 -c" "EXTRA_COMPILER_FLAGS=-g"
"Running Make include in ps7_cortexa9_0/libsrc/scuwdt_v2_1/src"
C:/Logiciels/Xilinx/SDK/2015.4/gnuwin/bin/make -C ps7_cortexa9_0/libsrc/scuwdt_v2_1/src -s include  "SHELL=CMD" "COMPILER=arm-xilinx-eabi-gcc" "ARCHIVER=arm-xilinx-eabi-ar" "COMPILER_FLAGS=  -O2 -c" "EXTRA_COMPILER_FLAGS=-g"
"Running Make include in ps7_cortexa9_0/libsrc/sdps_v2_6/src"
C:/Logiciels/Xilinx/SDK/2015.4/gnuwin/bin/make -C ps7_cortexa9_0/libsrc/sdps_v2_6/src -s include  "SHELL=CMD" "COMPILER=arm-xilinx-eabi-gcc" "ARCHIVER=arm-xilinx-eabi-ar" "COMPILER_FLAGS=  -O2 -c" "EXTRA_COMPILER_FLAGS=-g"
"Running Make include in ps7_cortexa9_0/libsrc/standalone_v5_3/src"
C:/Logiciels/Xilinx/SDK/2015.4/gnuwin/bin/make -C ps7_cortexa9_0/libsrc/standalone_v5_3/src -s include  "SHELL=CMD" "COMPILER=arm-xilinx-eabi-gcc" "ARCHIVER=arm-xilinx-eabi-ar" "COMPILER_FLAGS=  -O2 -c" "EXTRA_COMPILER_FLAGS=-g"
"Running Make include in ps7_cortexa9_0/libsrc/uartps_v3_1/src"
C:/Logiciels/Xilinx/SDK/2015.4/gnuwin/bin/make -C ps7_cortexa9_0/libsrc/uartps_v3_1/src -s include  "SHELL=CMD" "COMPILER=arm-xilinx-eabi-gcc" "ARCHIVER=arm-xilinx-eabi-ar" "COMPILER_FLAGS=  -O2 -c" "EXTRA_COMPILER_FLAGS=-g"
"Running Make include in ps7_cortexa9_0/libsrc/usbps_v2_2/src"
C:/Logiciels/Xilinx/SDK/2015.4/gnuwin/bin/make -C ps7_cortexa9_0/libsrc/usbps_v2_2/src -s include  "SHELL=CMD" "COMPILER=arm-xilinx-eabi-gcc" "ARCHIVER=arm-xilinx-eabi-ar" "COMPILER_FLAGS=  -O2 -c" "EXTRA_COMPILER_FLAGS=-g"
"Running Make include in ps7_cortexa9_0/libsrc/xadcps_v2_2/src"
C:/Logiciels/Xilinx/SDK/2015.4/gnuwin/bin/make -C ps7_cortexa9_0/libsrc/xadcps_v2_2/src -s include  "SHELL=CMD" "COMPILER=arm-xilinx-eabi-gcc" "ARCHIVER=arm-xilinx-eabi-ar" "COMPILER_FLAGS=  -O2 -c" "EXTRA_COMPILER_FLAGS=-g"
"Running Make include in ps7_cortexa9_0/libsrc/xilffs_v3_1/src"
C:/Logiciels/Xilinx/SDK/2015.4/gnuwin/bin/make -C ps7_cortexa9_0/libsrc/xilffs_v3_1/src -s include  "SHELL=CMD" "COMPILER=arm-xilinx-eabi-gcc" "ARCHIVER=arm-xilinx-eabi-ar" "COMPILER_FLAGS=  -O2 -c" "EXTRA_COMPILER_FLAGS=-g"
"Running Make libs in ps7_cortexa9_0/libsrc/axivdma_v6_0/src"
C:/Logiciels/Xilinx/SDK/2015.4/gnuwin/bin/make -C ps7_cortexa9_0/libsrc/axivdma_v6_0/src -s libs  "SHELL=CMD" "COMPILER=arm-xilinx-eabi-gcc" "ARCHIVER=arm-xilinx-eabi-ar" "COMPILER_FLAGS=  -O2 -c" "EXTRA_COMPILER_FLAGS=-g"
"Compiling axivdma"
arm-xilinx-eabi-ar: creating ../../../lib/libxil.a
"Running Make libs in ps7_cortexa9_0/libsrc/coresightps_dcc_v1_2/src"
C:/Logiciels/Xilinx/SDK/2015.4/gnuwin/bin/make -C ps7_cortexa9_0/libsrc/coresightps_dcc_v1_2/src -s libs  "SHELL=CMD" "COMPILER=arm-xilinx-eabi-gcc" "ARCHIVER=arm-xilinx-eabi-ar" "COMPILER_FLAGS=  -O2 -c" "EXTRA_COMPILER_FLAGS=-g"
"Compiling coresightps_dcc"
"Running Make libs in ps7_cortexa9_0/libsrc/cpu_cortexa9_v2_1/src"
C:/Logiciels/Xilinx/SDK/2015.4/gnuwin/bin/make -C ps7_cortexa9_0/libsrc/cpu_cortexa9_v2_1/src -s libs  "SHELL=CMD" "COMPILER=arm-xilinx-eabi-gcc" "ARCHIVER=arm-xilinx-eabi-ar" "COMPILER_FLAGS=  -O2 -c" "EXTRA_COMPILER_FLAGS=-g"
"Compiling cpu_cortexa9"
"Running Make libs in ps7_cortexa9_0/libsrc/ddrps_v1_0/src"
C:/Logiciels/Xilinx/SDK/2015.4/gnuwin/bin/make -C ps7_cortexa9_0/libsrc/ddrps_v1_0/src -s libs  "SHELL=CMD" "COMPILER=arm-xilinx-eabi-gcc" "ARCHIVER=arm-xilinx-eabi-ar" "COMPILER_FLAGS=  -O2 -c" "EXTRA_COMPILER_FLAGS=-g"
"Compiling ddrps"
"Running Make libs in ps7_cortexa9_0/libsrc/devcfg_v3_3/src"
C:/Logiciels/Xilinx/SDK/2015.4/gnuwin/bin/make -C ps7_cortexa9_0/libsrc/devcfg_v3_3/src -s libs  "SHELL=CMD" "COMPILER=arm-xilinx-eabi-gcc" "ARCHIVER=arm-xilinx-eabi-ar" "COMPILER_FLAGS=  -O2 -c" "EXTRA_COMPILER_FLAGS=-g"
"Compiling devcfg"
"Running Make libs in ps7_cortexa9_0/libsrc/dmaps_v2_1/src"
C:/Logiciels/Xilinx/SDK/2015.4/gnuwin/bin/make -C ps7_cortexa9_0/libsrc/dmaps_v2_1/src -s libs  "SHELL=CMD" "COMPILER=arm-xilinx-eabi-gcc" "ARCHIVER=arm-xilinx-eabi-ar" "COMPILER_FLAGS=  -O2 -c" "EXTRA_COMPILER_FLAGS=-g"
"Compiling dmaps"
"Running Make libs in ps7_cortexa9_0/libsrc/emacps_v3_1/src"
C:/Logiciels/Xilinx/SDK/2015.4/gnuwin/bin/make -C ps7_cortexa9_0/libsrc/emacps_v3_1/src -s libs  "SHELL=CMD" "COMPILER=arm-xilinx-eabi-gcc" "ARCHIVER=arm-xilinx-eabi-ar" "COMPILER_FLAGS=  -O2 -c" "EXTRA_COMPILER_FLAGS=-g"
"Compiling emacps"
"Running Make libs in ps7_cortexa9_0/libsrc/gpiops_v3_1/src"
C:/Logiciels/Xilinx/SDK/2015.4/gnuwin/bin/make -C ps7_cortexa9_0/libsrc/gpiops_v3_1/src -s libs  "SHELL=CMD" "COMPILER=arm-xilinx-eabi-gcc" "ARCHIVER=arm-xilinx-eabi-ar" "COMPILER_FLAGS=  -O2 -c" "EXTRA_COMPILER_FLAGS=-g"
"Compiling gpiops"
"Running Make libs in ps7_cortexa9_0/libsrc/iic_v3_1/src"
C:/Logiciels/Xilinx/SDK/2015.4/gnuwin/bin/make -C ps7_cortexa9_0/libsrc/iic_v3_1/src -s libs  "SHELL=CMD" "COMPILER=arm-xilinx-eabi-gcc" "ARCHIVER=arm-xilinx-eabi-ar" "COMPILER_FLAGS=  -O2 -c" "EXTRA_COMPILER_FLAGS=-g"
"Compiling iic"
"Running Make libs in ps7_cortexa9_0/libsrc/qspips_v3_2/src"
C:/Logiciels/Xilinx/SDK/2015.4/gnuwin/bin/make -C ps7_cortexa9_0/libsrc/qspips_v3_2/src -s libs  "SHELL=CMD" "COMPILER=arm-xilinx-eabi-gcc" "ARCHIVER=arm-xilinx-eabi-ar" "COMPILER_FLAGS=  -O2 -c" "EXTRA_COMPILER_FLAGS=-g"
"Compiling qspips"
"Running Make libs in ps7_cortexa9_0/libsrc/scugic_v3_1/src"
C:/Logiciels/Xilinx/SDK/2015.4/gnuwin/bin/make -C ps7_cortexa9_0/libsrc/scugic_v3_1/src -s libs  "SHELL=CMD" "COMPILER=arm-xilinx-eabi-gcc" "ARCHIVER=arm-xilinx-eabi-ar" "COMPILER_FLAGS=  -O2 -c" "EXTRA_COMPILER_FLAGS=-g"
"Compiling scugic"
"Running Make libs in ps7_cortexa9_0/libsrc/scutimer_v2_1/src"
C:/Logiciels/Xilinx/SDK/2015.4/gnuwin/bin/make -C ps7_cortexa9_0/libsrc/scutimer_v2_1/src -s libs  "SHELL=CMD" "COMPILER=arm-xilinx-eabi-gcc" "ARCHIVER=arm-xilinx-eabi-ar" "COMPILER_FLAGS=  -O2 -c" "EXTRA_COMPILER_FLAGS=-g"
"Compiling scutimer"
"Running Make libs in ps7_cortexa9_0/libsrc/scuwdt_v2_1/src"
C:/Logiciels/Xilinx/SDK/2015.4/gnuwin/bin/make -C ps7_cortexa9_0/libsrc/scuwdt_v2_1/src -s libs  "SHELL=CMD" "COMPILER=arm-xilinx-eabi-gcc" "ARCHIVER=arm-xilinx-eabi-ar" "COMPILER_FLAGS=  -O2 -c" "EXTRA_COMPILER_FLAGS=-g"
"Compiling scuwdt"
"Running Make libs in ps7_cortexa9_0/libsrc/sdps_v2_6/src"
C:/Logiciels/Xilinx/SDK/2015.4/gnuwin/bin/make -C ps7_cortexa9_0/libsrc/sdps_v2_6/src -s libs  "SHELL=CMD" "COMPILER=arm-xilinx-eabi-gcc" "ARCHIVER=arm-xilinx-eabi-ar" "COMPILER_FLAGS=  -O2 -c" "EXTRA_COMPILER_FLAGS=-g"
"Compiling sdps"
"Running Make libs in ps7_cortexa9_0/libsrc/standalone_v5_3/src"
C:/Logiciels/Xilinx/SDK/2015.4/gnuwin/bin/make -C ps7_cortexa9_0/libsrc/standalone_v5_3/src -s libs  "SHELL=CMD" "COMPILER=arm-xilinx-eabi-gcc" "ARCHIVER=arm-xilinx-eabi-ar" "COMPILER_FLAGS=  -O2 -c" "EXTRA_COMPILER_FLAGS=-g"
"Compiling standalone"
"Running Make libs in ps7_cortexa9_0/libsrc/uartps_v3_1/src"
C:/Logiciels/Xilinx/SDK/2015.4/gnuwin/bin/make -C ps7_cortexa9_0/libsrc/uartps_v3_1/src -s libs  "SHELL=CMD" "COMPILER=arm-xilinx-eabi-gcc" "ARCHIVER=arm-xilinx-eabi-ar" "COMPILER_FLAGS=  -O2 -c" "EXTRA_COMPILER_FLAGS=-g"
"Compiling uartps"
"Running Make libs in ps7_cortexa9_0/libsrc/usbps_v2_2/src"
C:/Logiciels/Xilinx/SDK/2015.4/gnuwin/bin/make -C ps7_cortexa9_0/libsrc/usbps_v2_2/src -s libs  "SHELL=CMD" "COMPILER=arm-xilinx-eabi-gcc" "ARCHIVER=arm-xilinx-eabi-ar" "COMPILER_FLAGS=  -O2 -c" "EXTRA_COMPILER_FLAGS=-g"
"Compiling usbps"
"Running Make libs in ps7_cortexa9_0/libsrc/xadcps_v2_2/src"
C:/Logiciels/Xilinx/SDK/2015.4/gnuwin/bin/make -C ps7_cortexa9_0/libsrc/xadcps_v2_2/src -s libs  "SHELL=CMD" "COMPILER=arm-xilinx-eabi-gcc" "ARCHIVER=arm-xilinx-eabi-ar" "COMPILER_FLAGS=  -O2 -c" "EXTRA_COMPILER_FLAGS=-g"
"Compiling xadcps"
"Running Make libs in ps7_cortexa9_0/libsrc/xilffs_v3_1/src"
C:/Logiciels/Xilinx/SDK/2015.4/gnuwin/bin/make -C ps7_cortexa9_0/libsrc/xilffs_v3_1/src -s libs  "SHELL=CMD" "COMPILER=arm-xilinx-eabi-gcc" "ARCHIVER=arm-xilinx-eabi-ar" "COMPILER_FLAGS=  -O2 -c" "EXTRA_COMPILER_FLAGS=-g"
"Compiling XilFFs Library"
'Finished building libraries'
14:58:13 **** Build of configuration Debug for project tp2 ****
make all 
Building file: ../src/bitmap.c
Invoking: ARM gcc compiler
arm-xilinx-eabi-gcc -Wall -O0 -g3 -I"C:\Temp\tp2Code\adv7511_zed.sdk\tp2\inc" -c -fmessage-length=0 -MT"src/bitmap.o" -I../../bsp/ps7_cortexa9_0/include -MMD -MP -MF"src/bitmap.d" -MT"src/bitmap.d" -o "src/bitmap.o" "../src/bitmap.c"
../src/bitmap.c: In function 'ReadBitmapFile':
../src/bitmap.c:135:10: warning: 'return' with a value, in function returning void
  if (fr) return (int)fr;
          ^
../src/bitmap.c:149:18: warning: passing argument 1 of 'setCurrentImage' from incompatible pointer type
  setCurrentImage(bmp.data, bmp.ImageDataSize);
                  ^
In file included from ../src/bitmap.c:8:0:
../src/cf_hdmi.h:150:6: note: expected 'u32 *' but argument is of type 'char *'
 void setCurrentImage(u32 *data, u32 length);
      ^
Finished building: ../src/bitmap.c
 
Building file: ../src/cf_hdmi.c
Invoking: ARM gcc compiler
arm-xilinx-eabi-gcc -Wall -O0 -g3 -I"C:\Temp\tp2Code\adv7511_zed.sdk\tp2\inc" -c -fmessage-length=0 -MT"src/cf_hdmi.o" -I../../bsp/ps7_cortexa9_0/include -MMD -MP -MF"src/cf_hdmi.d" -MT"src/cf_hdmi.d" -o "src/cf_hdmi.o" "../src/cf_hdmi.c"
Finished building: ../src/cf_hdmi.c
 
Building file: ../src/main.c
Invoking: ARM gcc compiler
arm-xilinx-eabi-gcc -Wall -O0 -g3 -I"C:\Temp\tp2Code\adv7511_zed.sdk\tp2\inc" -c -fmessage-length=0 -MT"src/main.o" -I../../bsp/ps7_cortexa9_0/include -MMD -MP -MF"src/main.d" -MT"src/main.d" -o "src/main.o" "../src/main.c"
In file included from ../src/main.c:46:0:
../../bsp/ps7_cortexa9_0/include/xbasic_types.h:115:2: warning: #warning The xbasics_type.h file is deprecated and users should use xil_types.h and xil_assert. [-Wcpp]
 #warning  The xbasics_type.h file is deprecated and users should use xil_types.h and xil_assert.
  ^
../../bsp/ps7_cortexa9_0/include/xbasic_types.h:116:2: warning: #warning Please refer the Standalone BSP UG647 for further details [-Wcpp]
 #warning  Please refer the Standalone BSP UG647 for further details
  ^
Finished building: ../src/main.c
 
Building file: ../src/transmitter.c
Invoking: ARM gcc compiler
arm-xilinx-eabi-gcc -Wall -O0 -g3 -I"C:\Temp\tp2Code\adv7511_zed.sdk\tp2\inc" -c -fmessage-length=0 -MT"src/transmitter.o" -I../../bsp/ps7_cortexa9_0/include -MMD -MP -MF"src/transmitter.d" -MT"src/transmitter.d" -o "src/transmitter.o" "../src/transmitter.c"
Finished building: ../src/transmitter.c
 
Building target: tp2.elf
Invoking: ARM gcc linker
arm-xilinx-eabi-gcc -L"C:\Temp\tp2Code\adv7511_zed.sdk\tp2\lib" -Wl,-T -Wl,../src/lscript.ld -L../../bsp/ps7_cortexa9_0/lib -o "tp2.elf"  ./src/bitmap.o ./src/cf_hdmi.o ./src/main.o ./src/transmitter.o   -lHDMI_ZedBoardLib -Wl,--start-group,-lxil,-lgcc,-lc,--end-group -Wl,--start-group,-lxilffs,-lxil,-lgcc,-lc,--end-group
Finished building target: tp2.elf
 
Invoking: ARM Print Size
arm-xilinx-eabi-size tp2.elf  |tee "tp2.elf.size"
   text	   data	    bss	    dec	    hex	filename
 129420	   3012	 148304	 280736	  448a0	tp2.elf
Finished building: tp2.elf.size
 
15:00:44 **** Incremental Build of configuration Debug for project tp2 ****
make all 
make: Rien à faire pour « all ».
15:01:08 **** Auto Build of configuration Debug for project tp2 ****
make all 
Building file: ../src/main.c
Invoking: ARM gcc compiler
arm-xilinx-eabi-gcc -Wall -O0 -g3 -I"C:\Temp\tp2Code\adv7511_zed.sdk\tp2\inc" -c -fmessage-length=0 -MT"src/main.o" -I../../bsp/ps7_cortexa9_0/include -MMD -MP -MF"src/main.d" -MT"src/main.d" -o "src/main.o" "../src/main.c"
In file included from ../src/main.c:46:0:
../../bsp/ps7_cortexa9_0/include/xbasic_types.h:115:2: warning: #warning The xbasics_type.h file is deprecated and users should use xil_types.h and xil_assert. [-Wcpp]
 #warning  The xbasics_type.h file is deprecated and users should use xil_types.h and xil_assert.
  ^
../../bsp/ps7_cortexa9_0/include/xbasic_types.h:116:2: warning: #warning Please refer the Standalone BSP UG647 for further details [-Wcpp]
 #warning  Please refer the Standalone BSP UG647 for further details
  ^
Finished building: ../src/main.c
 
Building target: tp2.elf
Invoking: ARM gcc linker
arm-xilinx-eabi-gcc -L"C:\Temp\tp2Code\adv7511_zed.sdk\tp2\lib" -Wl,-T -Wl,../src/lscript.ld -L../../bsp/ps7_cortexa9_0/lib -o "tp2.elf"  ./src/bitmap.o ./src/cf_hdmi.o ./src/main.o ./src/transmitter.o   -lHDMI_ZedBoardLib -Wl,--start-group,-lxil,-lgcc,-lc,--end-group -Wl,--start-group,-lxilffs,-lxil,-lgcc,-lc,--end-group
Finished building target: tp2.elf
 
Invoking: ARM Print Size
arm-xilinx-eabi-size tp2.elf  |tee "tp2.elf.size"
   text	   data	    bss	    dec	    hex	filename
 129420	   3012	 148304	 280736	  448a0	tp2.elf
Finished building: tp2.elf.size
 
15:01:11 **** Incremental Build of configuration Debug for project tp2 ****
make all 
make: Rien à faire pour « all ».
15:02:56 **** Auto Build of configuration Debug for project tp2 ****
make all 
Building file: ../src/bitmap.c
Invoking: ARM gcc compiler
arm-xilinx-eabi-gcc -Wall -O0 -g3 -I"C:\Temp\tp2Code\adv7511_zed.sdk\tp2\inc" -c -fmessage-length=0 -MT"src/bitmap.o" -I../../bsp/ps7_cortexa9_0/include -MMD -MP -MF"src/bitmap.d" -MT"src/bitmap.d" -o "src/bitmap.o" "../src/bitmap.c"
In file included from ../src/bitmap.c:7:0:
../src/bitmap.h:31:6: error: expected identifier or '(' before '[' token
  char[30000] data; //bitmap data
      ^
../src/bitmap.h:32:1: warning: no semicolon at end of struct or union
 }BMP;
 ^
../src/bitmap.c: In function 'ReadBitMap':
../src/bitmap.c:86:5: error: 'BMP' has no member named 'data'
  bmp->data = (char *) malloc(bmp->ImageDataSize);
     ^
../src/bitmap.c:88:16: error: 'BMP' has no member named 'data'
  f_read(fil,bmp->data,bmp->ImageDataSize,&bytesRead);
                ^
../src/bitmap.c: In function 'BitmapToRGB':
../src/bitmap.c:101:32: error: 'BMP' has no member named 'data'
    rgbData[rgbIndex].Blue = bmp->data[bitMapIndex++];
                                ^
../src/bitmap.c:102:33: error: 'BMP' has no member named 'data'
    rgbData[rgbIndex].Green = bmp->data[bitMapIndex++];
                                 ^
../src/bitmap.c:103:31: error: 'BMP' has no member named 'data'
    rgbData[rgbIndex].Red = bmp->data[bitMapIndex++];
                               ^
../src/bitmap.c: In function 'ReadBitmapFile':
../src/bitmap.c:135:10: warning: 'return' with a value, in function returning void
  if (fr) return (int)fr;
          ^
../src/bitmap.c:138:5: error: 'BMP' has no member named 'data'
  bmp.data = malloc ((bmp.FileSize-bmp.HeaderSize) * sizeof(*bmp.data));
     ^
../src/bitmap.c:138:64: error: 'BMP' has no member named 'data'
  bmp.data = malloc ((bmp.FileSize-bmp.HeaderSize) * sizeof(*bmp.data));
                                                                ^
../src/bitmap.c:149:21: error: 'BMP' has no member named 'data'
  setCurrentImage(bmp.data, bmp.ImageDataSize);
                     ^
make: *** [src/bitmap.o] Erreur 1
15:03:01 **** Auto Build of configuration Debug for project tp2 ****
make all 
Building file: ../src/bitmap.c
Invoking: ARM gcc compiler
arm-xilinx-eabi-gcc -Wall -O0 -g3 -I"C:\Temp\tp2Code\adv7511_zed.sdk\tp2\inc" -c -fmessage-length=0 -MT"src/bitmap.o" -I../../bsp/ps7_cortexa9_0/include -MMD -MP -MF"src/bitmap.d" -MT"src/bitmap.d" -o "src/bitmap.o" "../src/bitmap.c"
../src/bitmap.c: In function 'ReadBitMap':
../src/bitmap.c:86:12: warning: assignment makes integer from pointer without a cast
  bmp->data = (char *) malloc(bmp->ImageDataSize);
            ^
../src/bitmap.c:88:13: warning: passing argument 2 of 'f_read' makes pointer from integer without a cast
  f_read(fil,bmp->data,bmp->ImageDataSize,&bytesRead);
             ^
In file included from ../src/bitmap.h:11:0,
                 from ../src/bitmap.c:7:
../../bsp/ps7_cortexa9_0/include/ff.h:223:9: note: expected 'void *' but argument is of type 'char'
 FRESULT f_read (FIL* fp, void* buff, UINT btr, UINT* br);   /* Read data from a file */
         ^
../src/bitmap.c: In function 'BitmapToRGB':
../src/bitmap.c:101:38: error: subscripted value is neither array nor pointer nor vector
    rgbData[rgbIndex].Blue = bmp->data[bitMapIndex++];
                                      ^
../src/bitmap.c:102:39: error: subscripted value is neither array nor pointer nor vector
    rgbData[rgbIndex].Green = bmp->data[bitMapIndex++];
                                       ^
../src/bitmap.c:103:37: error: subscripted value is neither array nor pointer nor vector
    rgbData[rgbIndex].Red = bmp->data[bitMapIndex++];
                                     ^
../src/bitmap.c: In function 'ReadBitmapFile':
../src/bitmap.c:135:10: warning: 'return' with a value, in function returning void
  if (fr) return (int)fr;
          ^
../src/bitmap.c:138:60: error: invalid type argument of unary '*' (have 'int')
  bmp.data = malloc ((bmp.FileSize-bmp.HeaderSize) * sizeof(*bmp.data));
                                                            ^
../src/bitmap.c:149:18: warning: passing argument 1 of 'setCurrentImage' makes pointer from integer without a cast
  setCurrentImage(bmp.data, bmp.ImageDataSize);
                  ^
In file included from ../src/bitmap.c:8:0:
../src/cf_hdmi.h:150:6: note: expected 'u32 *' but argument is of type 'char'
 void setCurrentImage(u32 *data, u32 length);
      ^
make: *** [src/bitmap.o] Erreur 1
15:03:09 **** Auto Build of configuration Debug for project tp2 ****
make all 
Building file: ../src/bitmap.c
Invoking: ARM gcc compiler
arm-xilinx-eabi-gcc -Wall -O0 -g3 -I"C:\Temp\tp2Code\adv7511_zed.sdk\tp2\inc" -c -fmessage-length=0 -MT"src/bitmap.o" -I../../bsp/ps7_cortexa9_0/include -MMD -MP -MF"src/bitmap.d" -MT"src/bitmap.d" -o "src/bitmap.o" "../src/bitmap.c"
../src/bitmap.c: In function 'ReadBitMap':
../src/bitmap.c:86:12: error: assignment to expression with array type
  bmp->data = (char *) malloc(bmp->ImageDataSize);
            ^
../src/bitmap.c: In function 'ReadBitmapFile':
../src/bitmap.c:135:10: warning: 'return' with a value, in function returning void
  if (fr) return (int)fr;
          ^
../src/bitmap.c:138:11: error: assignment to expression with array type
  bmp.data = malloc ((bmp.FileSize-bmp.HeaderSize) * sizeof(*bmp.data));
           ^
../src/bitmap.c:149:18: warning: passing argument 1 of 'setCurrentImage' from incompatible pointer type
  setCurrentImage(bmp.data, bmp.ImageDataSize);
                  ^
In file included from ../src/bitmap.c:8:0:
../src/cf_hdmi.h:150:6: note: expected 'u32 *' but argument is of type 'char *'
 void setCurrentImage(u32 *data, u32 length);
      ^
make: *** [src/bitmap.o] Erreur 1
15:03:17 **** Auto Build of configuration Debug for project tp2 ****
make all 
Building file: ../src/bitmap.c
Invoking: ARM gcc compiler
arm-xilinx-eabi-gcc -Wall -O0 -g3 -I"C:\Temp\tp2Code\adv7511_zed.sdk\tp2\inc" -c -fmessage-length=0 -MT"src/bitmap.o" -I../../bsp/ps7_cortexa9_0/include -MMD -MP -MF"src/bitmap.d" -MT"src/bitmap.d" -o "src/bitmap.o" "../src/bitmap.c"
../src/bitmap.c: In function 'ReadBitMap':
../src/bitmap.c:86:12: error: assignment to expression with array type
  bmp->data = (char *) malloc(bmp->ImageDataSize);
            ^
../src/bitmap.c: In function 'ReadBitmapFile':
../src/bitmap.c:135:10: warning: 'return' with a value, in function returning void
  if (fr) return (int)fr;
          ^
../src/bitmap.c:149:18: warning: passing argument 1 of 'setCurrentImage' from incompatible pointer type
  setCurrentImage(bmp.data, bmp.ImageDataSize);
                  ^
In file included from ../src/bitmap.c:8:0:
../src/cf_hdmi.h:150:6: note: expected 'u32 *' but argument is of type 'char *'
 void setCurrentImage(u32 *data, u32 length);
      ^
make: *** [src/bitmap.o] Erreur 1
15:03:22 **** Auto Build of configuration Debug for project tp2 ****
make all 
Building file: ../src/bitmap.c
Invoking: ARM gcc compiler
arm-xilinx-eabi-gcc -Wall -O0 -g3 -I"C:\Temp\tp2Code\adv7511_zed.sdk\tp2\inc" -c -fmessage-length=0 -MT"src/bitmap.o" -I../../bsp/ps7_cortexa9_0/include -MMD -MP -MF"src/bitmap.d" -MT"src/bitmap.d" -o "src/bitmap.o" "../src/bitmap.c"
../src/bitmap.c: In function 'ReadBitMap':
../src/bitmap.c:86:12: error: assignment to expression with array type
  bmp->data = (char *) malloc(bmp->ImageDataSize);
            ^
../src/bitmap.c: In function 'ReadBitmapFile':
../src/bitmap.c:135:10: warning: 'return' with a value, in function returning void
  if (fr) return (int)fr;
          ^
../src/bitmap.c:143:20: error: 'rgbData' undeclared (first use in this function)
   BitmapToRGB(&bmp,rgbData);
                    ^
../src/bitmap.c:143:20: note: each undeclared identifier is reported only once for each function it appears in
../src/bitmap.c:149:18: warning: passing argument 1 of 'setCurrentImage' from incompatible pointer type
  setCurrentImage(bmp.data, bmp.ImageDataSize);
                  ^
In file included from ../src/bitmap.c:8:0:
../src/cf_hdmi.h:150:6: note: expected 'u32 *' but argument is of type 'char *'
 void setCurrentImage(u32 *data, u32 length);
      ^
make: *** [src/bitmap.o] Erreur 1
15:03:25 **** Auto Build of configuration Debug for project tp2 ****
make all 
Building file: ../src/bitmap.c
Invoking: ARM gcc compiler
arm-xilinx-eabi-gcc -Wall -O0 -g3 -I"C:\Temp\tp2Code\adv7511_zed.sdk\tp2\inc" -c -fmessage-length=0 -MT"src/bitmap.o" -I../../bsp/ps7_cortexa9_0/include -MMD -MP -MF"src/bitmap.d" -MT"src/bitmap.d" -o "src/bitmap.o" "../src/bitmap.c"
../src/bitmap.c: In function 'ReadBitMap':
../src/bitmap.c:86:12: error: assignment to expression with array type
  bmp->data = (char *) malloc(bmp->ImageDataSize);
            ^
../src/bitmap.c: In function 'ReadBitmapFile':
../src/bitmap.c:135:10: warning: 'return' with a value, in function returning void
  if (fr) return (int)fr;
          ^
../src/bitmap.c:149:18: warning: passing argument 1 of 'setCurrentImage' from incompatible pointer type
  setCurrentImage(bmp.data, bmp.ImageDataSize);
                  ^
In file included from ../src/bitmap.c:8:0:
../src/cf_hdmi.h:150:6: note: expected 'u32 *' but argument is of type 'char *'
 void setCurrentImage(u32 *data, u32 length);
      ^
make: *** [src/bitmap.o] Erreur 1
15:03:47 **** Auto Build of configuration Debug for project tp2 ****
make all 
Building file: ../src/bitmap.c
Invoking: ARM gcc compiler
arm-xilinx-eabi-gcc -Wall -O0 -g3 -I"C:\Temp\tp2Code\adv7511_zed.sdk\tp2\inc" -c -fmessage-length=0 -MT"src/bitmap.o" -I../../bsp/ps7_cortexa9_0/include -MMD -MP -MF"src/bitmap.d" -MT"src/bitmap.d" -o "src/bitmap.o" "../src/bitmap.c"
../src/bitmap.c: In function 'ReadBitMap':
../src/bitmap.c:86:12: error: assignment to expression with array type
  bmp->data = (char *) malloc(bmp->ImageDataSize);
            ^
../src/bitmap.c: In function 'ReadBitmapFile':
../src/bitmap.c:135:10: warning: 'return' with a value, in function returning void
  if (fr) return (int)fr;
          ^
../src/bitmap.c:143:3: error: expected '=', ',', ';', 'asm' or '__attribute__' before 'BitmapToRGB'
   BitmapToRGB(&bmp,rgbData);
   ^
../src/bitmap.c:143:20: error: 'rgbData' undeclared (first use in this function)
   BitmapToRGB(&bmp,rgbData);
                    ^
../src/bitmap.c:143:20: note: each undeclared identifier is reported only once for each function it appears in
../src/bitmap.c:149:18: warning: passing argument 1 of 'setCurrentImage' from incompatible pointer type
  setCurrentImage(bmp.data, bmp.ImageDataSize);
                  ^
In file included from ../src/bitmap.c:8:0:
../src/cf_hdmi.h:150:6: note: expected 'u32 *' but argument is of type 'char *'
 void setCurrentImage(u32 *data, u32 length);
      ^
make: *** [src/bitmap.o] Erreur 1
15:04:00 **** Auto Build of configuration Debug for project tp2 ****
make all 
Building file: ../src/bitmap.c
Invoking: ARM gcc compiler
arm-xilinx-eabi-gcc -Wall -O0 -g3 -I"C:\Temp\tp2Code\adv7511_zed.sdk\tp2\inc" -c -fmessage-length=0 -MT"src/bitmap.o" -I../../bsp/ps7_cortexa9_0/include -MMD -MP -MF"src/bitmap.d" -MT"src/bitmap.d" -o "src/bitmap.o" "../src/bitmap.c"
../src/bitmap.c: In function 'ReadBitMap':
../src/bitmap.c:86:12: error: assignment to expression with array type
  bmp->data = (char *) malloc(bmp->ImageDataSize);
            ^
../src/bitmap.c: In function 'ReadBitmapFile':
../src/bitmap.c:135:10: warning: 'return' with a value, in function returning void
  if (fr) return (int)fr;
          ^
../src/bitmap.c:149:18: warning: passing argument 1 of 'setCurrentImage' from incompatible pointer type
  setCurrentImage(bmp.data, bmp.ImageDataSize);
                  ^
In file included from ../src/bitmap.c:8:0:
../src/cf_hdmi.h:150:6: note: expected 'u32 *' but argument is of type 'char *'
 void setCurrentImage(u32 *data, u32 length);
      ^
make: *** [src/bitmap.o] Erreur 1
15:04:03 **** Auto Build of configuration Debug for project tp2 ****
make all 
Building file: ../src/bitmap.c
Invoking: ARM gcc compiler
arm-xilinx-eabi-gcc -Wall -O0 -g3 -I"C:\Temp\tp2Code\adv7511_zed.sdk\tp2\inc" -c -fmessage-length=0 -MT"src/bitmap.o" -I../../bsp/ps7_cortexa9_0/include -MMD -MP -MF"src/bitmap.d" -MT"src/bitmap.d" -o "src/bitmap.o" "../src/bitmap.c"
../src/bitmap.c: In function 'ReadBitMap':
../src/bitmap.c:86:12: error: assignment to expression with array type
  bmp->data = (char *) malloc(bmp->ImageDataSize);
            ^
../src/bitmap.c: In function 'ReadBitmapFile':
../src/bitmap.c:135:10: warning: 'return' with a value, in function returning void
  if (fr) return (int)fr;
          ^
../src/bitmap.c:149:18: warning: passing argument 1 of 'setCurrentImage' from incompatible pointer type
  setCurrentImage(bmp.data, bmp.ImageDataSize);
                  ^
In file included from ../src/bitmap.c:8:0:
../src/cf_hdmi.h:150:6: note: expected 'u32 *' but argument is of type 'char *'
 void setCurrentImage(u32 *data, u32 length);
      ^
make: *** [src/bitmap.o] Erreur 1
15:04:09 **** Auto Build of configuration Debug for project tp2 ****
make all 
Building file: ../src/bitmap.c
Invoking: ARM gcc compiler
arm-xilinx-eabi-gcc -Wall -O0 -g3 -I"C:\Temp\tp2Code\adv7511_zed.sdk\tp2\inc" -c -fmessage-length=0 -MT"src/bitmap.o" -I../../bsp/ps7_cortexa9_0/include -MMD -MP -MF"src/bitmap.d" -MT"src/bitmap.d" -o "src/bitmap.o" "../src/bitmap.c"
../src/bitmap.c: In function 'ReadBitMap':
../src/bitmap.c:86:12: error: assignment to expression with array type
  bmp->data = (char *) malloc(bmp->ImageDataSize);
            ^
../src/bitmap.c: In function 'ReadBitmapFile':
../src/bitmap.c:135:10: warning: 'return' with a value, in function returning void
  if (fr) return (int)fr;
          ^
../src/bitmap.c:149:25: error: request for member 'data' in something not a structure or union
  setCurrentImage(rgbData.data, bmp.ImageDataSize);
                         ^
make: *** [src/bitmap.o] Erreur 1
15:04:33 **** Auto Build of configuration Debug for project tp2 ****
make all 
Building file: ../src/bitmap.c
Invoking: ARM gcc compiler
arm-xilinx-eabi-gcc -Wall -O0 -g3 -I"C:\Temp\tp2Code\adv7511_zed.sdk\tp2\inc" -c -fmessage-length=0 -MT"src/bitmap.o" -I../../bsp/ps7_cortexa9_0/include -MMD -MP -MF"src/bitmap.d" -MT"src/bitmap.d" -o "src/bitmap.o" "../src/bitmap.c"
../src/bitmap.c: In function 'ReadBitMap':
../src/bitmap.c:86:12: error: assignment to expression with array type
  bmp->data = (char *) malloc(bmp->ImageDataSize);
            ^
../src/bitmap.c: In function 'ReadBitmapFile':
../src/bitmap.c:135:10: warning: 'return' with a value, in function returning void
  if (fr) return (int)fr;
          ^
../src/bitmap.c:149:25: error: request for member 'data' in something not a structure or union
  setCurrentImage(rgbData.data, bmp.Height * bmp.Width);
                         ^
make: *** [src/bitmap.o] Erreur 1
15:04:42 **** Auto Build of configuration Debug for project tp2 ****
make all 
Building file: ../src/bitmap.c
Invoking: ARM gcc compiler
arm-xilinx-eabi-gcc -Wall -O0 -g3 -I"C:\Temp\tp2Code\adv7511_zed.sdk\tp2\inc" -c -fmessage-length=0 -MT"src/bitmap.o" -I../../bsp/ps7_cortexa9_0/include -MMD -MP -MF"src/bitmap.d" -MT"src/bitmap.d" -o "src/bitmap.o" "../src/bitmap.c"
../src/bitmap.c: In function 'ReadBitMap':
../src/bitmap.c:86:12: error: assignment to expression with array type
  bmp->data = (char *) malloc(bmp->ImageDataSize);
            ^
../src/bitmap.c: In function 'ReadBitmapFile':
../src/bitmap.c:135:10: warning: 'return' with a value, in function returning void
  if (fr) return (int)fr;
          ^
../src/bitmap.c:149:18: warning: passing argument 1 of 'setCurrentImage' from incompatible pointer type
  setCurrentImage(rgbData, bmp.Height * bmp.Width);
                  ^
In file included from ../src/bitmap.c:8:0:
../src/cf_hdmi.h:150:6: note: expected 'u32 *' but argument is of type 'struct RGB *'
 void setCurrentImage(u32 *data, u32 length);
      ^
make: *** [src/bitmap.o] Erreur 1
15:04:57 **** Auto Build of configuration Debug for project tp2 ****
make all 
Building file: ../src/bitmap.c
Invoking: ARM gcc compiler
arm-xilinx-eabi-gcc -Wall -O0 -g3 -I"C:\Temp\tp2Code\adv7511_zed.sdk\tp2\inc" -c -fmessage-length=0 -MT"src/bitmap.o" -I../../bsp/ps7_cortexa9_0/include -MMD -MP -MF"src/bitmap.d" -MT"src/bitmap.d" -o "src/bitmap.o" "../src/bitmap.c"
../src/bitmap.c: In function 'ReadBitMap':
../src/bitmap.c:86:12: error: assignment to expression with array type
  bmp->data = (char *) malloc(bmp->ImageDataSize);
            ^
../src/bitmap.c: In function 'ReadBitmapFile':
../src/bitmap.c:135:10: warning: 'return' with a value, in function returning void
  if (fr) return (int)fr;
          ^
../src/bitmap.c:146:25: error: 'imageData' undeclared (first use in this function)
  BitMapArrayToNRGBArray(imageData,rgbData,bmp.Height * bmp.Width);
                         ^
../src/bitmap.c:146:25: note: each undeclared identifier is reported only once for each function it appears in
../src/bitmap.c:149:18: warning: passing argument 1 of 'setCurrentImage' from incompatible pointer type
  setCurrentImage(rgbData, bmp.Height * bmp.Width);
                  ^
In file included from ../src/bitmap.c:8:0:
../src/cf_hdmi.h:150:6: note: expected 'u32 *' but argument is of type 'struct RGB *'
 void setCurrentImage(u32 *data, u32 length);
      ^
make: *** [src/bitmap.o] Erreur 1
15:05:20 **** Auto Build of configuration Debug for project tp2 ****
make all 
Building file: ../src/bitmap.c
Invoking: ARM gcc compiler
arm-xilinx-eabi-gcc -Wall -O0 -g3 -I"C:\Temp\tp2Code\adv7511_zed.sdk\tp2\inc" -c -fmessage-length=0 -MT"src/bitmap.o" -I../../bsp/ps7_cortexa9_0/include -MMD -MP -MF"src/bitmap.d" -MT"src/bitmap.d" -o "src/bitmap.o" "../src/bitmap.c"
../src/bitmap.c: In function 'ReadBitMap':
../src/bitmap.c:86:12: error: assignment to expression with array type
  bmp->data = (char *) malloc(bmp->ImageDataSize);
            ^
../src/bitmap.c: In function 'ReadBitmapFile':
../src/bitmap.c:135:10: warning: 'return' with a value, in function returning void
  if (fr) return (int)fr;
          ^
../src/bitmap.c:149:18: warning: passing argument 1 of 'setCurrentImage' from incompatible pointer type
  setCurrentImage(rgbData, bmp.Height * bmp.Width);
                  ^
In file included from ../src/bitmap.c:8:0:
../src/cf_hdmi.h:150:6: note: expected 'u32 *' but argument is of type 'struct RGB *'
 void setCurrentImage(u32 *data, u32 length);
      ^
make: *** [src/bitmap.o] Erreur 1
15:05:36 **** Auto Build of configuration Debug for project tp2 ****
make all 
Building file: ../src/bitmap.c
Invoking: ARM gcc compiler
arm-xilinx-eabi-gcc -Wall -O0 -g3 -I"C:\Temp\tp2Code\adv7511_zed.sdk\tp2\inc" -c -fmessage-length=0 -MT"src/bitmap.o" -I../../bsp/ps7_cortexa9_0/include -MMD -MP -MF"src/bitmap.d" -MT"src/bitmap.d" -o "src/bitmap.o" "../src/bitmap.c"
../src/bitmap.c: In function 'ReadBitMap':
../src/bitmap.c:86:12: error: assignment to expression with array type
  bmp->data = (char *) malloc(bmp->ImageDataSize);
            ^
../src/bitmap.c: In function 'ReadBitmapFile':
../src/bitmap.c:135:10: warning: 'return' with a value, in function returning void
  if (fr) return (int)fr;
          ^
make: *** [src/bitmap.o] Erreur 1
15:05:39 **** Incremental Build of configuration Debug for project tp2 ****
make all 
Building file: ../src/bitmap.c
Invoking: ARM gcc compiler
arm-xilinx-eabi-gcc -Wall -O0 -g3 -I"C:\Temp\tp2Code\adv7511_zed.sdk\tp2\inc" -c -fmessage-length=0 -MT"src/bitmap.o" -I../../bsp/ps7_cortexa9_0/include -MMD -MP -MF"src/bitmap.d" -MT"src/bitmap.d" -o "src/bitmap.o" "../src/bitmap.c"
../src/bitmap.c: In function 'ReadBitMap':
../src/bitmap.c:86:12: error: assignment to expression with array type
  bmp->data = (char *) malloc(bmp->ImageDataSize);
            ^
../src/bitmap.c: In function 'ReadBitmapFile':
../src/bitmap.c:135:10: warning: 'return' with a value, in function returning void
  if (fr) return (int)fr;
          ^
make: *** [src/bitmap.o] Erreur 1
15:06:58 **** Auto Build of configuration Debug for project tp2 ****
make all 
Building file: ../src/bitmap.c
Invoking: ARM gcc compiler
arm-xilinx-eabi-gcc -Wall -O0 -g3 -I"C:\Temp\tp2Code\adv7511_zed.sdk\tp2\inc" -c -fmessage-length=0 -MT"src/bitmap.o" -I../../bsp/ps7_cortexa9_0/include -MMD -MP -MF"src/bitmap.d" -MT"src/bitmap.d" -o "src/bitmap.o" "../src/bitmap.c"
../src/bitmap.c: In function 'ReadBitMap':
../src/bitmap.c:86:12: error: assignment to expression with array type
  bmp->data = (char *) malloc(bmp->ImageDataSize);
            ^
../src/bitmap.c: In function 'ReadBitmapFile':
../src/bitmap.c:135:10: warning: 'return' with a value, in function returning void
  if (fr) return (int)fr;
          ^
make: *** [src/bitmap.o] Erreur 1
15:10:00 **** Auto Build of configuration Debug for project tp2 ****
make all 
Building file: ../src/bitmap.c
Invoking: ARM gcc compiler
arm-xilinx-eabi-gcc -Wall -O0 -g3 -I"C:\Temp\tp2Code\adv7511_zed.sdk\tp2\inc" -c -fmessage-length=0 -MT"src/bitmap.o" -I../../bsp/ps7_cortexa9_0/include -MMD -MP -MF"src/bitmap.d" -MT"src/bitmap.d" -o "src/bitmap.o" "../src/bitmap.c"
../src/bitmap.c: In function 'ReadBitMap':
../src/bitmap.c:86:12: error: assignment to expression with array type
  bmp->data = (char *) malloc(bmp->ImageDataSize);
            ^
../src/bitmap.c: At top level:
../src/bitmap.c:91:28: error: unknown type name 'U32'
 void BitmapToRGB(BMP *bmp, U32* rgbData)
                            ^
../src/bitmap.c: In function 'ReadBitmapFile':
../src/bitmap.c:135:10: warning: 'return' with a value, in function returning void
  if (fr) return (int)fr;
          ^
../src/bitmap.c:143:3: warning: implicit declaration of function 'BitmapToRGB' [-Wimplicit-function-declaration]
   BitmapToRGB(&bmp,rgbData);
   ^
make: *** [src/bitmap.o] Erreur 1
15:10:04 **** Auto Build of configuration Debug for project tp2 ****
make all 
Building file: ../src/bitmap.c
Invoking: ARM gcc compiler
arm-xilinx-eabi-gcc -Wall -O0 -g3 -I"C:\Temp\tp2Code\adv7511_zed.sdk\tp2\inc" -c -fmessage-length=0 -MT"src/bitmap.o" -I../../bsp/ps7_cortexa9_0/include -MMD -MP -MF"src/bitmap.d" -MT"src/bitmap.d" -o "src/bitmap.o" "../src/bitmap.c"
../src/bitmap.c: In function 'ReadBitMap':
../src/bitmap.c:86:12: error: assignment to expression with array type
  bmp->data = (char *) malloc(bmp->ImageDataSize);
            ^
../src/bitmap.c: In function 'BitmapToRGB':
../src/bitmap.c:101:21: error: request for member 'Blue' in something not a structure or union
    rgbData[rgbIndex].Blue = bmp->data[bitMapIndex++];
                     ^
../src/bitmap.c:102:21: error: request for member 'Green' in something not a structure or union
    rgbData[rgbIndex].Green = bmp->data[bitMapIndex++];
                     ^
../src/bitmap.c:103:21: error: request for member 'Red' in something not a structure or union
    rgbData[rgbIndex].Red = bmp->data[bitMapIndex++];
                     ^
../src/bitmap.c: In function 'ReadBitmapFile':
../src/bitmap.c:135:10: warning: 'return' with a value, in function returning void
  if (fr) return (int)fr;
          ^
../src/bitmap.c:143:20: warning: passing argument 2 of 'BitmapToRGB' from incompatible pointer type
   BitmapToRGB(&bmp,rgbData);
                    ^
../src/bitmap.c:91:6: note: expected 'u32 *' but argument is of type 'struct RGB *'
 void BitmapToRGB(BMP *bmp, u32* rgbData)
      ^
make: *** [src/bitmap.o] Erreur 1
15:10:18 **** Auto Build of configuration Debug for project tp2 ****
make all 
Building file: ../src/bitmap.c
Invoking: ARM gcc compiler
arm-xilinx-eabi-gcc -Wall -O0 -g3 -I"C:\Temp\tp2Code\adv7511_zed.sdk\tp2\inc" -c -fmessage-length=0 -MT"src/bitmap.o" -I../../bsp/ps7_cortexa9_0/include -MMD -MP -MF"src/bitmap.d" -MT"src/bitmap.d" -o "src/bitmap.o" "../src/bitmap.c"
../src/bitmap.c: In function 'ReadBitMap':
../src/bitmap.c:86:12: error: assignment to expression with array type
  bmp->data = (char *) malloc(bmp->ImageDataSize);
            ^
../src/bitmap.c: In function 'BitmapToRGB':
../src/bitmap.c:102:21: error: request for member 'Blue' in something not a structure or union
    rgbData[rgbIndex].Blue = bmp->data[bitMapIndex++];
                     ^
../src/bitmap.c:103:21: error: request for member 'Green' in something not a structure or union
    rgbData[rgbIndex].Green = bmp->data[bitMapIndex++];
                     ^
../src/bitmap.c:104:21: error: request for member 'Red' in something not a structure or union
    rgbData[rgbIndex].Red = bmp->data[bitMapIndex++];
                     ^
../src/bitmap.c:101:8: warning: unused variable 'rgb' [-Wunused-variable]
    RGB rgb;
        ^
../src/bitmap.c: In function 'ReadBitmapFile':
../src/bitmap.c:136:10: warning: 'return' with a value, in function returning void
  if (fr) return (int)fr;
          ^
../src/bitmap.c:144:20: warning: passing argument 2 of 'BitmapToRGB' from incompatible pointer type
   BitmapToRGB(&bmp,rgbData);
                    ^
../src/bitmap.c:91:6: note: expected 'u32 *' but argument is of type 'struct RGB *'
 void BitmapToRGB(BMP *bmp, u32* rgbData)
      ^
make: *** [src/bitmap.o] Erreur 1
15:10:31 **** Auto Build of configuration Debug for project tp2 ****
make all 
Building file: ../src/bitmap.c
Invoking: ARM gcc compiler
arm-xilinx-eabi-gcc -Wall -O0 -g3 -I"C:\Temp\tp2Code\adv7511_zed.sdk\tp2\inc" -c -fmessage-length=0 -MT"src/bitmap.o" -I../../bsp/ps7_cortexa9_0/include -MMD -MP -MF"src/bitmap.d" -MT"src/bitmap.d" -o "src/bitmap.o" "../src/bitmap.c"
../src/bitmap.c: In function 'ReadBitMap':
../src/bitmap.c:86:12: error: assignment to expression with array type
  bmp->data = (char *) malloc(bmp->ImageDataSize);
            ^
../src/bitmap.c: In function 'BitmapToRGB':
../src/bitmap.c:101:8: warning: variable 'rgb' set but not used [-Wunused-but-set-variable]
    RGB rgb;
        ^
../src/bitmap.c: In function 'ReadBitmapFile':
../src/bitmap.c:136:10: warning: 'return' with a value, in function returning void
  if (fr) return (int)fr;
          ^
../src/bitmap.c:144:20: warning: passing argument 2 of 'BitmapToRGB' from incompatible pointer type
   BitmapToRGB(&bmp,rgbData);
                    ^
../src/bitmap.c:91:6: note: expected 'u32 *' but argument is of type 'struct RGB *'
 void BitmapToRGB(BMP *bmp, u32* rgbData)
      ^
make: *** [src/bitmap.o] Erreur 1
15:11:29 **** Auto Build of configuration Debug for project tp2 ****
make all 
Building file: ../src/bitmap.c
Invoking: ARM gcc compiler
arm-xilinx-eabi-gcc -Wall -O0 -g3 -I"C:\Temp\tp2Code\adv7511_zed.sdk\tp2\inc" -c -fmessage-length=0 -MT"src/bitmap.o" -I../../bsp/ps7_cortexa9_0/include -MMD -MP -MF"src/bitmap.d" -MT"src/bitmap.d" -o "src/bitmap.o" "../src/bitmap.c"
../src/bitmap.c: In function 'ReadBitMap':
../src/bitmap.c:86:12: error: assignment to expression with array type
  bmp->data = (char *) malloc(bmp->ImageDataSize);
            ^
../src/bitmap.c: In function 'ReadBitmapFile':
../src/bitmap.c:137:10: warning: 'return' with a value, in function returning void
  if (fr) return (int)fr;
          ^
../src/bitmap.c:145:20: warning: passing argument 2 of 'BitmapToRGB' from incompatible pointer type
   BitmapToRGB(&bmp,rgbData);
                    ^
../src/bitmap.c:91:6: note: expected 'u32 *' but argument is of type 'struct RGB *'
 void BitmapToRGB(BMP *bmp, u32* rgbData)
      ^
make: *** [src/bitmap.o] Erreur 1
15:12:50 **** Auto Build of configuration Debug for project tp2 ****
make all 
Building file: ../src/bitmap.c
Invoking: ARM gcc compiler
arm-xilinx-eabi-gcc -Wall -O0 -g3 -I"C:\Temp\tp2Code\adv7511_zed.sdk\tp2\inc" -c -fmessage-length=0 -MT"src/bitmap.o" -I../../bsp/ps7_cortexa9_0/include -MMD -MP -MF"src/bitmap.d" -MT"src/bitmap.d" -o "src/bitmap.o" "../src/bitmap.c"
../src/bitmap.c: In function 'ReadBitMap':
../src/bitmap.c:86:12: error: assignment to expression with array type
  bmp->data = (char *) malloc(bmp->ImageDataSize);
            ^
../src/bitmap.c: In function 'BitmapToRGB':
../src/bitmap.c:105:4: error: 'rgbData' undeclared (first use in this function)
    rgbData[] = RGBToNRGB(rgb);
    ^
../src/bitmap.c:105:4: note: each undeclared identifier is reported only once for each function it appears in
../src/bitmap.c:105:12: error: expected expression before ']' token
    rgbData[] = RGBToNRGB(rgb);
            ^
../src/bitmap.c: In function 'ReadBitmapFile':
../src/bitmap.c:137:10: warning: 'return' with a value, in function returning void
  if (fr) return (int)fr;
          ^
../src/bitmap.c:145:20: warning: passing argument 2 of 'BitmapToRGB' from incompatible pointer type
   BitmapToRGB(&bmp,rgbData);
                    ^
../src/bitmap.c:91:6: note: expected 'u32 *' but argument is of type 'struct RGB *'
 void BitmapToRGB(BMP *bmp, u32* rawHDMIData)
      ^
make: *** [src/bitmap.o] Erreur 1
15:13:11 **** Auto Build of configuration Debug for project tp2 ****
make all 
Building file: ../src/bitmap.c
Invoking: ARM gcc compiler
arm-xilinx-eabi-gcc -Wall -O0 -g3 -I"C:\Temp\tp2Code\adv7511_zed.sdk\tp2\inc" -c -fmessage-length=0 -MT"src/bitmap.o" -I../../bsp/ps7_cortexa9_0/include -MMD -MP -MF"src/bitmap.d" -MT"src/bitmap.d" -o "src/bitmap.o" "../src/bitmap.c"
../src/bitmap.c: In function 'ReadBitMap':
../src/bitmap.c:86:12: error: assignment to expression with array type
  bmp->data = (char *) malloc(bmp->ImageDataSize);
            ^
../src/bitmap.c: In function 'ReadBitmapFile':
../src/bitmap.c:137:10: warning: 'return' with a value, in function returning void
  if (fr) return (int)fr;
          ^
../src/bitmap.c:145:20: warning: passing argument 2 of 'BitmapToRGB' from incompatible pointer type
   BitmapToRGB(&bmp,rgbData);
                    ^
../src/bitmap.c:91:6: note: expected 'u32 *' but argument is of type 'struct RGB *'
 void BitmapToRGB(BMP *bmp, u32* rawHDMIData)
      ^
make: *** [src/bitmap.o] Erreur 1
15:13:30 **** Auto Build of configuration Debug for project tp2 ****
make all 
Building file: ../src/bitmap.c
Invoking: ARM gcc compiler
arm-xilinx-eabi-gcc -Wall -O0 -g3 -I"C:\Temp\tp2Code\adv7511_zed.sdk\tp2\inc" -c -fmessage-length=0 -MT"src/bitmap.o" -I../../bsp/ps7_cortexa9_0/include -MMD -MP -MF"src/bitmap.d" -MT"src/bitmap.d" -o "src/bitmap.o" "../src/bitmap.c"
../src/bitmap.c: In function 'ReadBitMap':
../src/bitmap.c:86:12: error: assignment to expression with array type
  bmp->data = (char *) malloc(bmp->ImageDataSize);
            ^
../src/bitmap.c: In function 'ReadBitmapFile':
../src/bitmap.c:137:10: warning: 'return' with a value, in function returning void
  if (fr) return (int)fr;
          ^
../src/bitmap.c:142:20: error: 'rgbData' undeclared (first use in this function)
   BitmapToRGB(&bmp,rgbData);
                    ^
../src/bitmap.c:142:20: note: each undeclared identifier is reported only once for each function it appears in
make: *** [src/bitmap.o] Erreur 1
15:13:37 **** Auto Build of configuration Debug for project tp2 ****
make all 
Building file: ../src/bitmap.c
Invoking: ARM gcc compiler
arm-xilinx-eabi-gcc -Wall -O0 -g3 -I"C:\Temp\tp2Code\adv7511_zed.sdk\tp2\inc" -c -fmessage-length=0 -MT"src/bitmap.o" -I../../bsp/ps7_cortexa9_0/include -MMD -MP -MF"src/bitmap.d" -MT"src/bitmap.d" -o "src/bitmap.o" "../src/bitmap.c"
../src/bitmap.c: In function 'ReadBitMap':
../src/bitmap.c:86:12: error: assignment to expression with array type
  bmp->data = (char *) malloc(bmp->ImageDataSize);
            ^
../src/bitmap.c: In function 'ReadBitmapFile':
../src/bitmap.c:137:10: warning: 'return' with a value, in function returning void
  if (fr) return (int)fr;
          ^
../src/bitmap.c:143:20: error: expected expression before ')' token
   BitmapToRGB(&bmp,);
                    ^
../src/bitmap.c:146:35: error: 'rgbData' undeclared (first use in this function)
  BitMapArrayToNRGBArray(imageData,rgbData,bmp.Height * bmp.Width);
                                   ^
../src/bitmap.c:146:35: note: each undeclared identifier is reported only once for each function it appears in
make: *** [src/bitmap.o] Erreur 1
15:13:42 **** Auto Build of configuration Debug for project tp2 ****
make all 
Building file: ../src/bitmap.c
Invoking: ARM gcc compiler
arm-xilinx-eabi-gcc -Wall -O0 -g3 -I"C:\Temp\tp2Code\adv7511_zed.sdk\tp2\inc" -c -fmessage-length=0 -MT"src/bitmap.o" -I../../bsp/ps7_cortexa9_0/include -MMD -MP -MF"src/bitmap.d" -MT"src/bitmap.d" -o "src/bitmap.o" "../src/bitmap.c"
../src/bitmap.c: In function 'ReadBitMap':
../src/bitmap.c:86:12: error: assignment to expression with array type
  bmp->data = (char *) malloc(bmp->ImageDataSize);
            ^
../src/bitmap.c: In function 'ReadBitmapFile':
../src/bitmap.c:137:10: warning: 'return' with a value, in function returning void
  if (fr) return (int)fr;
          ^
../src/bitmap.c:146:35: error: 'rgbData' undeclared (first use in this function)
  BitMapArrayToNRGBArray(imageData,rgbData,bmp.Height * bmp.Width);
                                   ^
../src/bitmap.c:146:35: note: each undeclared identifier is reported only once for each function it appears in
make: *** [src/bitmap.o] Erreur 1
15:13:49 **** Auto Build of configuration Debug for project tp2 ****
make all 
Building file: ../src/bitmap.c
Invoking: ARM gcc compiler
arm-xilinx-eabi-gcc -Wall -O0 -g3 -I"C:\Temp\tp2Code\adv7511_zed.sdk\tp2\inc" -c -fmessage-length=0 -MT"src/bitmap.o" -I../../bsp/ps7_cortexa9_0/include -MMD -MP -MF"src/bitmap.d" -MT"src/bitmap.d" -o "src/bitmap.o" "../src/bitmap.c"
../src/bitmap.c: In function 'ReadBitMap':
../src/bitmap.c:86:12: error: assignment to expression with array type
  bmp->data = (char *) malloc(bmp->ImageDataSize);
            ^
../src/bitmap.c: In function 'ReadBitmapFile':
../src/bitmap.c:137:10: warning: 'return' with a value, in function returning void
  if (fr) return (int)fr;
          ^
make: *** [src/bitmap.o] Erreur 1
15:13:53 **** Auto Build of configuration Debug for project tp2 ****
make all 
Building file: ../src/bitmap.c
Invoking: ARM gcc compiler
arm-xilinx-eabi-gcc -Wall -O0 -g3 -I"C:\Temp\tp2Code\adv7511_zed.sdk\tp2\inc" -c -fmessage-length=0 -MT"src/bitmap.o" -I../../bsp/ps7_cortexa9_0/include -MMD -MP -MF"src/bitmap.d" -MT"src/bitmap.d" -o "src/bitmap.o" "../src/bitmap.c"
../src/bitmap.c: In function 'ReadBitMap':
../src/bitmap.c:86:12: error: assignment to expression with array type
  bmp->data = (char *) malloc(bmp->ImageDataSize);
            ^
../src/bitmap.c: In function 'ReadBitmapFile':
../src/bitmap.c:137:10: warning: 'return' with a value, in function returning void
  if (fr) return (int)fr;
          ^
make: *** [src/bitmap.o] Erreur 1
15:15:18 **** Auto Build of configuration Debug for project tp2 ****
make all 
Building file: ../src/bitmap.c
Invoking: ARM gcc compiler
arm-xilinx-eabi-gcc -Wall -O0 -g3 -I"C:\Temp\tp2Code\adv7511_zed.sdk\tp2\inc" -c -fmessage-length=0 -MT"src/bitmap.o" -I../../bsp/ps7_cortexa9_0/include -MMD -MP -MF"src/bitmap.d" -MT"src/bitmap.d" -o "src/bitmap.o" "../src/bitmap.c"
../src/bitmap.c: In function 'ReadBitMap':
../src/bitmap.c:86:12: error: assignment to expression with array type
  bmp->data = (char *) malloc(bmp->ImageDataSize);
            ^
../src/bitmap.c: In function 'ReadBitmapFile':
../src/bitmap.c:137:10: warning: 'return' with a value, in function returning void
  if (fr) return (int)fr;
          ^
make: *** [src/bitmap.o] Erreur 1
15:15:39 **** Auto Build of configuration Debug for project tp2 ****
make all 
Building file: ../src/bitmap.c
Invoking: ARM gcc compiler
arm-xilinx-eabi-gcc -Wall -O0 -g3 -I"C:\Temp\tp2Code\adv7511_zed.sdk\tp2\inc" -c -fmessage-length=0 -MT"src/bitmap.o" -I../../bsp/ps7_cortexa9_0/include -MMD -MP -MF"src/bitmap.d" -MT"src/bitmap.d" -o "src/bitmap.o" "../src/bitmap.c"
../src/bitmap.c: In function 'ReadBitMap':
../src/bitmap.c:86:12: error: assignment to expression with array type
  bmp->data = (char *) malloc(bmp->ImageDataSize);
            ^
../src/bitmap.c: In function 'ReadBitmapFile':
../src/bitmap.c:137:10: warning: 'return' with a value, in function returning void
  if (fr) return (int)fr;
          ^
make: *** [src/bitmap.o] Erreur 1
15:15:41 **** Auto Build of configuration Debug for project tp2 ****
make all 
Building file: ../src/bitmap.c
Invoking: ARM gcc compiler
arm-xilinx-eabi-gcc -Wall -O0 -g3 -I"C:\Temp\tp2Code\adv7511_zed.sdk\tp2\inc" -c -fmessage-length=0 -MT"src/bitmap.o" -I../../bsp/ps7_cortexa9_0/include -MMD -MP -MF"src/bitmap.d" -MT"src/bitmap.d" -o "src/bitmap.o" "../src/bitmap.c"
../src/bitmap.c: In function 'ReadBitMap':
../src/bitmap.c:86:12: error: assignment to expression with array type
  bmp->data = (char *) malloc(bmp->ImageDataSize);
            ^
../src/bitmap.c: In function 'ReadBitmapFile':
../src/bitmap.c:137:10: warning: 'return' with a value, in function returning void
  if (fr) return (int)fr;
          ^
make: *** [src/bitmap.o] Erreur 1
15:15:45 **** Auto Build of configuration Debug for project tp2 ****
make all 
Building file: ../src/bitmap.c
Invoking: ARM gcc compiler
arm-xilinx-eabi-gcc -Wall -O0 -g3 -I"C:\Temp\tp2Code\adv7511_zed.sdk\tp2\inc" -c -fmessage-length=0 -MT"src/bitmap.o" -I../../bsp/ps7_cortexa9_0/include -MMD -MP -MF"src/bitmap.d" -MT"src/bitmap.d" -o "src/bitmap.o" "../src/bitmap.c"
../src/bitmap.c: In function 'ReadBitMap':
../src/bitmap.c:86:12: error: assignment to expression with array type
  bmp->data = (char *) malloc(bmp->ImageDataSize);
            ^
../src/bitmap.c: In function 'ReadBitmapFile':
../src/bitmap.c:137:10: warning: 'return' with a value, in function returning void
  if (fr) return (int)fr;
          ^
make: *** [src/bitmap.o] Erreur 1
15:16:08 **** Auto Build of configuration Debug for project tp2 ****
make all 
Building file: ../src/bitmap.c
Invoking: ARM gcc compiler
arm-xilinx-eabi-gcc -Wall -O0 -g3 -I"C:\Temp\tp2Code\adv7511_zed.sdk\tp2\inc" -c -fmessage-length=0 -MT"src/bitmap.o" -I../../bsp/ps7_cortexa9_0/include -MMD -MP -MF"src/bitmap.d" -MT"src/bitmap.d" -o "src/bitmap.o" "../src/bitmap.c"
../src/bitmap.c: In function 'ReadBitMap':
../src/bitmap.c:86:12: error: assignment to expression with array type
  bmp->data = (char *) malloc(bmp->ImageDataSize);
            ^
../src/bitmap.c: In function 'ReadBitmapFile':
../src/bitmap.c:137:10: warning: 'return' with a value, in function returning void
  if (fr) return (int)fr;
          ^
make: *** [src/bitmap.o] Erreur 1
15:17:00 **** Auto Build of configuration Debug for project tp2 ****
make all 
Building file: ../src/bitmap.c
Invoking: ARM gcc compiler
arm-xilinx-eabi-gcc -Wall -O0 -g3 -I"C:\Temp\tp2Code\adv7511_zed.sdk\tp2\inc" -c -fmessage-length=0 -MT"src/bitmap.o" -I../../bsp/ps7_cortexa9_0/include -MMD -MP -MF"src/bitmap.d" -MT"src/bitmap.d" -o "src/bitmap.o" "../src/bitmap.c"
../src/bitmap.c: In function 'ReadBitMap':
../src/bitmap.c:86:12: error: assignment to expression with array type
  bmp->data = (char *) malloc(bmp->ImageDataSize);
            ^
../src/bitmap.c: In function 'ReadBitmapFile':
../src/bitmap.c:137:10: warning: 'return' with a value, in function returning void
  if (fr) return (int)fr;
          ^
make: *** [src/bitmap.o] Erreur 1
15:17:16 **** Clean-only build of configuration Debug for project tp2 ****
make clean 
rm -rf  ./src/bitmap.o ./src/cf_hdmi.o ./src/main.o ./src/transmitter.o  ./src/bitmap.d ./src/cf_hdmi.d ./src/main.d ./src/transmitter.d  tp2.elf.size  tp2.elf
 
15:17:17 **** Auto Build of configuration Debug for project tp2 ****
make all 
Building file: ../src/bitmap.c
Invoking: ARM gcc compiler
arm-xilinx-eabi-gcc -Wall -O0 -g3 -I"C:\Temp\tp2Code\adv7511_zed.sdk\tp2\inc" -c -fmessage-length=0 -MT"src/bitmap.o" -I../../bsp/ps7_cortexa9_0/include -MMD -MP -MF"src/bitmap.d" -MT"src/bitmap.d" -o "src/bitmap.o" "../src/bitmap.c"
../src/bitmap.c: In function 'ReadBitMap':
../src/bitmap.c:86:12: error: assignment to expression with array type
  bmp->data = (char *) malloc(bmp->ImageDataSize);
            ^
../src/bitmap.c: In function 'ReadBitmapFile':
../src/bitmap.c:137:10: warning: 'return' with a value, in function returning void
  if (fr) return (int)fr;
          ^
make: *** [src/bitmap.o] Erreur 1
15:18:04 **** Auto Build of configuration Debug for project tp2 ****
make all 
Building file: ../src/bitmap.c
Invoking: ARM gcc compiler
arm-xilinx-eabi-gcc -Wall -O0 -g3 -I"C:\Temp\tp2Code\adv7511_zed.sdk\tp2\inc" -c -fmessage-length=0 -MT"src/bitmap.o" -I../../bsp/ps7_cortexa9_0/include -MMD -MP -MF"src/bitmap.d" -MT"src/bitmap.d" -o "src/bitmap.o" "../src/bitmap.c"
../src/bitmap.c: In function 'ReadBitMap':
../src/bitmap.c:86:12: error: assignment to expression with array type
  bmp->data = (char *) malloc(bmp->ImageDataSize);
            ^
../src/bitmap.c: In function 'ReadBitmapFile':
../src/bitmap.c:137:10: warning: 'return' with a value, in function returning void
  if (fr) return (int)fr;
          ^
make: *** [src/bitmap.o] Erreur 1
15:20:08 **** Auto Build of configuration Debug for project tp2 ****
make all 
Building file: ../src/bitmap.c
Invoking: ARM gcc compiler
arm-xilinx-eabi-gcc -Wall -O0 -g3 -I"C:\Temp\tp2Code\adv7511_zed.sdk\tp2\inc" -c -fmessage-length=0 -MT"src/bitmap.o" -I../../bsp/ps7_cortexa9_0/include -MMD -MP -MF"src/bitmap.d" -MT"src/bitmap.d" -o "src/bitmap.o" "../src/bitmap.c"
../src/bitmap.c: In function 'ReadBitMap':
../src/bitmap.c:86:12: error: assignment to expression with array type
  bmp->data = (char *) malloc(bmp->ImageDataSize);
            ^
../src/bitmap.c: In function 'ReadBitmapFile':
../src/bitmap.c:137:10: warning: 'return' with a value, in function returning void
  if (fr) return (int)fr;
          ^
make: *** [src/bitmap.o] Erreur 1
15:20:35 **** Auto Build of configuration Debug for project tp2 ****
make all 
Building file: ../src/bitmap.c
Invoking: ARM gcc compiler
arm-xilinx-eabi-gcc -Wall -O0 -g3 -I"C:\Temp\tp2Code\adv7511_zed.sdk\tp2\inc" -c -fmessage-length=0 -MT"src/bitmap.o" -I../../bsp/ps7_cortexa9_0/include -MMD -MP -MF"src/bitmap.d" -MT"src/bitmap.d" -o "src/bitmap.o" "../src/bitmap.c"
../src/bitmap.c: In function 'ReadBitMap':
../src/bitmap.c:86:12: error: assignment to expression with array type
  bmp->data = (char *) malloc(bmp->ImageDataSize);
            ^
../src/bitmap.c: In function 'ReadBitmapFile':
../src/bitmap.c:137:10: warning: 'return' with a value, in function returning void
  if (fr) return (int)fr;
          ^
make: *** [src/bitmap.o] Erreur 1
15:20:44 **** Auto Build of configuration Debug for project tp2 ****
make all 
Building file: ../src/bitmap.c
Invoking: ARM gcc compiler
arm-xilinx-eabi-gcc -Wall -O0 -g3 -I"C:\Temp\tp2Code\adv7511_zed.sdk\tp2\inc" -c -fmessage-length=0 -MT"src/bitmap.o" -I../../bsp/ps7_cortexa9_0/include -MMD -MP -MF"src/bitmap.d" -MT"src/bitmap.d" -o "src/bitmap.o" "../src/bitmap.c"
../src/bitmap.c: In function 'ReadBitMap':
../src/bitmap.c:86:12: error: assignment to expression with array type
  bmp->data = (char *) malloc(bmp->ImageDataSize);
            ^
../src/bitmap.c: In function 'ReadBitmapFile':
../src/bitmap.c:137:10: warning: 'return' with a value, in function returning void
  if (fr) return (int)fr;
          ^
make: *** [src/bitmap.o] Erreur 1
15:21:20 **** Auto Build of configuration Debug for project tp2 ****
make all 
Building file: ../src/bitmap.c
Invoking: ARM gcc compiler
arm-xilinx-eabi-gcc -Wall -O0 -g3 -I"C:\Temp\tp2Code\adv7511_zed.sdk\tp2\inc" -c -fmessage-length=0 -MT"src/bitmap.o" -I../../bsp/ps7_cortexa9_0/include -MMD -MP -MF"src/bitmap.d" -MT"src/bitmap.d" -o "src/bitmap.o" "../src/bitmap.c"
../src/bitmap.c: In function 'ReadBitMap':
../src/bitmap.c:86:12: error: assignment to expression with array type
  bmp->data = (char *) malloc(bmp->ImageDataSize);
            ^
../src/bitmap.c: In function 'ReadBitmapFile':
../src/bitmap.c:137:10: warning: 'return' with a value, in function returning void
  if (fr) return (int)fr;
          ^
make: *** [src/bitmap.o] Erreur 1
15:21:27 **** Auto Build of configuration Debug for project tp2 ****
make all 
Building file: ../src/bitmap.c
Invoking: ARM gcc compiler
arm-xilinx-eabi-gcc -Wall -O0 -g3 -I"C:\Temp\tp2Code\adv7511_zed.sdk\tp2\inc" -c -fmessage-length=0 -MT"src/bitmap.o" -I../../bsp/ps7_cortexa9_0/include -MMD -MP -MF"src/bitmap.d" -MT"src/bitmap.d" -o "src/bitmap.o" "../src/bitmap.c"
../src/bitmap.c: In function 'ReadBitmapFile':
../src/bitmap.c:137:10: warning: 'return' with a value, in function returning void
  if (fr) return (int)fr;
          ^
Finished building: ../src/bitmap.c
 
Building file: ../src/cf_hdmi.c
Invoking: ARM gcc compiler
arm-xilinx-eabi-gcc -Wall -O0 -g3 -I"C:\Temp\tp2Code\adv7511_zed.sdk\tp2\inc" -c -fmessage-length=0 -MT"src/cf_hdmi.o" -I../../bsp/ps7_cortexa9_0/include -MMD -MP -MF"src/cf_hdmi.d" -MT"src/cf_hdmi.d" -o "src/cf_hdmi.o" "../src/cf_hdmi.c"
../src/cf_hdmi.c: In function 'GetHdmiImagePointer':
../src/cf_hdmi.c:68:2: error: unknown type name 'returnn'
  returnn currentImage;
  ^
../src/cf_hdmi.c:68:10: warning: unused variable 'currentImage' [-Wunused-variable]
  returnn currentImage;
          ^
../src/cf_hdmi.c:69:1: warning: control reaches end of non-void function [-Wreturn-type]
 }
 ^
make: *** [src/cf_hdmi.o] Erreur 1
15:21:50 **** Auto Build of configuration Debug for project tp2 ****
make all 
Building file: ../src/cf_hdmi.c
Invoking: ARM gcc compiler
arm-xilinx-eabi-gcc -Wall -O0 -g3 -I"C:\Temp\tp2Code\adv7511_zed.sdk\tp2\inc" -c -fmessage-length=0 -MT"src/cf_hdmi.o" -I../../bsp/ps7_cortexa9_0/include -MMD -MP -MF"src/cf_hdmi.d" -MT"src/cf_hdmi.d" -o "src/cf_hdmi.o" "../src/cf_hdmi.c"
In file included from ../src/cf_hdmi.c:50:0:
../src/constant.h:2:7: warning: type defaults to 'int' in declaration of 'MAX_IMAGE_SIZE' [-Wimplicit-int]
 const MAX_IMAGE_SIZE = 2 100 000;// a bit more than 1080*1920
       ^
../src/constant.h:2:26: error: expected ',' or ';' before numeric constant
 const MAX_IMAGE_SIZE = 2 100 000;// a bit more than 1080*1920
                          ^
../src/constant.h:3:7: warning: type defaults to 'int' in declaration of 'MAX_BMP_DATA_SIZE' [-Wimplicit-int]
 const MAX_BMP_DATA_SIZE = 4 000 000;
       ^
../src/constant.h:3:29: error: expected ',' or ';' before numeric constant
 const MAX_BMP_DATA_SIZE = 4 000 000;
                             ^
../src/cf_hdmi.c: In function 'SetHdmiImageLenght':
../src/cf_hdmi.c:64:16: error: expected expression before ')' token
  if (length >  )
                ^
../src/cf_hdmi.c: In function 'GetHdmiImagePointer':
../src/cf_hdmi.c:70:2: error: unknown type name 'returnn'
  returnn currentImage;
  ^
../src/cf_hdmi.c:70:10: warning: unused variable 'currentImage' [-Wunused-variable]
  returnn currentImage;
          ^
../src/cf_hdmi.c:71:1: warning: control reaches end of non-void function [-Wreturn-type]
 }
 ^
make: *** [src/cf_hdmi.o] Erreur 1
15:22:07 **** Auto Build of configuration Debug for project tp2 ****
make all 
Building file: ../src/cf_hdmi.c
Invoking: ARM gcc compiler
arm-xilinx-eabi-gcc -Wall -O0 -g3 -I"C:\Temp\tp2Code\adv7511_zed.sdk\tp2\inc" -c -fmessage-length=0 -MT"src/cf_hdmi.o" -I../../bsp/ps7_cortexa9_0/include -MMD -MP -MF"src/cf_hdmi.d" -MT"src/cf_hdmi.d" -o "src/cf_hdmi.o" "../src/cf_hdmi.c"
In file included from ../src/cf_hdmi.c:50:0:
../src/constant.h:2:7: warning: type defaults to 'int' in declaration of 'MAX_IMAGE_SIZE' [-Wimplicit-int]
 const MAX_IMAGE_SIZE = 2 100 000;// a bit more than 1080*1920
       ^
../src/constant.h:2:26: error: expected ',' or ';' before numeric constant
 const MAX_IMAGE_SIZE = 2 100 000;// a bit more than 1080*1920
                          ^
../src/constant.h:3:7: warning: type defaults to 'int' in declaration of 'MAX_BMP_DATA_SIZE' [-Wimplicit-int]
 const MAX_BMP_DATA_SIZE = 4 000 000;
       ^
../src/constant.h:3:29: error: expected ',' or ';' before numeric constant
 const MAX_BMP_DATA_SIZE = 4 000 000;
                             ^
../src/cf_hdmi.c: In function 'GetHdmiImagePointer':
../src/cf_hdmi.c:70:2: error: unknown type name 'returnn'
  returnn currentImage;
  ^
../src/cf_hdmi.c:70:10: warning: unused variable 'currentImage' [-Wunused-variable]
  returnn currentImage;
          ^
../src/cf_hdmi.c:71:1: warning: control reaches end of non-void function [-Wreturn-type]
 }
 ^
make: *** [src/cf_hdmi.o] Erreur 1
15:22:20 **** Auto Build of configuration Debug for project tp2 ****
make all 
Building file: ../src/cf_hdmi.c
Invoking: ARM gcc compiler
arm-xilinx-eabi-gcc -Wall -O0 -g3 -I"C:\Temp\tp2Code\adv7511_zed.sdk\tp2\inc" -c -fmessage-length=0 -MT"src/cf_hdmi.o" -I../../bsp/ps7_cortexa9_0/include -MMD -MP -MF"src/cf_hdmi.d" -MT"src/cf_hdmi.d" -o "src/cf_hdmi.o" "../src/cf_hdmi.c"
In file included from ../src/cf_hdmi.c:50:0:
../src/constant.h:2:7: warning: type defaults to 'int' in declaration of 'MAX_IMAGE_SIZE' [-Wimplicit-int]
 const MAX_IMAGE_SIZE = 2100000;// a bit more than 1080*1920
       ^
../src/constant.h:3:7: warning: type defaults to 'int' in declaration of 'MAX_BMP_DATA_SIZE' [-Wimplicit-int]
 const MAX_BMP_DATA_SIZE = 4 000 000;
       ^
../src/constant.h:3:29: error: expected ',' or ';' before numeric constant
 const MAX_BMP_DATA_SIZE = 4 000 000;
                             ^
../src/cf_hdmi.c: In function 'GetHdmiImagePointer':
../src/cf_hdmi.c:70:2: error: unknown type name 'returnn'
  returnn currentImage;
  ^
../src/cf_hdmi.c:70:10: warning: unused variable 'currentImage' [-Wunused-variable]
  returnn currentImage;
          ^
../src/cf_hdmi.c:71:1: warning: control reaches end of non-void function [-Wreturn-type]
 }
 ^
make: *** [src/cf_hdmi.o] Erreur 1
15:22:33 **** Auto Build of configuration Debug for project tp2 ****
make all 
Building file: ../src/cf_hdmi.c
Invoking: ARM gcc compiler
arm-xilinx-eabi-gcc -Wall -O0 -g3 -I"C:\Temp\tp2Code\adv7511_zed.sdk\tp2\inc" -c -fmessage-length=0 -MT"src/cf_hdmi.o" -I../../bsp/ps7_cortexa9_0/include -MMD -MP -MF"src/cf_hdmi.d" -MT"src/cf_hdmi.d" -o "src/cf_hdmi.o" "../src/cf_hdmi.c"
In file included from ../src/cf_hdmi.c:50:0:
../src/constant.h:3:7: warning: type defaults to 'int' in declaration of 'MAX_BMP_DATA_SIZE' [-Wimplicit-int]
 const MAX_BMP_DATA_SIZE = 4 000 000;
       ^
../src/constant.h:3:29: error: expected ',' or ';' before numeric constant
 const MAX_BMP_DATA_SIZE = 4 000 000;
                             ^
../src/cf_hdmi.c: In function 'GetHdmiImagePointer':
../src/cf_hdmi.c:70:2: error: unknown type name 'returnn'
  returnn currentImage;
  ^
../src/cf_hdmi.c:70:10: warning: unused variable 'currentImage' [-Wunused-variable]
  returnn currentImage;
          ^
../src/cf_hdmi.c:71:1: warning: control reaches end of non-void function [-Wreturn-type]
 }
 ^
make: *** [src/cf_hdmi.o] Erreur 1
15:22:36 **** Auto Build of configuration Debug for project tp2 ****
make all 
Building file: ../src/cf_hdmi.c
Invoking: ARM gcc compiler
arm-xilinx-eabi-gcc -Wall -O0 -g3 -I"C:\Temp\tp2Code\adv7511_zed.sdk\tp2\inc" -c -fmessage-length=0 -MT"src/cf_hdmi.o" -I../../bsp/ps7_cortexa9_0/include -MMD -MP -MF"src/cf_hdmi.d" -MT"src/cf_hdmi.d" -o "src/cf_hdmi.o" "../src/cf_hdmi.c"
In file included from ../src/cf_hdmi.c:50:0:
../src/constant.h:3:33: error: expected ',' or ';' before numeric constant
 const int MAX_BMP_DATA_SIZE = 4 000 000;
                                 ^
../src/cf_hdmi.c: In function 'GetHdmiImagePointer':
../src/cf_hdmi.c:70:2: error: unknown type name 'returnn'
  returnn currentImage;
  ^
../src/cf_hdmi.c:70:10: warning: unused variable 'currentImage' [-Wunused-variable]
  returnn currentImage;
          ^
../src/cf_hdmi.c:71:1: warning: control reaches end of non-void function [-Wreturn-type]
 }
 ^
make: *** [src/cf_hdmi.o] Erreur 1
15:22:39 **** Auto Build of configuration Debug for project tp2 ****
make all 
Building file: ../src/cf_hdmi.c
Invoking: ARM gcc compiler
arm-xilinx-eabi-gcc -Wall -O0 -g3 -I"C:\Temp\tp2Code\adv7511_zed.sdk\tp2\inc" -c -fmessage-length=0 -MT"src/cf_hdmi.o" -I../../bsp/ps7_cortexa9_0/include -MMD -MP -MF"src/cf_hdmi.d" -MT"src/cf_hdmi.d" -o "src/cf_hdmi.o" "../src/cf_hdmi.c"
../src/cf_hdmi.c: In function 'GetHdmiImagePointer':
../src/cf_hdmi.c:70:2: error: unknown type name 'returnn'
  returnn currentImage;
  ^
../src/cf_hdmi.c:70:10: warning: unused variable 'currentImage' [-Wunused-variable]
  returnn currentImage;
          ^
../src/cf_hdmi.c:71:1: warning: control reaches end of non-void function [-Wreturn-type]
 }
 ^
make: *** [src/cf_hdmi.o] Erreur 1
15:23:32 **** Auto Build of configuration Debug for project tp2 ****
make all 
Building file: ../src/cf_hdmi.c
Invoking: ARM gcc compiler
arm-xilinx-eabi-gcc -Wall -O0 -g3 -I"C:\Temp\tp2Code\adv7511_zed.sdk\tp2\inc" -c -fmessage-length=0 -MT"src/cf_hdmi.o" -I../../bsp/ps7_cortexa9_0/include -MMD -MP -MF"src/cf_hdmi.d" -MT"src/cf_hdmi.d" -o "src/cf_hdmi.o" "../src/cf_hdmi.c"
../src/cf_hdmi.c: In function 'GetHdmiImagePointer':
../src/cf_hdmi.c:74:2: error: unknown type name 'returnn'
  returnn currentImage;
  ^
../src/cf_hdmi.c:74:10: warning: unused variable 'currentImage' [-Wunused-variable]
  returnn currentImage;
          ^
../src/cf_hdmi.c:75:1: warning: control reaches end of non-void function [-Wreturn-type]
 }
 ^
make: *** [src/cf_hdmi.o] Erreur 1
15:23:44 **** Auto Build of configuration Debug for project tp2 ****
make all 
Building file: ../src/cf_hdmi.c
Invoking: ARM gcc compiler
arm-xilinx-eabi-gcc -Wall -O0 -g3 -I"C:\Temp\tp2Code\adv7511_zed.sdk\tp2\inc" -c -fmessage-length=0 -MT"src/cf_hdmi.o" -I../../bsp/ps7_cortexa9_0/include -MMD -MP -MF"src/cf_hdmi.d" -MT"src/cf_hdmi.d" -o "src/cf_hdmi.o" "../src/cf_hdmi.c"
../src/cf_hdmi.c: In function 'SetHdmiImageLenght':
../src/cf_hdmi.c:67:2: error: expected ';' before '}' token
  }
  ^
../src/cf_hdmi.c: In function 'GetHdmiImagePointer':
../src/cf_hdmi.c:74:2: error: unknown type name 'returnn'
  returnn currentImage;
  ^
../src/cf_hdmi.c:74:10: warning: unused variable 'currentImage' [-Wunused-variable]
  returnn currentImage;
          ^
../src/cf_hdmi.c:75:1: warning: control reaches end of non-void function [-Wreturn-type]
 }
 ^
make: *** [src/cf_hdmi.o] Erreur 1
15:23:46 **** Auto Build of configuration Debug for project tp2 ****
make all 
Building file: ../src/cf_hdmi.c
Invoking: ARM gcc compiler
arm-xilinx-eabi-gcc -Wall -O0 -g3 -I"C:\Temp\tp2Code\adv7511_zed.sdk\tp2\inc" -c -fmessage-length=0 -MT"src/cf_hdmi.o" -I../../bsp/ps7_cortexa9_0/include -MMD -MP -MF"src/cf_hdmi.d" -MT"src/cf_hdmi.d" -o "src/cf_hdmi.o" "../src/cf_hdmi.c"
../src/cf_hdmi.c: In function 'GetHdmiImagePointer':
../src/cf_hdmi.c:74:2: error: unknown type name 'returnn'
  returnn currentImage;
  ^
../src/cf_hdmi.c:74:10: warning: unused variable 'currentImage' [-Wunused-variable]
  returnn currentImage;
          ^
../src/cf_hdmi.c:75:1: warning: control reaches end of non-void function [-Wreturn-type]
 }
 ^
make: *** [src/cf_hdmi.o] Erreur 1
15:24:27 **** Auto Build of configuration Debug for project tp2 ****
make all 
Building file: ../src/cf_hdmi.c
Invoking: ARM gcc compiler
arm-xilinx-eabi-gcc -Wall -O0 -g3 -I"C:\Temp\tp2Code\adv7511_zed.sdk\tp2\inc" -c -fmessage-length=0 -MT"src/cf_hdmi.o" -I../../bsp/ps7_cortexa9_0/include -MMD -MP -MF"src/cf_hdmi.d" -MT"src/cf_hdmi.d" -o "src/cf_hdmi.o" "../src/cf_hdmi.c"
../src/cf_hdmi.c: In function 'GetHdmiImagePointer':
../src/cf_hdmi.c:74:2: error: unknown type name 'returnn'
  returnn currentImage;
  ^
../src/cf_hdmi.c:74:10: warning: unused variable 'currentImage' [-Wunused-variable]
  returnn currentImage;
          ^
../src/cf_hdmi.c:75:1: warning: control reaches end of non-void function [-Wreturn-type]
 }
 ^
make: *** [src/cf_hdmi.o] Erreur 1
15:24:34 **** Auto Build of configuration Debug for project tp2 ****
make all 
Building file: ../src/cf_hdmi.c
Invoking: ARM gcc compiler
arm-xilinx-eabi-gcc -Wall -O0 -g3 -I"C:\Temp\tp2Code\adv7511_zed.sdk\tp2\inc" -c -fmessage-length=0 -MT"src/cf_hdmi.o" -I../../bsp/ps7_cortexa9_0/include -MMD -MP -MF"src/cf_hdmi.d" -MT"src/cf_hdmi.d" -o "src/cf_hdmi.o" "../src/cf_hdmi.c"
Finished building: ../src/cf_hdmi.c
 
Building file: ../src/main.c
Invoking: ARM gcc compiler
arm-xilinx-eabi-gcc -Wall -O0 -g3 -I"C:\Temp\tp2Code\adv7511_zed.sdk\tp2\inc" -c -fmessage-length=0 -MT"src/main.o" -I../../bsp/ps7_cortexa9_0/include -MMD -MP -MF"src/main.d" -MT"src/main.d" -o "src/main.o" "../src/main.c"
In file included from ../src/main.c:46:0:
../../bsp/ps7_cortexa9_0/include/xbasic_types.h:115:2: warning: #warning The xbasics_type.h file is deprecated and users should use xil_types.h and xil_assert. [-Wcpp]
 #warning  The xbasics_type.h file is deprecated and users should use xil_types.h and xil_assert.
  ^
../../bsp/ps7_cortexa9_0/include/xbasic_types.h:116:2: warning: #warning Please refer the Standalone BSP UG647 for further details [-Wcpp]
 #warning  Please refer the Standalone BSP UG647 for further details
  ^
Finished building: ../src/main.c
 
Building file: ../src/transmitter.c
Invoking: ARM gcc compiler
arm-xilinx-eabi-gcc -Wall -O0 -g3 -I"C:\Temp\tp2Code\adv7511_zed.sdk\tp2\inc" -c -fmessage-length=0 -MT"src/transmitter.o" -I../../bsp/ps7_cortexa9_0/include -MMD -MP -MF"src/transmitter.d" -MT"src/transmitter.d" -o "src/transmitter.o" "../src/transmitter.c"
Finished building: ../src/transmitter.c
 
Building target: tp2.elf
Invoking: ARM gcc linker
arm-xilinx-eabi-gcc -L"C:\Temp\tp2Code\adv7511_zed.sdk\tp2\lib" -Wl,-T -Wl,../src/lscript.ld -L../../bsp/ps7_cortexa9_0/lib -o "tp2.elf"  ./src/bitmap.o ./src/cf_hdmi.o ./src/main.o ./src/transmitter.o   -lHDMI_ZedBoardLib -Wl,--start-group,-lxil,-lgcc,-lc,--end-group -Wl,--start-group,-lxilffs,-lxil,-lgcc,-lc,--end-group
./src/bitmap.o: In function `ReadBitmapFile':
C:\Temp\tp2Code\adv7511_zed.sdk\tp2\Debug/../src/bitmap.c:147: undefined reference to `setCurrentImage'
collect2.exe: error: ld returned 1 exit status
make: *** [tp2.elf] Erreur 1
15:24:55 **** Auto Build of configuration Debug for project tp2 ****
make all 
Building file: ../src/bitmap.c
Invoking: ARM gcc compiler
arm-xilinx-eabi-gcc -Wall -O0 -g3 -I"C:\Temp\tp2Code\adv7511_zed.sdk\tp2\inc" -c -fmessage-length=0 -MT"src/bitmap.o" -I../../bsp/ps7_cortexa9_0/include -MMD -MP -MF"src/bitmap.d" -MT"src/bitmap.d" -o "src/bitmap.o" "../src/bitmap.c"
../src/bitmap.c: In function 'ReadBitmapFile':
../src/bitmap.c:137:10: warning: 'return' with a value, in function returning void
  if (fr) return (int)fr;
          ^
Finished building: ../src/bitmap.c
 
Building target: tp2.elf
Invoking: ARM gcc linker
arm-xilinx-eabi-gcc -L"C:\Temp\tp2Code\adv7511_zed.sdk\tp2\lib" -Wl,-T -Wl,../src/lscript.ld -L../../bsp/ps7_cortexa9_0/lib -o "tp2.elf"  ./src/bitmap.o ./src/cf_hdmi.o ./src/main.o ./src/transmitter.o   -lHDMI_ZedBoardLib -Wl,--start-group,-lxil,-lgcc,-lc,--end-group -Wl,--start-group,-lxilffs,-lxil,-lgcc,-lc,--end-group
Finished building target: tp2.elf
 
Invoking: ARM Print Size
arm-xilinx-eabi-size tp2.elf  |tee "tp2.elf.size"
   text	   data	    bss	    dec	    hex	filename
 126072	   1972	 228224	 356268	  56fac	tp2.elf
Finished building: tp2.elf.size
 
15:25:03 **** Auto Build of configuration Debug for project tp2 ****
make all 
Building file: ../src/bitmap.c
Invoking: ARM gcc compiler
arm-xilinx-eabi-gcc -Wall -O0 -g3 -I"C:\Temp\tp2Code\adv7511_zed.sdk\tp2\inc" -c -fmessage-length=0 -MT"src/bitmap.o" -I../../bsp/ps7_cortexa9_0/include -MMD -MP -MF"src/bitmap.d" -MT"src/bitmap.d" -o "src/bitmap.o" "../src/bitmap.c"
../src/bitmap.c: In function 'ReadBitmapFile':
../src/bitmap.c:137:10: warning: 'return' with a value, in function returning void
  if (fr) return (int)fr;
          ^
../src/bitmap.c:142:16: error: 'MAX_IMAGE_SIZE' undeclared (first use in this function)
  u32 imageData[MAX_IMAGE_SIZE];
                ^
../src/bitmap.c:142:16: note: each undeclared identifier is reported only once for each function it appears in
../src/bitmap.c:142:6: warning: unused variable 'imageData' [-Wunused-variable]
  u32 imageData[MAX_IMAGE_SIZE];
      ^
make: *** [src/bitmap.o] Erreur 1
15:25:09 **** Auto Build of configuration Debug for project tp2 ****
make all 
Building file: ../src/bitmap.c
Invoking: ARM gcc compiler
arm-xilinx-eabi-gcc -Wall -O0 -g3 -I"C:\Temp\tp2Code\adv7511_zed.sdk\tp2\inc" -c -fmessage-length=0 -MT"src/bitmap.o" -I../../bsp/ps7_cortexa9_0/include -MMD -MP -MF"src/bitmap.d" -MT"src/bitmap.d" -o "src/bitmap.o" "../src/bitmap.c"
../src/bitmap.c: In function 'ReadBitmapFile':
../src/bitmap.c:137:10: warning: 'return' with a value, in function returning void
  if (fr) return (int)fr;
          ^
../src/bitmap.c:142:19: error: 'imageData' undeclared (first use in this function)
  BitmapToRGB(&bmp,imageData);
                   ^
../src/bitmap.c:142:19: note: each undeclared identifier is reported only once for each function it appears in
make: *** [src/bitmap.o] Erreur 1
15:25:24 **** Auto Build of configuration Debug for project tp2 ****
make all 
Building file: ../src/bitmap.c
Invoking: ARM gcc compiler
arm-xilinx-eabi-gcc -Wall -O0 -g3 -I"C:\Temp\tp2Code\adv7511_zed.sdk\tp2\inc" -c -fmessage-length=0 -MT"src/bitmap.o" -I../../bsp/ps7_cortexa9_0/include -MMD -MP -MF"src/bitmap.d" -MT"src/bitmap.d" -o "src/bitmap.o" "../src/bitmap.c"
../src/bitmap.c: In function 'ReadBitmapFile':
../src/bitmap.c:137:10: warning: 'return' with a value, in function returning void
  if (fr) return (int)fr;
          ^
../src/bitmap.c:142:19: error: 'GetHdmiImagePointer' undeclared (first use in this function)
  BitmapToRGB(&bmp,GetHdmiImagePointer);
                   ^
../src/bitmap.c:142:19: note: each undeclared identifier is reported only once for each function it appears in
make: *** [src/bitmap.o] Erreur 1
15:25:28 **** Auto Build of configuration Debug for project tp2 ****
make all 
Building file: ../src/bitmap.c
Invoking: ARM gcc compiler
arm-xilinx-eabi-gcc -Wall -O0 -g3 -I"C:\Temp\tp2Code\adv7511_zed.sdk\tp2\inc" -c -fmessage-length=0 -MT"src/bitmap.o" -I../../bsp/ps7_cortexa9_0/include -MMD -MP -MF"src/bitmap.d" -MT"src/bitmap.d" -o "src/bitmap.o" "../src/bitmap.c"
../src/bitmap.c: In function 'ReadBitmapFile':
../src/bitmap.c:137:10: warning: 'return' with a value, in function returning void
  if (fr) return (int)fr;
          ^
../src/bitmap.c:142:2: warning: implicit declaration of function 'GetHdmiImagePointer' [-Wimplicit-function-declaration]
  BitmapToRGB(&bmp,GetHdmiImagePointer());
  ^
../src/bitmap.c:142:19: warning: passing argument 2 of 'BitmapToRGB' makes pointer from integer without a cast
  BitmapToRGB(&bmp,GetHdmiImagePointer());
                   ^
../src/bitmap.c:91:6: note: expected 'u32 *' but argument is of type 'int'
 void BitmapToRGB(BMP *bmp, u32* rawHDMIData)
      ^
Finished building: ../src/bitmap.c
 
Building target: tp2.elf
Invoking: ARM gcc linker
arm-xilinx-eabi-gcc -L"C:\Temp\tp2Code\adv7511_zed.sdk\tp2\lib" -Wl,-T -Wl,../src/lscript.ld -L../../bsp/ps7_cortexa9_0/lib -o "tp2.elf"  ./src/bitmap.o ./src/cf_hdmi.o ./src/main.o ./src/transmitter.o   -lHDMI_ZedBoardLib -Wl,--start-group,-lxil,-lgcc,-lc,--end-group -Wl,--start-group,-lxilffs,-lxil,-lgcc,-lc,--end-group
Finished building target: tp2.elf
 
Invoking: ARM Print Size
arm-xilinx-eabi-size tp2.elf  |tee "tp2.elf.size"
   text	   data	    bss	    dec	    hex	filename
 126072	   1972	 228224	 356268	  56fac	tp2.elf
Finished building: tp2.elf.size
 
15:25:43 **** Auto Build of configuration Debug for project tp2 ****
make all 
Building file: ../src/bitmap.c
Invoking: ARM gcc compiler
[...]
Invoking: ARM gcc compiler
arm-xilinx-eabi-gcc -Wall -O0 -g3 -I"C:\Temp\tp2Code\adv7511_zed.sdk\tp2\inc" -c -fmessage-length=0 -MT"src/main.o" -I../../bsp/ps7_cortexa9_0/include -MMD -MP -MF"src/main.d" -MT"src/main.d" -o "src/main.o" "../src/main.c"
In file included from ../src/main.c:46:0:
../../bsp/ps7_cortexa9_0/include/xbasic_types.h:115:2: warning: #warning The xbasics_type.h file is deprecated and users should use xil_types.h and xil_assert. [-Wcpp]
 #warning  The xbasics_type.h file is deprecated and users should use xil_types.h and xil_assert.
  ^
../../bsp/ps7_cortexa9_0/include/xbasic_types.h:116:2: warning: #warning Please refer the Standalone BSP UG647 for further details [-Wcpp]
 #warning  Please refer the Standalone BSP UG647 for further details
  ^
Finished building: ../src/main.c
 
Building target: tp2.elf
Invoking: ARM gcc linker
arm-xilinx-eabi-gcc -L"C:\Temp\tp2Code\adv7511_zed.sdk\tp2\lib" -Wl,-T -Wl,../src/lscript.ld -L../../bsp/ps7_cortexa9_0/lib -o "tp2.elf"  ./src/bitmap.o ./src/cf_hdmi.o ./src/main.o ./src/transmitter.o   -lHDMI_ZedBoardLib -Wl,--start-group,-lxil,-lgcc,-lc,--end-group -Wl,--start-group,-lxilffs,-lxil,-lgcc,-lc,--end-group
Finished building target: tp2.elf
 
Invoking: ARM Print Size
arm-xilinx-eabi-size tp2.elf  |tee "tp2.elf.size"
   text	   data	    bss	    dec	    hex	filename
 126024	   1972	35383328	35511324	21ddc1c	tp2.elf
Finished building: tp2.elf.size
 
18:26:59 **** Auto Build of configuration Debug for project tp2 ****
make all 
Building file: ../src/cf_hdmi.c
Invoking: ARM gcc compiler
arm-xilinx-eabi-gcc -Wall -O0 -g3 -I"C:\Temp\tp2Code\adv7511_zed.sdk\tp2\inc" -c -fmessage-length=0 -MT"src/cf_hdmi.o" -I../../bsp/ps7_cortexa9_0/include -MMD -MP -MF"src/cf_hdmi.d" -MT"src/cf_hdmi.d" -o "src/cf_hdmi.o" "../src/cf_hdmi.c"
Finished building: ../src/cf_hdmi.c
 
Building target: tp2.elf
Invoking: ARM gcc linker
arm-xilinx-eabi-gcc -L"C:\Temp\tp2Code\adv7511_zed.sdk\tp2\lib" -Wl,-T -Wl,../src/lscript.ld -L../../bsp/ps7_cortexa9_0/lib -o "tp2.elf"  ./src/bitmap.o ./src/cf_hdmi.o ./src/main.o ./src/transmitter.o   -lHDMI_ZedBoardLib -Wl,--start-group,-lxil,-lgcc,-lc,--end-group -Wl,--start-group,-lxilffs,-lxil,-lgcc,-lc,--end-group
Finished building target: tp2.elf
 
Invoking: ARM Print Size
arm-xilinx-eabi-size tp2.elf  |tee "tp2.elf.size"
   text	   data	    bss	    dec	    hex	filename
 126024	   1972	35383328	35511324	21ddc1c	tp2.elf
Finished building: tp2.elf.size
 
18:27:03 **** Auto Build of configuration Debug for project tp2 ****
make all 
Building file: ../src/cf_hdmi.c
Invoking: ARM gcc compiler
arm-xilinx-eabi-gcc -Wall -O0 -g3 -I"C:\Temp\tp2Code\adv7511_zed.sdk\tp2\inc" -c -fmessage-length=0 -MT"src/cf_hdmi.o" -I../../bsp/ps7_cortexa9_0/include -MMD -MP -MF"src/cf_hdmi.d" -MT"src/cf_hdmi.d" -o "src/cf_hdmi.o" "../src/cf_hdmi.c"
Finished building: ../src/cf_hdmi.c
 
Building target: tp2.elf
Invoking: ARM gcc linker
arm-xilinx-eabi-gcc -L"C:\Temp\tp2Code\adv7511_zed.sdk\tp2\lib" -Wl,-T -Wl,../src/lscript.ld -L../../bsp/ps7_cortexa9_0/lib -o "tp2.elf"  ./src/bitmap.o ./src/cf_hdmi.o ./src/main.o ./src/transmitter.o   -lHDMI_ZedBoardLib -Wl,--start-group,-lxil,-lgcc,-lc,--end-group -Wl,--start-group,-lxilffs,-lxil,-lgcc,-lc,--end-group
Finished building target: tp2.elf
 
Invoking: ARM Print Size
arm-xilinx-eabi-size tp2.elf  |tee "tp2.elf.size"
   text	   data	    bss	    dec	    hex	filename
 126024	   1972	35383328	35511324	21ddc1c	tp2.elf
Finished building: tp2.elf.size
 
18:27:04 **** Incremental Build of configuration Debug for project tp2 ****
make all 
make: Rien à faire pour « all ».
18:27:56 **** Auto Build of configuration Debug for project tp2 ****
make all 
Building file: ../src/cf_hdmi.c
Invoking: ARM gcc compiler
arm-xilinx-eabi-gcc -Wall -O0 -g3 -I"C:\Temp\tp2Code\adv7511_zed.sdk\tp2\inc" -c -fmessage-length=0 -MT"src/cf_hdmi.o" -I../../bsp/ps7_cortexa9_0/include -MMD -MP -MF"src/cf_hdmi.d" -MT"src/cf_hdmi.d" -o "src/cf_hdmi.o" "../src/cf_hdmi.c"
../src/cf_hdmi.c: In function 'SetHdmiImageLenght':
../src/cf_hdmi.c:70:2: error: 'currentImageLength' undeclared (first use in this function)
  currentImageLength = length;
  ^
../src/cf_hdmi.c:70:2: note: each undeclared identifier is reported only once for each function it appears in
../src/cf_hdmi.c: In function 'GetHdmiImagePointer':
../src/cf_hdmi.c:76:9: error: 'currentImage' undeclared (first use in this function)
  return currentImage;
         ^
../src/cf_hdmi.c: In function 'DDRVideoWr':
../src/cf_hdmi.c:154:26: error: 'currentImageLength' undeclared (first use in this function)
   for(index = 0; index < currentImageLength; index++)
                          ^
../src/cf_hdmi.c:156:40: error: 'currentImage' undeclared (first use in this function)
    for (repetition = 0; repetition < ((currentImage[index]>>24) & 0xff); repetition++)
                                        ^
../src/cf_hdmi.c: In function 'GetHdmiImagePointer':
../src/cf_hdmi.c:77:1: warning: control reaches end of non-void function [-Wreturn-type]
 }
 ^
make: *** [src/cf_hdmi.o] Erreur 1
18:28:24 **** Auto Build of configuration Debug for project tp2 ****
make all 
Building file: ../src/cf_hdmi.c
Invoking: ARM gcc compiler
arm-xilinx-eabi-gcc -Wall -O0 -g3 -I"C:\Temp\tp2Code\adv7511_zed.sdk\tp2\inc" -c -fmessage-length=0 -MT"src/cf_hdmi.o" -I../../bsp/ps7_cortexa9_0/include -MMD -MP -MF"src/cf_hdmi.d" -MT"src/cf_hdmi.d" -o "src/cf_hdmi.o" "../src/cf_hdmi.c"
Finished building: ../src/cf_hdmi.c
 
Building target: tp2.elf
Invoking: ARM gcc linker
arm-xilinx-eabi-gcc -L"C:\Temp\tp2Code\adv7511_zed.sdk\tp2\lib" -Wl,-T -Wl,../src/lscript.ld -L../../bsp/ps7_cortexa9_0/lib -o "tp2.elf"  ./src/bitmap.o ./src/cf_hdmi.o ./src/main.o ./src/transmitter.o   -lHDMI_ZedBoardLib -Wl,--start-group,-lxil,-lgcc,-lc,--end-group -Wl,--start-group,-lxilffs,-lxil,-lgcc,-lc,--end-group
Finished building target: tp2.elf
 
Invoking: ARM Print Size
arm-xilinx-eabi-size tp2.elf  |tee "tp2.elf.size"
   text	   data	    bss	    dec	    hex	filename
 126024	   1972	35383328	35511324	21ddc1c	tp2.elf
Finished building: tp2.elf.size
 
18:28:27 **** Incremental Build of configuration Debug for project tp2 ****
make all 
make: Rien à faire pour « all ».
18:41:10 **** Incremental Build of configuration Debug for project tp2 ****
make all 
make: Rien à faire pour « all ».
18:45:59 **** Incremental Build of configuration Debug for project tp2 ****
make all 
make: Rien à faire pour « all ».
18:46:44 **** Auto Build of configuration Debug for project tp2 ****
make all 
Building file: ../src/cf_hdmi.c
Invoking: ARM gcc compiler
arm-xilinx-eabi-gcc -Wall -O0 -g3 -I"C:\Temp\tp2Code\adv7511_zed.sdk\tp2\inc" -c -fmessage-length=0 -MT"src/cf_hdmi.o" -I../../bsp/ps7_cortexa9_0/include -MMD -MP -MF"src/cf_hdmi.d" -MT"src/cf_hdmi.d" -o "src/cf_hdmi.o" "../src/cf_hdmi.c"
Finished building: ../src/cf_hdmi.c
 
Building target: tp2.elf
Invoking: ARM gcc linker
arm-xilinx-eabi-gcc -L"C:\Temp\tp2Code\adv7511_zed.sdk\tp2\lib" -Wl,-T -Wl,../src/lscript.ld -L../../bsp/ps7_cortexa9_0/lib -o "tp2.elf"  ./src/bitmap.o ./src/cf_hdmi.o ./src/main.o ./src/transmitter.o   -lHDMI_ZedBoardLib -Wl,--start-group,-lxil,-lgcc,-lc,--end-group -Wl,--start-group,-lxilffs,-lxil,-lgcc,-lc,--end-group
Finished building target: tp2.elf
 
Invoking: ARM Print Size
arm-xilinx-eabi-size tp2.elf  |tee "tp2.elf.size"
   text	   data	    bss	    dec	    hex	filename
 126024	   1972	35383328	35511324	21ddc1c	tp2.elf
Finished building: tp2.elf.size
 
18:46:49 **** Incremental Build of configuration Debug for project tp2 ****
make all 
make: Rien à faire pour « all ».
18:51:02 **** Auto Build of configuration Debug for project tp2 ****
make all 
Building file: ../src/cf_hdmi.c
Invoking: ARM gcc compiler
arm-xilinx-eabi-gcc -Wall -O0 -g3 -I"C:\Temp\tp2Code\adv7511_zed.sdk\tp2\inc" -c -fmessage-length=0 -MT"src/cf_hdmi.o" -I../../bsp/ps7_cortexa9_0/include -MMD -MP -MF"src/cf_hdmi.d" -MT"src/cf_hdmi.d" -o "src/cf_hdmi.o" "../src/cf_hdmi.c"
../src/cf_hdmi.c: In function 'DDRVideoWr':
../src/cf_hdmi.c:157:41: error: 'IMG_DATA' undeclared (first use in this function)
     for (repetition = 0; repetition < ((IMG_DATA[index]>>24) & 0xff); repetition++)
                                         ^
../src/cf_hdmi.c:157:41: note: each undeclared identifier is reported only once for each function it appears in
make: *** [src/cf_hdmi.o] Erreur 1
18:51:37 **** Incremental Build of configuration Debug for project tp2 ****
make all 
Building file: ../src/cf_hdmi.c
Invoking: ARM gcc compiler
arm-xilinx-eabi-gcc -Wall -O0 -g3 -I"C:\Temp\tp2Code\adv7511_zed.sdk\tp2\inc" -c -fmessage-length=0 -MT"src/cf_hdmi.o" -I../../bsp/ps7_cortexa9_0/include -MMD -MP -MF"src/cf_hdmi.d" -MT"src/cf_hdmi.d" -o "src/cf_hdmi.o" "../src/cf_hdmi.c"
../src/cf_hdmi.c: In function 'DDRVideoWr':
../src/cf_hdmi.c:157:41: error: 'IMG_DATA' undeclared (first use in this function)
     for (repetition = 0; repetition < ((IMG_DATA[index]>>24) & 0xff); repetition++)
                                         ^
../src/cf_hdmi.c:157:41: note: each undeclared identifier is reported only once for each function it appears in
make: *** [src/cf_hdmi.o] Erreur 1
18:52:20 **** Auto Build of configuration Debug for project tp2 ****
make all 
Building file: ../src/cf_hdmi.c
Invoking: ARM gcc compiler
arm-xilinx-eabi-gcc -Wall -O0 -g3 -I"C:\Temp\tp2Code\adv7511_zed.sdk\tp2\inc" -c -fmessage-length=0 -MT"src/cf_hdmi.o" -I../../bsp/ps7_cortexa9_0/include -MMD -MP -MF"src/cf_hdmi.d" -MT"src/cf_hdmi.d" -o "src/cf_hdmi.o" "../src/cf_hdmi.c"
Finished building: ../src/cf_hdmi.c
 
Building target: tp2.elf
Invoking: ARM gcc linker
arm-xilinx-eabi-gcc -L"C:\Temp\tp2Code\adv7511_zed.sdk\tp2\lib" -Wl,-T -Wl,../src/lscript.ld -L../../bsp/ps7_cortexa9_0/lib -o "tp2.elf"  ./src/bitmap.o ./src/cf_hdmi.o ./src/main.o ./src/transmitter.o   -lHDMI_ZedBoardLib -Wl,--start-group,-lxil,-lgcc,-lc,--end-group -Wl,--start-group,-lxilffs,-lxil,-lgcc,-lc,--end-group
Finished building target: tp2.elf
 
Invoking: ARM Print Size
arm-xilinx-eabi-size tp2.elf  |tee "tp2.elf.size"
   text	   data	    bss	    dec	    hex	filename
 126024	   1972	35383328	35511324	21ddc1c	tp2.elf
Finished building: tp2.elf.size
 
18:59:57 **** Auto Build of configuration Debug for project tp2 ****
make all 
Building file: ../src/bitmap.c
Invoking: ARM gcc compiler
arm-xilinx-eabi-gcc -Wall -O0 -g3 -I"C:\Temp\tp2Code\adv7511_zed.sdk\tp2\inc" -c -fmessage-length=0 -MT"src/bitmap.o" -I../../bsp/ps7_cortexa9_0/include -MMD -MP -MF"src/bitmap.d" -MT"src/bitmap.d" -o "src/bitmap.o" "../src/bitmap.c"
../src/bitmap.c: In function 'ReadBitmapFile':
../src/bitmap.c:143:10: warning: 'return' with a value, in function returning void
  if (fr) return (int)fr;
          ^
../src/bitmap.c:149:2: warning: implicit declaration of function 'xilprintf' [-Wimplicit-function-declaration]
  xilprintf(bmp.Width);
  ^
Finished building: ../src/bitmap.c
 
Building target: tp2.elf
Invoking: ARM gcc linker
arm-xilinx-eabi-gcc -L"C:\Temp\tp2Code\adv7511_zed.sdk\tp2\lib" -Wl,-T -Wl,../src/lscript.ld -L../../bsp/ps7_cortexa9_0/lib -o "tp2.elf"  ./src/bitmap.o ./src/cf_hdmi.o ./src/main.o ./src/transmitter.o   -lHDMI_ZedBoardLib -Wl,--start-group,-lxil,-lgcc,-lc,--end-group -Wl,--start-group,-lxilffs,-lxil,-lgcc,-lc,--end-group
./src/bitmap.o: In function `ReadBitmapFile':
C:\Temp\tp2Code\adv7511_zed.sdk\tp2\Debug/../src/bitmap.c:149: undefined reference to `xilprintf'
collect2.exe: error: ld returned 1 exit status
make: *** [tp2.elf] Erreur 1
19:00:26 **** Auto Build of configuration Debug for project tp2 ****
make all 
Building file: ../src/bitmap.c
Invoking: ARM gcc compiler
arm-xilinx-eabi-gcc -Wall -O0 -g3 -I"C:\Temp\tp2Code\adv7511_zed.sdk\tp2\inc" -c -fmessage-length=0 -MT"src/bitmap.o" -I../../bsp/ps7_cortexa9_0/include -MMD -MP -MF"src/bitmap.d" -MT"src/bitmap.d" -o "src/bitmap.o" "../src/bitmap.c"
../src/bitmap.c: In function 'ReadBitmapFile':
../src/bitmap.c:143:10: warning: 'return' with a value, in function returning void
  if (fr) return (int)fr;
          ^
../src/bitmap.c:149:2: warning: implicit declaration of function 'xilrintf' [-Wimplicit-function-declaration]
  xilrintf("%s", bmp.Width);
  ^
Finished building: ../src/bitmap.c
 
Building target: tp2.elf
Invoking: ARM gcc linker
arm-xilinx-eabi-gcc -L"C:\Temp\tp2Code\adv7511_zed.sdk\tp2\lib" -Wl,-T -Wl,../src/lscript.ld -L../../bsp/ps7_cortexa9_0/lib -o "tp2.elf"  ./src/bitmap.o ./src/cf_hdmi.o ./src/main.o ./src/transmitter.o   -lHDMI_ZedBoardLib -Wl,--start-group,-lxil,-lgcc,-lc,--end-group -Wl,--start-group,-lxilffs,-lxil,-lgcc,-lc,--end-group
./src/bitmap.o: In function `ReadBitmapFile':
C:\Temp\tp2Code\adv7511_zed.sdk\tp2\Debug/../src/bitmap.c:149: undefined reference to `xilrintf'
collect2.exe: error: ld returned 1 exit status
make: *** [tp2.elf] Erreur 1
19:00:30 **** Auto Build of configuration Debug for project tp2 ****
make all 
Building file: ../src/bitmap.c
Invoking: ARM gcc compiler
arm-xilinx-eabi-gcc -Wall -O0 -g3 -I"C:\Temp\tp2Code\adv7511_zed.sdk\tp2\inc" -c -fmessage-length=0 -MT"src/bitmap.o" -I../../bsp/ps7_cortexa9_0/include -MMD -MP -MF"src/bitmap.d" -MT"src/bitmap.d" -o "src/bitmap.o" "../src/bitmap.c"
../src/bitmap.c: In function 'ReadBitmapFile':
../src/bitmap.c:143:10: warning: 'return' with a value, in function returning void
  if (fr) return (int)fr;
          ^
../src/bitmap.c:149:2: warning: implicit declaration of function 'xilprintf' [-Wimplicit-function-declaration]
  xilprintf("%s", bmp.Width);
  ^
Finished building: ../src/bitmap.c
 
Building target: tp2.elf
Invoking: ARM gcc linker
arm-xilinx-eabi-gcc -L"C:\Temp\tp2Code\adv7511_zed.sdk\tp2\lib" -Wl,-T -Wl,../src/lscript.ld -L../../bsp/ps7_cortexa9_0/lib -o "tp2.elf"  ./src/bitmap.o ./src/cf_hdmi.o ./src/main.o ./src/transmitter.o   -lHDMI_ZedBoardLib -Wl,--start-group,-lxil,-lgcc,-lc,--end-group -Wl,--start-group,-lxilffs,-lxil,-lgcc,-lc,--end-group
./src/bitmap.o: In function `ReadBitmapFile':
C:\Temp\tp2Code\adv7511_zed.sdk\tp2\Debug/../src/bitmap.c:149: undefined reference to `xilprintf'
collect2.exe: error: ld returned 1 exit status
make: *** [tp2.elf] Erreur 1
19:00:36 **** Auto Build of configuration Debug for project tp2 ****
make all 
Building file: ../src/bitmap.c
Invoking: ARM gcc compiler
arm-xilinx-eabi-gcc -Wall -O0 -g3 -I"C:\Temp\tp2Code\adv7511_zed.sdk\tp2\inc" -c -fmessage-length=0 -MT"src/bitmap.o" -I../../bsp/ps7_cortexa9_0/include -MMD -MP -MF"src/bitmap.d" -MT"src/bitmap.d" -o "src/bitmap.o" "../src/bitmap.c"
../src/bitmap.c: In function 'ReadBitmapFile':
../src/bitmap.c:143:10: warning: 'return' with a value, in function returning void
  if (fr) return (int)fr;
          ^
../src/bitmap.c:149:2: warning: implicit declaration of function 'xilprintf' [-Wimplicit-function-declaration]
  xilprintf("%d", bmp.Width);
  ^
Finished building: ../src/bitmap.c
 
Building target: tp2.elf
Invoking: ARM gcc linker
arm-xilinx-eabi-gcc -L"C:\Temp\tp2Code\adv7511_zed.sdk\tp2\lib" -Wl,-T -Wl,../src/lscript.ld -L../../bsp/ps7_cortexa9_0/lib -o "tp2.elf"  ./src/bitmap.o ./src/cf_hdmi.o ./src/main.o ./src/transmitter.o   -lHDMI_ZedBoardLib -Wl,--start-group,-lxil,-lgcc,-lc,--end-group -Wl,--start-group,-lxilffs,-lxil,-lgcc,-lc,--end-group
./src/bitmap.o: In function `ReadBitmapFile':
C:\Temp\tp2Code\adv7511_zed.sdk\tp2\Debug/../src/bitmap.c:149: undefined reference to `xilprintf'
collect2.exe: error: ld returned 1 exit status
make: *** [tp2.elf] Erreur 1
19:00:47 **** Auto Build of configuration Debug for project tp2 ****
make all 
Building file: ../src/bitmap.c
Invoking: ARM gcc compiler
arm-xilinx-eabi-gcc -Wall -O0 -g3 -I"C:\Temp\tp2Code\adv7511_zed.sdk\tp2\inc" -c -fmessage-length=0 -MT"src/bitmap.o" -I../../bsp/ps7_cortexa9_0/include -MMD -MP -MF"src/bitmap.d" -MT"src/bitmap.d" -o "src/bitmap.o" "../src/bitmap.c"
../src/bitmap.c: In function 'ReadBitmapFile':
../src/bitmap.c:143:10: warning: 'return' with a value, in function returning void
  if (fr) return (int)fr;
          ^
../src/bitmap.c:149:2: warning: implicit declaration of function 'xilPrintf' [-Wimplicit-function-declaration]
  xilPrintf("%d", bmp.Width);
  ^
Finished building: ../src/bitmap.c
 
Building target: tp2.elf
Invoking: ARM gcc linker
arm-xilinx-eabi-gcc -L"C:\Temp\tp2Code\adv7511_zed.sdk\tp2\lib" -Wl,-T -Wl,../src/lscript.ld -L../../bsp/ps7_cortexa9_0/lib -o "tp2.elf"  ./src/bitmap.o ./src/cf_hdmi.o ./src/main.o ./src/transmitter.o   -lHDMI_ZedBoardLib -Wl,--start-group,-lxil,-lgcc,-lc,--end-group -Wl,--start-group,-lxilffs,-lxil,-lgcc,-lc,--end-group
./src/bitmap.o: In function `ReadBitmapFile':
C:\Temp\tp2Code\adv7511_zed.sdk\tp2\Debug/../src/bitmap.c:149: undefined reference to `xilPrintf'
collect2.exe: error: ld returned 1 exit status
make: *** [tp2.elf] Erreur 1
19:00:56 **** Auto Build of configuration Debug for project tp2 ****
make all 
Building file: ../src/bitmap.c
Invoking: ARM gcc compiler
arm-xilinx-eabi-gcc -Wall -O0 -g3 -I"C:\Temp\tp2Code\adv7511_zed.sdk\tp2\inc" -c -fmessage-length=0 -MT"src/bitmap.o" -I../../bsp/ps7_cortexa9_0/include -MMD -MP -MF"src/bitmap.d" -MT"src/bitmap.d" -o "src/bitmap.o" "../src/bitmap.c"
../src/bitmap.c: In function 'ReadBitmapFile':
../src/bitmap.c:143:10: warning: 'return' with a value, in function returning void
  if (fr) return (int)fr;
          ^
Finished building: ../src/bitmap.c
 
Building target: tp2.elf
Invoking: ARM gcc linker
arm-xilinx-eabi-gcc -L"C:\Temp\tp2Code\adv7511_zed.sdk\tp2\lib" -Wl,-T -Wl,../src/lscript.ld -L../../bsp/ps7_cortexa9_0/lib -o "tp2.elf"  ./src/bitmap.o ./src/cf_hdmi.o ./src/main.o ./src/transmitter.o   -lHDMI_ZedBoardLib -Wl,--start-group,-lxil,-lgcc,-lc,--end-group -Wl,--start-group,-lxilffs,-lxil,-lgcc,-lc,--end-group
Finished building target: tp2.elf
 
Invoking: ARM Print Size
arm-xilinx-eabi-size tp2.elf  |tee "tp2.elf.size"
   text	   data	    bss	    dec	    hex	filename
 126088	   1972	35383328	35511388	21ddc5c	tp2.elf
Finished building: tp2.elf.size
 
19:01:00 **** Incremental Build of configuration Debug for project tp2 ****
make all 
make: Rien à faire pour « all ».
19:02:47 **** Auto Build of configuration Debug for project tp2 ****
make all 
Building file: ../src/bitmap.c
Invoking: ARM gcc compiler
arm-xilinx-eabi-gcc -Wall -O0 -g3 -I"C:\Temp\tp2Code\adv7511_zed.sdk\tp2\inc" -c -fmessage-length=0 -MT"src/bitmap.o" -I../../bsp/ps7_cortexa9_0/include -MMD -MP -MF"src/bitmap.d" -MT"src/bitmap.d" -o "src/bitmap.o" "../src/bitmap.c"
../src/bitmap.c: In function 'ReadBitmapFile':
../src/bitmap.c:143:10: warning: 'return' with a value, in function returning void
  if (fr) return (int)fr;
          ^
Finished building: ../src/bitmap.c
 
Building target: tp2.elf
Invoking: ARM gcc linker
arm-xilinx-eabi-gcc -L"C:\Temp\tp2Code\adv7511_zed.sdk\tp2\lib" -Wl,-T -Wl,../src/lscript.ld -L../../bsp/ps7_cortexa9_0/lib -o "tp2.elf"  ./src/bitmap.o ./src/cf_hdmi.o ./src/main.o ./src/transmitter.o   -lHDMI_ZedBoardLib -Wl,--start-group,-lxil,-lgcc,-lc,--end-group -Wl,--start-group,-lxilffs,-lxil,-lgcc,-lc,--end-group
Finished building target: tp2.elf
 
Invoking: ARM Print Size
arm-xilinx-eabi-size tp2.elf  |tee "tp2.elf.size"
   text	   data	    bss	    dec	    hex	filename
 126088	   1972	35383328	35511388	21ddc5c	tp2.elf
Finished building: tp2.elf.size
 
19:02:49 **** Incremental Build of configuration Debug for project tp2 ****
make all 
make: Rien à faire pour « all ».
19:03:14 **** Incremental Build of configuration Debug for project tp2 ****
make all 
make: Rien à faire pour « all ».
19:03:44 **** Incremental Build of configuration Debug for project tp2 ****
make all 
make: Rien à faire pour « all ».
19:03:51 **** Incremental Build of configuration Debug for project tp2 ****
make all 
make: Rien à faire pour « all ».
19:04:21 **** Incremental Build of configuration Debug for project tp2 ****
make all 
make: Rien à faire pour « all ».
19:05:17 **** Incremental Build of configuration Debug for project tp2 ****
make all 
make: Rien à faire pour « all ».
